Component: ARM Compiler 5.06 update 6 (build 750) Tool: armlink [4d35ed]

==============================================================================

Section Cross References

    main.o(.text) refers to touch.o(.text) for TP_Draw_Big_Point
    main.o(.text) refers to lcd.o(.text) for LCD_Fast_DrawPoint
    main.o(.text) refers to lv_hal_disp.o(.text) for lv_disp_flush_ready
    main.o(.text) refers to lv_mbox.o(.text) for lv_mbox_create
    main.o(.text) refers to lv_obj.o(.text) for lv_obj_set_width
    main.o(.text) refers to misc.o(.text) for NVIC_PriorityGroupConfig
    main.o(.text) refers to delay.o(.text) for delay_init
    main.o(.text) refers to usart.o(.text) for uart_init
    main.o(.text) refers to timer.o(.text) for TIM3_Int_Init
    main.o(.text) refers to lv_hal_indev.o(.text) for lv_indev_drv_init
    main.o(.text) refers to lv_btn.o(.text) for lv_btn_create
    main.o(.text) refers to lv_label.o(.text) for lv_label_create
    main.o(.text) refers to lv_task.o(.text) for lv_task_handler
    main.o(.text) refers to lv_disp.o(.text) for lv_disp_get_scr_act
    main.o(.text) refers to touch.o(.data) for tp_dev
    main.o(.text) refers to lcd.o(.bss) for lcddev
    main.o(.text) refers to main.o(.data) for last_x
    main.o(.text) refers to lcd.o(.data) for POINT_COLOR
    main.o(.text) refers to main.o(.bss) for buf
    main.o(.data) refers to main.o(.conststring) for .conststring
    system_stm32f4xx.o(.text) refers to system_stm32f4xx.o(.data) for SystemCoreClock
    lcd.o(.text) refers to _printf_percent.o(.ARM.Collect$$_printf_percent$$00000000) for _printf_percent
    lcd.o(.text) refers to _printf_x.o(.ARM.Collect$$_printf_percent$$0000000C) for _printf_x
    lcd.o(.text) refers to _printf_hex_int.o(.text) for _printf_longlong_hex
    lcd.o(.text) refers to delay.o(.text) for delay_us
    lcd.o(.text) refers to lcd.o(.bss) for lcddev
    lcd.o(.text) refers to lcd.o(.data) for POINT_COLOR
    lcd.o(.text) refers to dflt_clz.o(x$fpl$dfltu) for __aeabi_ui2d
    lcd.o(.text) refers to dmul.o(x$fpl$dmul) for __aeabi_dmul
    lcd.o(.text) refers to dfixu.o(x$fpl$dfixu) for __aeabi_d2uiz
    lcd.o(.text) refers to stm32f4xx_rcc.o(.text) for RCC_AHB1PeriphClockCmd
    lcd.o(.text) refers to stm32f4xx_gpio.o(.text) for GPIO_Init
    lcd.o(.text) refers to stm32f4xx_fsmc.o(.text) for FSMC_NORSRAMInit
    lcd.o(.text) refers to noretval__2printf.o(.text) for __2printf
    lcd.o(.text) refers to lcd.o(.constdata) for asc2_1206
    myiic.o(.text) refers to stm32f4xx_rcc.o(.text) for RCC_AHB1PeriphClockCmd
    myiic.o(.text) refers to stm32f4xx_gpio.o(.text) for GPIO_Init
    myiic.o(.text) refers to delay.o(.text) for delay_us
    24cxx.o(.text) refers to myiic.o(.text) for IIC_Init
    24cxx.o(.text) refers to delay.o(.text) for delay_ms
    ctiic.o(.text) refers to delay.o(.text) for delay_us
    ctiic.o(.text) refers to stm32f4xx_rcc.o(.text) for RCC_AHB1PeriphClockCmd
    ctiic.o(.text) refers to stm32f4xx_gpio.o(.text) for GPIO_Init
    gt9147.o(.text) refers to _printf_percent.o(.ARM.Collect$$_printf_percent$$00000000) for _printf_percent
    gt9147.o(.text) refers to _printf_s.o(.ARM.Collect$$_printf_percent$$00000014) for _printf_s
    gt9147.o(.text) refers to _printf_str.o(.text) for _printf_str
    gt9147.o(.text) refers to _printf_d.o(.ARM.Collect$$_printf_percent$$00000009) for _printf_d
    gt9147.o(.text) refers to _printf_dec.o(.text) for _printf_int_dec
    gt9147.o(.text) refers to ctiic.o(.text) for CT_IIC_Start
    gt9147.o(.text) refers to stm32f4xx_rcc.o(.text) for RCC_AHB1PeriphClockCmd
    gt9147.o(.text) refers to stm32f4xx_gpio.o(.text) for GPIO_Init
    gt9147.o(.text) refers to delay.o(.text) for delay_ms
    gt9147.o(.text) refers to noretval__2printf.o(.text) for __2printf
    gt9147.o(.text) refers to strcmpv7m.o(.text) for strcmp
    gt9147.o(.text) refers to gt9147.o(.constdata) for GT9147_CFG_TBL
    gt9147.o(.text) refers to gt9147.o(.data) for t
    gt9147.o(.text) refers to touch.o(.data) for tp_dev
    gt9147.o(.text) refers to lcd.o(.bss) for lcddev
    ott2001a.o(.text) refers to _printf_percent.o(.ARM.Collect$$_printf_percent$$00000000) for _printf_percent
    ott2001a.o(.text) refers to _printf_x.o(.ARM.Collect$$_printf_percent$$0000000C) for _printf_x
    ott2001a.o(.text) refers to _printf_hex_int.o(.text) for _printf_longlong_hex
    ott2001a.o(.text) refers to ctiic.o(.text) for CT_IIC_Start
    ott2001a.o(.text) refers to stm32f4xx_rcc.o(.text) for RCC_AHB1PeriphClockCmd
    ott2001a.o(.text) refers to stm32f4xx_gpio.o(.text) for GPIO_Init
    ott2001a.o(.text) refers to delay.o(.text) for delay_ms
    ott2001a.o(.text) refers to noretval__2printf.o(.text) for __2printf
    ott2001a.o(.text) refers to dflt_clz.o(x$fpl$dflt) for __aeabi_i2d
    ott2001a.o(.text) refers to dmul.o(x$fpl$dmul) for __aeabi_dmul
    ott2001a.o(.text) refers to dfixu.o(x$fpl$dfixu) for __aeabi_d2uiz
[...]
    lv_group_create                          0x08009de7   Thumb Code   126  lv_group.o(.text)
    lv_group_del                             0x08009e65   Thumb Code    80  lv_group.o(.text)
    lv_group_focus_prev                      0x08009fd7   Thumb Code    16  lv_group.o(.text)
    lv_group_focus_next                      0x08009fe7   Thumb Code    16  lv_group.o(.text)
    lv_group_add_obj                         0x0800a06f   Thumb Code   124  lv_group.o(.text)
    lv_group_remove_obj                      0x0800a0eb   Thumb Code   136  lv_group.o(.text)
    lv_group_remove_all_objs                 0x0800a173   Thumb Code    70  lv_group.o(.text)
    lv_group_get_focused                     0x0800a1b9   Thumb Code    22  lv_group.o(.text)
    lv_group_set_editing                     0x0800a1cf   Thumb Code    92  lv_group.o(.text)
    lv_group_focus_obj                       0x0800a22b   Thumb Code   188  lv_group.o(.text)
    lv_group_focus_freeze                    0x0800a2e7   Thumb Code    32  lv_group.o(.text)
    lv_group_send_data                       0x0800a307   Thumb Code    62  lv_group.o(.text)
    lv_group_set_style_mod_cb                0x0800a345   Thumb Code    22  lv_group.o(.text)
    lv_group_set_style_mod_edit_cb           0x0800a35b   Thumb Code    22  lv_group.o(.text)
    lv_group_set_focus_cb                    0x0800a371   Thumb Code     4  lv_group.o(.text)
    lv_group_set_click_focus                 0x0800a375   Thumb Code    14  lv_group.o(.text)
    lv_group_set_refocus_policy              0x0800a383   Thumb Code    14  lv_group.o(.text)
    lv_group_set_wrap                        0x0800a391   Thumb Code    14  lv_group.o(.text)
    lv_group_mod_style                       0x0800a39f   Thumb Code    62  lv_group.o(.text)
    lv_group_get_style_mod_cb                0x0800a3dd   Thumb Code    12  lv_group.o(.text)
    lv_group_get_style_mod_edit_cb           0x0800a3e9   Thumb Code    12  lv_group.o(.text)
    lv_group_get_focus_cb                    0x0800a3f5   Thumb Code    12  lv_group.o(.text)
    lv_group_get_editing                     0x0800a401   Thumb Code    18  lv_group.o(.text)
    lv_group_get_click_focus                 0x0800a413   Thumb Code    18  lv_group.o(.text)
    lv_group_get_wrap                        0x0800a425   Thumb Code    18  lv_group.o(.text)
    lv_group_report_style_mod                0x0800a437   Thumb Code    58  lv_group.o(.text)
    lv_indev_reset                           0x0800a475   Thumb Code    62  lv_indev.o(.text)
    lv_indev_init                            0x0800a4b3   Thumb Code    10  lv_indev.o(.text)
    lv_indev_read_task                       0x0800b66f   Thumb Code   250  lv_indev.o(.text)
    lv_indev_get_act                         0x0800b769   Thumb Code     6  lv_indev.o(.text)
    lv_indev_get_type                        0x0800b76f   Thumb Code    12  lv_indev.o(.text)
    lv_indev_reset_long_press                0x0800b77b   Thumb Code    30  lv_indev.o(.text)
    lv_indev_enable                          0x0800b799   Thumb Code    22  lv_indev.o(.text)
    lv_indev_set_cursor                      0x0800b7af   Thumb Code    50  lv_indev.o(.text)
    lv_indev_set_group                       0x0800b7e1   Thumb Code    16  lv_indev.o(.text)
    lv_indev_set_button_points               0x0800b7f1   Thumb Code    10  lv_indev.o(.text)
    lv_indev_get_point                       0x0800b7fb   Thumb Code    32  lv_indev.o(.text)
    lv_indev_get_key                         0x0800b81b   Thumb Code    16  lv_indev.o(.text)
    lv_indev_is_dragging                     0x0800b82b   Thumb Code    34  lv_indev.o(.text)
    lv_indev_get_vect                        0x0800b84d   Thumb Code    42  lv_indev.o(.text)
    lv_indev_wait_release                    0x0800b877   Thumb Code    16  lv_indev.o(.text)
    lv_indev_get_read_task                   0x0800b887   Thumb Code    12  lv_indev.o(.text)
    lv_indev_get_obj_act                     0x0800b893   Thumb Code     6  lv_indev.o(.text)
    lv_init                                  0x0800b8a1   Thumb Code    80  lv_obj.o(.text)
    lv_deinit                                0x0800b8f1   Thumb Code    24  lv_obj.o(.text)
    lv_obj_get_parent                        0x0800b909   Thumb Code    30  lv_obj.o(.text)
    lv_obj_get_hidden                        0x0800b927   Thumb Code    36  lv_obj.o(.text)
    lv_obj_get_screen                        0x0800b94b   Thumb Code    48  lv_obj.o(.text)
    lv_obj_get_disp                          0x0800b97b   Thumb Code   110  lv_obj.o(.text)
    lv_obj_invalidate                        0x0800b9e9   Thumb Code   228  lv_obj.o(.text)
    lv_obj_get_coords                        0x0800bb1d   Thumb Code    40  lv_obj.o(.text)
    lv_obj_set_pos                           0x0800bb45   Thumb Code   184  lv_obj.o(.text)
    lv_obj_get_y                             0x0800bbfd   Thumb Code    54  lv_obj.o(.text)
    lv_obj_get_x                             0x0800bc33   Thumb Code    54  lv_obj.o(.text)
    lv_obj_get_base_dir                      0x0800bc69   Thumb Code     6  lv_obj.o(.text)
    lv_obj_get_opa_scale                     0x0800bc6f   Thumb Code    90  lv_obj.o(.text)
    lv_obj_get_group                         0x0800bcc9   Thumb Code    32  lv_obj.o(.text)
    lv_obj_get_style                         0x0800bce9   Thumb Code   132  lv_obj.o(.text)
    lv_obj_refresh_ext_draw_pad              0x0800be33   Thumb Code    50  lv_obj.o(.text)
    lv_obj_is_protected                      0x0800be65   Thumb Code    46  lv_obj.o(.text)
    lv_obj_handle_get_type_signal            0x0800be93   Thumb Code    34  lv_obj.o(.text)
    lv_obj_create                            0x0800bf11   Thumb Code   912  lv_obj.o(.text)
    lv_event_send_func                       0x0800c2bb   Thumb Code   172  lv_obj.o(.text)
    lv_event_send                            0x0800c367   Thumb Code    60  lv_obj.o(.text)
    lv_obj_del                               0x0800c46b   Thumb Code   262  lv_obj.o(.text)
    lv_obj_del_async                         0x0800c595   Thumb Code    38  lv_obj.o(.text)
    lv_obj_get_child                         0x0800c5bb   Thumb Code    58  lv_obj.o(.text)
    lv_obj_clean                             0x0800c5f5   Thumb Code    64  lv_obj.o(.text)
    lv_obj_set_parent                        0x0800c635   Thumb Code   166  lv_obj.o(.text)
    lv_obj_move_foreground                   0x0800c6db   Thumb Code    86  lv_obj.o(.text)
    lv_obj_move_background                   0x0800c731   Thumb Code    86  lv_obj.o(.text)
    lv_obj_set_x                             0x0800c787   Thumb Code    50  lv_obj.o(.text)
    lv_obj_set_y                             0x0800c7b9   Thumb Code    50  lv_obj.o(.text)
    lv_obj_get_height                        0x0800c7eb   Thumb Code    42  lv_obj.o(.text)
    lv_obj_get_width                         0x0800c815   Thumb Code    42  lv_obj.o(.text)
    lv_obj_align                             0x0800c83f   Thumb Code   996  lv_obj.o(.text)
    lv_obj_align_origo                       0x0800cc23   Thumb Code   806  lv_obj.o(.text)
    lv_obj_realign                           0x0800cf49   Thumb Code    84  lv_obj.o(.text)
    lv_obj_set_size                          0x0800cf9d   Thumb Code   202  lv_obj.o(.text)
    lv_obj_set_width                         0x0800d067   Thumb Code    48  lv_obj.o(.text)
    lv_obj_set_height                        0x0800d097   Thumb Code    48  lv_obj.o(.text)
    lv_obj_set_auto_realign                  0x0800d0c7   Thumb Code    42  lv_obj.o(.text)
    lv_obj_set_ext_click_area                0x0800d0f1   Thumb Code    40  lv_obj.o(.text)
    lv_obj_refresh_style                     0x0800d119   Thumb Code    50  lv_obj.o(.text)
    lv_obj_set_style                         0x0800d18d   Thumb Code    66  lv_obj.o(.text)
    lv_obj_report_style_mod                  0x0800d20b   Thumb Code   102  lv_obj.o(.text)
    lv_obj_set_hidden                        0x0800d271   Thumb Code    90  lv_obj.o(.text)
    lv_obj_set_click                         0x0800d2cb   Thumb Code    46  lv_obj.o(.text)
    lv_obj_set_top                           0x0800d2f9   Thumb Code    46  lv_obj.o(.text)
    lv_obj_set_drag                          0x0800d327   Thumb Code    80  lv_obj.o(.text)
    lv_obj_set_drag_dir                      0x0800d377   Thumb Code    58  lv_obj.o(.text)
    lv_obj_set_drag_throw                    0x0800d3b1   Thumb Code    46  lv_obj.o(.text)
    lv_obj_set_drag_parent                   0x0800d3df   Thumb Code    46  lv_obj.o(.text)
    lv_obj_set_parent_event                  0x0800d40d   Thumb Code    46  lv_obj.o(.text)
    lv_signal_send                           0x0800d43b   Thumb Code    46  lv_obj.o(.text)
    lv_obj_set_base_dir                      0x0800d4a5   Thumb Code    54  lv_obj.o(.text)
    lv_obj_set_opa_scale_enable              0x0800d4db   Thumb Code    42  lv_obj.o(.text)
    lv_obj_set_opa_scale                     0x0800d505   Thumb Code    40  lv_obj.o(.text)
    lv_obj_set_protect                       0x0800d52d   Thumb Code    40  lv_obj.o(.text)
    lv_obj_clear_protect                     0x0800d555   Thumb Code    44  lv_obj.o(.text)
    lv_obj_set_event_cb                      0x0800d581   Thumb Code    32  lv_obj.o(.text)
    lv_event_get_data                        0x0800d5a1   Thumb Code     6  lv_obj.o(.text)
    lv_obj_set_signal_cb                     0x0800d5a7   Thumb Code    32  lv_obj.o(.text)
    lv_obj_set_design_cb                     0x0800d5c7   Thumb Code    32  lv_obj.o(.text)
    lv_obj_allocate_ext_attr                 0x0800d5e7   Thumb Code    42  lv_obj.o(.text)
    lv_obj_get_child_back                    0x0800d611   Thumb Code    56  lv_obj.o(.text)
    lv_obj_count_children                    0x0800d649   Thumb Code    60  lv_obj.o(.text)
    lv_obj_count_children_recursive          0x0800d685   Thumb Code    70  lv_obj.o(.text)
    lv_obj_get_inner_coords                  0x0800d6cb   Thumb Code   110  lv_obj.o(.text)
    lv_obj_get_width_fit                     0x0800d739   Thumb Code    64  lv_obj.o(.text)
    lv_obj_get_height_fit                    0x0800d779   Thumb Code    52  lv_obj.o(.text)
    lv_obj_get_auto_realign                  0x0800d7ad   Thumb Code    36  lv_obj.o(.text)
    lv_obj_get_ext_click_pad_left            0x0800d7d1   Thumb Code    30  lv_obj.o(.text)
    lv_obj_get_ext_click_pad_right           0x0800d7ef   Thumb Code    30  lv_obj.o(.text)
    lv_obj_get_ext_click_pad_top             0x0800d80d   Thumb Code    30  lv_obj.o(.text)
    lv_obj_get_ext_click_pad_bottom          0x0800d82b   Thumb Code    30  lv_obj.o(.text)
    lv_obj_get_ext_draw_pad                  0x0800d849   Thumb Code    32  lv_obj.o(.text)
    lv_obj_get_click                         0x0800d869   Thumb Code    36  lv_obj.o(.text)
    lv_obj_get_top                           0x0800d88d   Thumb Code    36  lv_obj.o(.text)
    lv_obj_get_drag                          0x0800d8b1   Thumb Code    36  lv_obj.o(.text)
    lv_obj_get_drag_dir                      0x0800d8d5   Thumb Code    36  lv_obj.o(.text)
    lv_obj_get_drag_throw                    0x0800d8f9   Thumb Code    36  lv_obj.o(.text)
    lv_obj_get_drag_parent                   0x0800d91d   Thumb Code    12  lv_obj.o(.text)
    lv_obj_get_parent_event                  0x0800d929   Thumb Code    34  lv_obj.o(.text)
    lv_obj_get_opa_scale_enable              0x0800d94b   Thumb Code    36  lv_obj.o(.text)
    lv_obj_get_protect                       0x0800d96f   Thumb Code    32  lv_obj.o(.text)
    lv_obj_get_signal_cb                     0x0800d98f   Thumb Code    30  lv_obj.o(.text)
    lv_obj_get_design_cb                     0x0800d9ad   Thumb Code    30  lv_obj.o(.text)
    lv_obj_get_event_cb                      0x0800d9cb   Thumb Code    30  lv_obj.o(.text)
    lv_obj_get_ext_attr                      0x0800d9e9   Thumb Code    30  lv_obj.o(.text)
    lv_obj_get_type                          0x0800da07   Thumb Code   132  lv_obj.o(.text)
    lv_obj_is_focused                        0x0800da8b   Thumb Code    48  lv_obj.o(.text)
    lv_refr_init                             0x0800dac9   Thumb Code     2  lv_refr.o(.text)
    lv_refr_get_disp_refreshing              0x0800dacb   Thumb Code     6  lv_refr.o(.text)
    lv_disp_refr_task                        0x0800e025   Thumb Code   344  lv_refr.o(.text)
    lv_refr_now                              0x0800e17d   Thumb Code    46  lv_refr.o(.text)
    lv_inv_area                              0x0800e1ab   Thumb Code   222  lv_refr.o(.text)
    lv_refr_set_disp_refreshing              0x0800e289   Thumb Code     6  lv_refr.o(.text)
    lv_style_copy                            0x0800e36d   Thumb Code    18  lv_style.o(.text)
    lv_style_init                            0x0800e37f   Thumb Code  1360  lv_style.o(.text)
    lv_style_mix                             0x0800e8cf   Thumb Code   954  lv_style.o(.text)
    lv_style_anim_init                       0x0800eccf   Thumb Code   100  lv_style.o(.text)
    lv_style_anim_set_styles                 0x0800ed33   Thumb Code    56  lv_style.o(.text)
    lv_draw_get_buf                          0x0800ed8d   Thumb Code   116  lv_draw.o(.text)
    lv_draw_free_buf                         0x0800ee01   Thumb Code    28  lv_draw.o(.text)
    lv_draw_aa_get_opa                       0x0800ee1d   Thumb Code    48  lv_draw.o(.text)
    lv_draw_aa_ver_seg                       0x0800ee4d   Thumb Code    92  lv_draw.o(.text)
    lv_draw_aa_hor_seg                       0x0800eea9   Thumb Code    92  lv_draw.o(.text)
    lv_draw_px                               0x0800efa1   Thumb Code   214  lv_draw_basic.o(.text)
    lv_draw_fill                             0x0800f1bf   Thumb Code   474  lv_draw_basic.o(.text)
    lv_draw_letter                           0x0800f399   Thumb Code  1462  lv_draw_basic.o(.text)
    lv_draw_map                              0x0800f99f   Thumb Code   814  lv_draw_basic.o(.text)
    lv_img_color_format_has_alpha            0x0800fcdd   Thumb Code    58  lv_draw_img.o(.text)
    lv_img_color_format_is_chroma_keyed      0x0800fd17   Thumb Code    44  lv_draw_img.o(.text)
    lv_draw_img                              0x0800febf   Thumb Code   132  lv_draw_img.o(.text)
    lv_img_color_format_get_px_size          0x0800ff43   Thumb Code    76  lv_draw_img.o(.text)
    lv_img_buf_get_px_color                  0x0800ff8f   Thumb Code   426  lv_draw_img.o(.text)
    lv_img_buf_get_px_alpha                  0x08010139   Thumb Code   360  lv_draw_img.o(.text)
    lv_img_buf_set_px_color                  0x080102a1   Thumb Code   378  lv_draw_img.o(.text)
    lv_img_buf_set_px_alpha                  0x0801041b   Thumb Code   320  lv_draw_img.o(.text)
    lv_img_buf_set_palette                   0x0801055b   Thumb Code   188  lv_draw_img.o(.text)
    lv_img_src_get_type                      0x08010617   Thumb Code    42  lv_draw_img.o(.text)
    lv_img_buf_get_img_size                  0x08010641   Thumb Code   168  lv_draw_img.o(.text)
    lv_img_buf_alloc                         0x080106e9   Thumb Code   126  lv_draw_img.o(.text)
    lv_img_buf_free                          0x08010767   Thumb Code    24  lv_draw_img.o(.text)
    lv_draw_label                            0x080107dd   Thumb Code  1324  lv_draw_label.o(.text)
    lv_draw_rect                             0x080139a1   Thumb Code   144  lv_draw_rect.o(.text)
    lv_img_cache_open                        0x08013a59   Thumb Code   370  lv_img_cache.o(.text)
    lv_img_cache_invalidate_src              0x08013bcb   Thumb Code    94  lv_img_cache.o(.text)
    lv_img_cache_set_size                    0x08013c29   Thumb Code   138  lv_img_cache.o(.text)
    lv_img_decoder_built_in_close            0x08013d01   Thumb Code    58  lv_img_decoder.o(.text)
    lv_img_decoder_set_close_cb              0x08013d3b   Thumb Code     4  lv_img_decoder.o(.text)
    lv_img_decoder_built_in_read_line        0x08014125   Thumb Code   200  lv_img_decoder.o(.text)
    lv_img_decoder_set_read_line_cb          0x080141ed   Thumb Code     4  lv_img_decoder.o(.text)
    lv_img_decoder_built_in_open             0x080141f1   Thumb Code   558  lv_img_decoder.o(.text)
    lv_img_decoder_set_open_cb               0x0801441f   Thumb Code     4  lv_img_decoder.o(.text)
    lv_img_decoder_built_in_info             0x08014423   Thumb Code   186  lv_img_decoder.o(.text)
    lv_img_decoder_set_info_cb               0x080144dd   Thumb Code     4  lv_img_decoder.o(.text)
    lv_img_decoder_create                    0x080144e1   Thumb Code    54  lv_img_decoder.o(.text)
    lv_img_decoder_init                      0x08014517   Thumb Code    88  lv_img_decoder.o(.text)
    lv_img_decoder_get_info                  0x0801456f   Thumb Code    74  lv_img_decoder.o(.text)
    lv_img_decoder_open                      0x080145b9   Thumb Code   162  lv_img_decoder.o(.text)
    lv_img_decoder_read_line                 0x0801465b   Thumb Code    52  lv_img_decoder.o(.text)
    lv_img_decoder_close                     0x0801468f   Thumb Code    40  lv_img_decoder.o(.text)
    lv_img_decoder_delete                    0x080146b7   Thumb Code    20  lv_img_decoder.o(.text)
    lv_font_get_glyph_bitmap                 0x080146d1   Thumb Code    16  lv_font.o(.text)
    lv_font_get_glyph_dsc                    0x080146e1   Thumb Code    30  lv_font.o(.text)
    lv_font_get_glyph_width                  0x080146ff   Thumb Code    38  lv_font.o(.text)
    lv_font_get_bitmap_fmt_txt               0x08014b71   Thumb Code   256  lv_font_fmt_txt.o(.text)
    lv_font_get_glyph_dsc_fmt_txt            0x08014d7d   Thumb Code   132  lv_font_fmt_txt.o(.text)
    lv_disp_drv_init                         0x08014e1d   Thumb Code    72  lv_hal_disp.o(.text)
    lv_disp_buf_init                         0x08014e65   Thumb Code    34  lv_hal_disp.o(.text)
    lv_disp_drv_register                     0x08014e87   Thumb Code   216  lv_hal_disp.o(.text)
    lv_disp_get_default                      0x08014f5f   Thumb Code     6  lv_hal_disp.o(.text)
    lv_disp_get_ver_res                      0x08014f65   Thumb Code    40  lv_hal_disp.o(.text)
    lv_disp_get_hor_res                      0x08014f8d   Thumb Code    40  lv_hal_disp.o(.text)
    lv_disp_drv_update                       0x08014fb5   Thumb Code    76  lv_hal_disp.o(.text)
    lv_disp_set_default                      0x08015001   Thumb Code     6  lv_hal_disp.o(.text)
    lv_disp_remove                           0x08015007   Thumb Code    82  lv_hal_disp.o(.text)
    lv_disp_get_antialiasing                 0x08015059   Thumb Code    26  lv_hal_disp.o(.text)
    lv_disp_flush_ready                      0x08015073   Thumb Code    14  lv_hal_disp.o(.text)
    lv_disp_get_next                         0x08015081   Thumb Code    24  lv_hal_disp.o(.text)
    lv_disp_get_buf                          0x08015099   Thumb Code     6  lv_hal_disp.o(.text)
    lv_disp_get_inv_buf_size                 0x0801509f   Thumb Code    12  lv_hal_disp.o(.text)
    lv_disp_pop_from_inv_buf                 0x080150ab   Thumb Code    36  lv_hal_disp.o(.text)
    lv_disp_is_double_buf                    0x080150cf   Thumb Code    22  lv_hal_disp.o(.text)
    lv_disp_is_true_double_buf               0x080150e5   Thumb Code    36  lv_hal_disp.o(.text)
    lv_indev_drv_init                        0x0801512d   Thumb Code    36  lv_hal_indev.o(.text)
    lv_indev_drv_register                    0x08015151   Thumb Code   116  lv_hal_indev.o(.text)
    lv_indev_drv_update                      0x080151c5   Thumb Code    18  lv_hal_indev.o(.text)
    lv_indev_get_next                        0x080151d7   Thumb Code    24  lv_hal_indev.o(.text)
    lv_indev_read                            0x080151ef   Thumb Code    62  lv_hal_indev.o(.text)
    lv_tick_inc                              0x08015245   Thumb Code    18  lv_hal_tick.o(.text)
    lv_tick_get                              0x08015257   Thumb Code    22  lv_hal_tick.o(.text)
    lv_tick_elaps                            0x0801526d   Thumb Code    26  lv_hal_tick.o(.text)
    lv_anim_core_init                        0x080153ff   Thumb Code    32  lv_anim.o(.text)
    lv_anim_path_linear                      0x0801541f   Thumb Code    52  lv_anim.o(.text)
    lv_anim_init                             0x08015453   Thumb Code    34  lv_anim.o(.text)
    lv_anim_del                              0x08015475   Thumb Code    80  lv_anim.o(.text)
    lv_anim_create                           0x080154c5   Thumb Code    96  lv_anim.o(.text)
    lv_anim_count_running                    0x08015525   Thumb Code    40  lv_anim.o(.text)
    lv_anim_speed_to_time                    0x0801554d   Thumb Code    48  lv_anim.o(.text)
    lv_anim_path_ease_in                     0x0801557d   Thumb Code    72  lv_anim.o(.text)
    lv_anim_path_ease_out                    0x080155c5   Thumb Code    72  lv_anim.o(.text)
    lv_anim_path_ease_in_out                 0x0801560d   Thumb Code    74  lv_anim.o(.text)
    lv_anim_path_overshoot                   0x08015657   Thumb Code    76  lv_anim.o(.text)
    lv_anim_path_bounce                      0x080156a3   Thumb Code   270  lv_anim.o(.text)
    lv_anim_path_step                        0x080157b1   Thumb Code    24  lv_anim.o(.text)
    lv_area_set                              0x080157c9   Thumb Code    14  lv_area.o(.text)
    lv_area_set_width                        0x080157d7   Thumb Code    12  lv_area.o(.text)
    lv_area_set_height                       0x080157e3   Thumb Code    12  lv_area.o(.text)
    lv_area_set_pos                          0x080157ef   Thumb Code    58  lv_area.o(.text)
    lv_area_get_size                         0x08015829   Thumb Code    34  lv_area.o(.text)
    lv_area_intersect                        0x0801584b   Thumb Code   130  lv_area.o(.text)
    lv_area_join                             0x080158cd   Thumb Code   100  lv_area.o(.text)
    lv_area_is_point_on                      0x08015931   Thumb Code    58  lv_area.o(.text)
    lv_area_is_on                            0x0801596b   Thumb Code    58  lv_area.o(.text)
    lv_area_is_in                            0x080159a5   Thumb Code    58  lv_area.o(.text)
    lv_area_increment                        0x080159df   Thumb Code    34  lv_area.o(.text)
    lv_async_call                            0x08015a15   Thumb Code    66  lv_async.o(.text)
    lv_circ_init                             0x08015a5d   Thumb Code    16  lv_circ.o(.text)
    lv_circ_cont                             0x08015a6d   Thumb Code    22  lv_circ.o(.text)
    lv_circ_next                             0x08015a83   Thumb Code    60  lv_circ.o(.text)
    lv_fs_init                               0x08015ac1   Thumb Code    12  lv_fs.o(.text)
    lv_fs_get_drv                            0x08015acd   Thumb Code    42  lv_fs.o(.text)
    lv_fs_is_ready                           0x08015af7   Thumb Code    34  lv_fs.o(.text)
    lv_fs_open                               0x08015b3f   Thumb Code   170  lv_fs.o(.text)
    lv_fs_close                              0x08015be9   Thumb Code    50  lv_fs.o(.text)
    lv_fs_remove                             0x08015c1b   Thumb Code    78  lv_fs.o(.text)
    lv_fs_read                               0x08015c69   Thumb Code    72  lv_fs.o(.text)
    lv_fs_write                              0x08015cb1   Thumb Code    72  lv_fs.o(.text)
    lv_fs_seek                               0x08015cf9   Thumb Code    40  lv_fs.o(.text)
    lv_fs_tell                               0x08015d21   Thumb Code    44  lv_fs.o(.text)
    lv_fs_trunc                              0x08015d4d   Thumb Code    36  lv_fs.o(.text)
    lv_fs_size                               0x08015d71   Thumb Code    46  lv_fs.o(.text)
    lv_fs_rename                             0x08015d9f   Thumb Code    90  lv_fs.o(.text)
    lv_fs_dir_open                           0x08015df9   Thumb Code   118  lv_fs.o(.text)
    lv_fs_dir_read                           0x08015e6f   Thumb Code    48  lv_fs.o(.text)
    lv_fs_dir_close                          0x08015e9f   Thumb Code    76  lv_fs.o(.text)
    lv_fs_free_space                         0x08015eeb   Thumb Code    70  lv_fs.o(.text)
    lv_fs_drv_init                           0x08015f31   Thumb Code    14  lv_fs.o(.text)
    lv_fs_drv_register                       0x08015f3f   Thumb Code    54  lv_fs.o(.text)
    lv_fs_get_letters                        0x08015f75   Thumb Code    46  lv_fs.o(.text)
    lv_fs_get_ext                            0x08015fa3   Thumb Code    52  lv_fs.o(.text)
    lv_fs_up                                 0x08015fd7   Thumb Code    84  lv_fs.o(.text)
    lv_fs_get_last                           0x0801602b   Thumb Code    82  lv_fs.o(.text)
    lv_gc_clear_roots                        0x08016085   Thumb Code    80  lv_gc.o(.text)
    lv_ll_init                               0x08016101   Thumb Code    22  lv_ll.o(.text)
    lv_ll_ins_head                           0x08016173   Thumb Code    64  lv_ll.o(.text)
    lv_ll_get_prev                           0x080161b3   Thumb Code    20  lv_ll.o(.text)
    lv_ll_get_head                           0x080161c7   Thumb Code    10  lv_ll.o(.text)
    lv_ll_ins_prev                           0x080161d1   Thumb Code   114  lv_ll.o(.text)
    lv_ll_ins_tail                           0x08016243   Thumb Code    70  lv_ll.o(.text)
    lv_ll_get_next                           0x08016289   Thumb Code    22  lv_ll.o(.text)
    lv_ll_get_tail                           0x0801629f   Thumb Code    10  lv_ll.o(.text)
    lv_ll_rem                                0x080162a9   Thumb Code   138  lv_ll.o(.text)
    lv_ll_clear                              0x08016333   Thumb Code    48  lv_ll.o(.text)
    lv_ll_chg_list                           0x08016363   Thumb Code   112  lv_ll.o(.text)
    lv_ll_get_len                            0x080163d3   Thumb Code    36  lv_ll.o(.text)
    lv_ll_move_before                        0x080163f7   Thumb Code   106  lv_ll.o(.text)
    lv_ll_is_empty                           0x08016461   Thumb Code    24  lv_ll.o(.text)
    lv_trigo_sin                             0x08016479   Thumb Code   106  lv_math.o(.text)
    lv_bezier3                               0x080164e3   Thumb Code    94  lv_math.o(.text)
    lv_atan2                                 0x08016541   Thumb Code   190  lv_math.o(.text)
    lv_sqrt                                  0x080165ff   Thumb Code    42  lv_math.o(.text)
    lv_mem_init                              0x0801662d   Thumb Code    32  lv_mem.o(.text)
    lv_mem_deinit                            0x0801664d   Thumb Code    40  lv_mem.o(.text)
    lv_mem_alloc                             0x0801671b   Thumb Code    58  lv_mem.o(.text)
    lv_mem_free                              0x08016755   Thumb Code    88  lv_mem.o(.text)
    lv_mem_get_size                          0x080167ad   Thumb Code    26  lv_mem.o(.text)
    lv_mem_realloc                           0x080167c7   Thumb Code   108  lv_mem.o(.text)
    lv_mem_defrag                            0x08016833   Thumb Code   110  lv_mem.o(.text)
    lv_mem_monitor                           0x080168a1   Thumb Code   132  lv_mem.o(.text)
    lv_snprintf                              0x08017ae3   Thumb Code    42  lv_printf.o(.text)
    lv_vsnprintf                             0x08017b0d   Thumb Code    30  lv_printf.o(.text)
    lv_task_enable                           0x08017b4d   Thumb Code     6  lv_task.o(.text)
    lv_task_core_init                        0x08017b53   Thumb Code    18  lv_task.o(.text)
    lv_task_del                              0x08017b65   Thumb Code    34  lv_task.o(.text)
    lv_task_handler                          0x08017bcf   Thumb Code   354  lv_task.o(.text)
    lv_task_create_basic                     0x08017d31   Thumb Code   206  lv_task.o(.text)
    lv_task_set_prio                         0x08017dff   Thumb Code    94  lv_task.o(.text)
    lv_task_set_period                       0x08017e5d   Thumb Code     4  lv_task.o(.text)
    lv_task_set_cb                           0x08017e61   Thumb Code     4  lv_task.o(.text)
    lv_task_create                           0x08017e65   Thumb Code    78  lv_task.o(.text)
    lv_task_ready                            0x08017eb3   Thumb Code    18  lv_task.o(.text)
    lv_task_once                             0x08017ec5   Thumb Code    12  lv_task.o(.text)
    lv_task_reset                            0x08017ed1   Thumb Code    12  lv_task.o(.text)
    lv_task_get_idle                         0x08017edd   Thumb Code     6  lv_task.o(.text)
    lv_txt_is_cmd                            0x08017f1d   Thumb Code    66  lv_txt.o(.text)
    lv_txt_get_width                         0x08017f5f   Thumb Code   140  lv_txt.o(.text)
    lv_txt_get_next_line                     0x08018179   Thumb Code   196  lv_txt.o(.text)
    lv_txt_get_size                          0x0801823d   Thumb Code   224  lv_txt.o(.text)
    lv_txt_ins                               0x0801831d   Thumb Code    74  lv_txt.o(.text)
    lv_txt_cut                               0x08018367   Thumb Code    66  lv_txt.o(.text)
    lv_utils_num_to_str                      0x080186ed   Thumb Code   128  lv_utils.o(.text)
    lv_utils_bsearch                         0x0801876d   Thumb Code    84  lv_utils.o(.text)
    lv_btn_set_style                         0x080187c1   Thumb Code    98  lv_btn.o(.text)
    lv_btn_set_state                         0x08018857   Thumb Code    68  lv_btn.o(.text)
    lv_btn_get_toggle                        0x0801889b   Thumb Code    42  lv_btn.o(.text)
    lv_btn_create                            0x08018acb   Thumb Code   406  lv_btn.o(.text)
    lv_btn_set_toggle                        0x08018c61   Thumb Code    48  lv_btn.o(.text)
    lv_btn_toggle                            0x08018c91   Thumb Code   104  lv_btn.o(.text)
    lv_btn_set_ink_in_time                   0x08018cf9   Thumb Code    32  lv_btn.o(.text)
    lv_btn_set_ink_wait_time                 0x08018d19   Thumb Code    32  lv_btn.o(.text)
    lv_btn_set_ink_out_time                  0x08018d39   Thumb Code    32  lv_btn.o(.text)
    lv_btn_get_state                         0x08018d59   Thumb Code    44  lv_btn.o(.text)
    lv_btn_get_ink_in_time                   0x08018d85   Thumb Code    32  lv_btn.o(.text)
    lv_btn_get_ink_wait_time                 0x08018da5   Thumb Code    32  lv_btn.o(.text)
    lv_btn_get_ink_out_time                  0x08018dc5   Thumb Code    32  lv_btn.o(.text)
    lv_btn_get_style                         0x08018de5   Thumb Code   156  lv_btn.o(.text)
    lv_btnm_get_map_array                    0x08018e81   Thumb Code    38  lv_btnm.o(.text)
    lv_btnm_get_style                        0x08018eb7   Thumb Code    96  lv_btnm.o(.text)
    lv_btnm_set_map                          0x08019023   Thumb Code   716  lv_btnm.o(.text)
    lv_btnm_set_style                        0x080192ef   Thumb Code   122  lv_btnm.o(.text)
    lv_btnm_set_btn_ctrl                     0x080197b7   Thumb Code    78  lv_btnm.o(.text)
    lv_btnm_clear_btn_ctrl                   0x08019805   Thumb Code    78  lv_btnm.o(.text)
    lv_btnm_clear_btn_ctrl_all               0x08019853   Thumb Code    68  lv_btnm.o(.text)
    lv_btnm_get_btn_ctrl                     0x08019897   Thumb Code    72  lv_btnm.o(.text)
    lv_btnm_create                           0x08019dcf   Thumb Code   362  lv_btnm.o(.text)
    lv_btnm_set_ctrl_map                     0x08019f39   Thumb Code    60  lv_btnm.o(.text)
    lv_btnm_set_pressed                      0x08019f75   Thumb Code    74  lv_btnm.o(.text)
    lv_btnm_set_recolor                      0x08019fbf   Thumb Code    58  lv_btnm.o(.text)
    lv_btnm_set_btn_ctrl_all                 0x08019ff9   Thumb Code    68  lv_btnm.o(.text)
    lv_btnm_set_btn_width                    0x0801a03d   Thumb Code    98  lv_btnm.o(.text)
    lv_btnm_set_one_toggle                   0x0801a09f   Thumb Code    60  lv_btnm.o(.text)
    lv_btnm_get_recolor                      0x0801a0db   Thumb Code    46  lv_btnm.o(.text)
    lv_btnm_get_active_btn                   0x0801a109   Thumb Code    40  lv_btnm.o(.text)
    lv_btnm_get_btn_text                     0x0801a131   Thumb Code   108  lv_btnm.o(.text)
    lv_btnm_get_active_btn_text              0x0801a19d   Thumb Code    60  lv_btnm.o(.text)
    lv_btnm_get_pressed_btn                  0x0801a1d9   Thumb Code    84  lv_btnm.o(.text)
    lv_btnm_get_one_toggle                   0x0801a22d   Thumb Code    46  lv_btnm.o(.text)
    lv_cont_get_layout                       0x0801a941   Thumb Code    42  lv_cont.o(.text)
    lv_cont_create                           0x0801ad17   Thumb Code   320  lv_cont.o(.text)
    lv_cont_set_layout                       0x0801ae57   Thumb Code    72  lv_cont.o(.text)
    lv_cont_set_fit4                         0x0801ae9f   Thumb Code   142  lv_cont.o(.text)
    lv_cont_get_fit_left                     0x0801af2d   Thumb Code    44  lv_cont.o(.text)
    lv_cont_get_fit_right                    0x0801af59   Thumb Code    42  lv_cont.o(.text)
    lv_cont_get_fit_top                      0x0801af83   Thumb Code    44  lv_cont.o(.text)
    lv_cont_get_fit_bottom                   0x0801afaf   Thumb Code    44  lv_cont.o(.text)
    lv_label_get_text                        0x0801b091   Thumb Code    38  lv_label.o(.text)
    lv_label_get_align                       0x0801b0b7   Thumb Code    50  lv_label.o(.text)
    lv_label_get_letter_on                   0x0801b0e9   Thumb Code   546  lv_label.o(.text)
    lv_label_set_static_text                 0x0801b783   Thumb Code   106  lv_label.o(.text)
    lv_label_set_text                        0x0801b7ed   Thumb Code   278  lv_label.o(.text)
    lv_label_set_align                       0x0801b903   Thumb Code    68  lv_label.o(.text)
    lv_label_get_body_draw                   0x0801b947   Thumb Code    44  lv_label.o(.text)
    lv_label_set_body_draw                   0x0801b973   Thumb Code    74  lv_label.o(.text)
    lv_label_get_recolor                     0x0801b9bd   Thumb Code    44  lv_label.o(.text)
    lv_label_set_recolor                     0x0801b9e9   Thumb Code    68  lv_label.o(.text)
    lv_label_get_long_mode                   0x0801ba2d   Thumb Code    44  lv_label.o(.text)
    lv_label_set_long_mode                   0x0801bae9   Thumb Code   152  lv_label.o(.text)
    lv_label_get_text_sel_end                0x0801bcc9   Thumb Code    34  lv_label.o(.text)
    lv_label_get_text_sel_start              0x0801bceb   Thumb Code    34  lv_label.o(.text)
    lv_label_create                          0x0801bf93   Thumb Code   502  lv_label.o(.text)
    lv_label_set_text_fmt                    0x0801c189   Thumb Code   214  lv_label.o(.text)
    lv_label_set_array_text                  0x0801c25f   Thumb Code   162  lv_label.o(.text)
    lv_label_set_anim_speed                  0x0801c301   Thumb Code    78  lv_label.o(.text)
    lv_label_set_text_sel_start              0x0801c34f   Thumb Code    32  lv_label.o(.text)
    lv_label_set_text_sel_end                0x0801c36f   Thumb Code    32  lv_label.o(.text)
    lv_label_get_anim_speed                  0x0801c38f   Thumb Code    62  lv_label.o(.text)
    lv_label_get_letter_pos                  0x0801c3cd   Thumb Code   478  lv_label.o(.text)
    lv_label_is_char_under_pos               0x0801c5ab   Thumb Code   540  lv_label.o(.text)
    lv_label_ins_text                        0x0801c7c7   Thumb Code   198  lv_label.o(.text)
    lv_label_cut_text                        0x0801c88d   Thumb Code    86  lv_label.o(.text)
    lv_mbox_get_style                        0x0801c909   Thumb Code   150  lv_mbox.o(.text)
    lv_mbox_set_style                        0x0801ca17   Thumb Code   150  lv_mbox.o(.text)
    lv_mbox_get_anim_time                    0x0801cab9   Thumb Code    38  lv_mbox.o(.text)
    lv_mbox_start_auto_close                 0x0801cadf   Thumb Code   252  lv_mbox.o(.text)
    lv_mbox_get_active_btn                   0x0801cbdb   Thumb Code    52  lv_mbox.o(.text)
    lv_mbox_create                           0x0801cd7f   Thumb Code   304  lv_mbox.o(.text)
    lv_mbox_add_btns                         0x0801cef5   Thumb Code   172  lv_mbox.o(.text)
    lv_mbox_set_text                         0x0801cfa1   Thumb Code    78  lv_mbox.o(.text)
    lv_mbox_set_anim_time                    0x0801cfef   Thumb Code    44  lv_mbox.o(.text)
    lv_mbox_stop_auto_close                  0x0801d01b   Thumb Code    38  lv_mbox.o(.text)
    lv_mbox_set_recolor                      0x0801d041   Thumb Code    52  lv_mbox.o(.text)
    lv_mbox_get_text                         0x0801d075   Thumb Code    44  lv_mbox.o(.text)
    lv_mbox_get_active_btn_text              0x0801d0a1   Thumb Code    52  lv_mbox.o(.text)
    lv_mbox_get_recolor                      0x0801d0d5   Thumb Code    52  lv_mbox.o(.text)
    lv_mbox_get_btnm                         0x0801d109   Thumb Code    40  lv_mbox.o(.text)
    lv_theme_set_current                     0x0801d161   Thumb Code    40  lv_theme.o(.text)
    lv_theme_get_current                     0x0801d189   Thumb Code     6  lv_theme.o(.text)
    __use_no_semihosting                     0x0801d195   Thumb Code     2  use_no_semi_2.o(.text)
    __aeabi_uldivmod                         0x0801d197   Thumb Code     0  lludivv7m.o(.text)
    _ll_udiv                                 0x0801d197   Thumb Code   238  lludivv7m.o(.text)
    __2printf                                0x0801d285   Thumb Code    20  noretval__2printf.o(.text)
    __printf                                 0x0801d29d   Thumb Code   104  __printf.o(.text)
    _printf_str                              0x0801d305   Thumb Code    82  _printf_str.o(.text)
    _printf_int_dec                          0x0801d359   Thumb Code   104  _printf_dec.o(.text)
    _printf_int_hex                          0x0801d3d1   Thumb Code    84  _printf_hex_int.o(.text)
    _printf_longlong_hex                     0x0801d3d1   Thumb Code     0  _printf_hex_int.o(.text)
    strcpy                                   0x0801d429   Thumb Code    72  strcpy.o(.text)
    strlen                                   0x0801d471   Thumb Code    62  strlen.o(.text)
    __aeabi_memcpy                           0x0801d4af   Thumb Code     0  rt_memcpy_v6.o(.text)
    __rt_memcpy                              0x0801d4af   Thumb Code   138  rt_memcpy_v6.o(.text)
    _memcpy_lastbytes                        0x0801d515   Thumb Code     0  rt_memcpy_v6.o(.text)
    __aeabi_memcpy4                          0x0801d539   Thumb Code     0  rt_memcpy_w.o(.text)
    __aeabi_memcpy8                          0x0801d539   Thumb Code     0  rt_memcpy_w.o(.text)
    __rt_memcpy_w                            0x0801d539   Thumb Code   100  rt_memcpy_w.o(.text)
    _memcpy_lastbytes_aligned                0x0801d581   Thumb Code     0  rt_memcpy_w.o(.text)
    __aeabi_memclr                           0x0801d59d   Thumb Code     0  rt_memclr.o(.text)
    __rt_memclr                              0x0801d59d   Thumb Code    68  rt_memclr.o(.text)
    _memset                                  0x0801d5a1   Thumb Code     0  rt_memclr.o(.text)
    __aeabi_memclr4                          0x0801d5e1   Thumb Code     0  rt_memclr_w.o(.text)
    __aeabi_memclr8                          0x0801d5e1   Thumb Code     0  rt_memclr_w.o(.text)
    __rt_memclr_w                            0x0801d5e1   Thumb Code    78  rt_memclr_w.o(.text)
    _memset_w                                0x0801d5e5   Thumb Code     0  rt_memclr_w.o(.text)
    strcmp                                   0x0801d631   Thumb Code   128  strcmpv7m.o(.text)
    __use_two_region_memory                  0x0801d6b1   Thumb Code     2  heapauxi.o(.text)
    __rt_heap_escrow$2region                 0x0801d6b3   Thumb Code     2  heapauxi.o(.text)
    __rt_heap_expand$2region                 0x0801d6b5   Thumb Code     2  heapauxi.o(.text)
    __I$use$semihosting                      0x0801d6b7   Thumb Code     0  use_no_semi.o(.text)
    __use_no_semihosting_swi                 0x0801d6b7   Thumb Code     2  use_no_semi.o(.text)
    __read_errno                             0x0801d6b9   Thumb Code    10  _rserrno.o(.text)
    __set_errno                              0x0801d6c3   Thumb Code    12  _rserrno.o(.text)
    _printf_int_common                       0x0801d6cf   Thumb Code   178  _printf_intcommon.o(.text)
    __lib_sel_fp_printf                      0x0801d781   Thumb Code     2  _printf_fp_dec.o(.text)
    _printf_fp_dec_real                      0x0801d933   Thumb Code   620  _printf_fp_dec.o(.text)
    _printf_cs_common                        0x0801db9f   Thumb Code    20  _printf_char.o(.text)
    _printf_char                             0x0801dbb3   Thumb Code    16  _printf_char.o(.text)
    _printf_string                           0x0801dbc3   Thumb Code     8  _printf_char.o(.text)
    _printf_char_file                        0x0801dbcd   Thumb Code    32  _printf_char_file.o(.text)
    __rt_locale                              0x0801dbf1   Thumb Code     8  rt_locale_intlibspace.o(.text)
    __aeabi_errno_addr                       0x0801dbf9   Thumb Code     8  rt_errno_addr_intlibspace.o(.text)
    __errno$intlibspace                      0x0801dbf9   Thumb Code     0  rt_errno_addr_intlibspace.o(.text)
    __rt_errno_addr$intlibspace              0x0801dbf9   Thumb Code     0  rt_errno_addr_intlibspace.o(.text)
    _ll_udiv10                               0x0801dc01   Thumb Code   138  lludiv10.o(.text)
    _printf_char_common                      0x0801dc97   Thumb Code    32  _printf_char_common.o(.text)
    _printf_fp_infnan                        0x0801dcbd   Thumb Code   112  _printf_fp_infnan.o(.text)
    _btod_etento                             0x0801dd3d   Thumb Code   224  bigflt0.o(.text)
    ferror                                   0x0801de21   Thumb Code     8  ferror.o(.text)
    __user_libspace                          0x0801de29   Thumb Code     8  libspace.o(.text)
    __user_perproc_libspace                  0x0801de29   Thumb Code     0  libspace.o(.text)
    __user_perthread_libspace                0x0801de29   Thumb Code     0  libspace.o(.text)
    __user_setup_stackheap                   0x0801de31   Thumb Code    74  sys_stackheap_outer.o(.text)
    exit                                     0x0801de7b   Thumb Code    18  exit.o(.text)
    _btod_d2e                                0x0801de8d   Thumb Code    62  btod.o(CL$$btod_d2e)
    _d2e_denorm_low                          0x0801decb   Thumb Code    70  btod.o(CL$$btod_d2e_denorm_low)
    _d2e_norm_op1                            0x0801df11   Thumb Code    96  btod.o(CL$$btod_d2e_norm_op1)
    __btod_div_common                        0x0801df71   Thumb Code   696  btod.o(CL$$btod_div_common)
    _e2e                                     0x0801e2a9   Thumb Code   220  btod.o(CL$$btod_e2e)
    _btod_ediv                               0x0801e385   Thumb Code    42  btod.o(CL$$btod_ediv)
    _btod_emul                               0x0801e3af   Thumb Code    42  btod.o(CL$$btod_emul)
    __btod_mult_common                       0x0801e3d9   Thumb Code   580  btod.o(CL$$btod_mult_common)
    __ARM_fpclassify                         0x0801e61d   Thumb Code    48  fpclassify.o(i.__ARM_fpclassify)
    __hardfp_sqrt                            0x0801e64d   Thumb Code   122  sqrt.o(i.__hardfp_sqrt)
    _get_lc_numeric                          0x0801e6c9   Thumb Code    44  lc_numeric_c.o(locale$$code)
    __aeabi_dneg                             0x0801e6f5   Thumb Code     0  basic.o(x$fpl$basic)
    _dneg                                    0x0801e6f5   Thumb Code     6  basic.o(x$fpl$basic)
    __aeabi_fneg                             0x0801e6fb   Thumb Code     0  basic.o(x$fpl$basic)
    _fneg                                    0x0801e6fb   Thumb Code     6  basic.o(x$fpl$basic)
    _dabs                                    0x0801e701   Thumb Code     6  basic.o(x$fpl$basic)
    _fabs                                    0x0801e707   Thumb Code     6  basic.o(x$fpl$basic)
    __aeabi_dadd                             0x0801e70d   Thumb Code     0  daddsub_clz.o(x$fpl$dadd)
    _dadd                                    0x0801e70d   Thumb Code   332  daddsub_clz.o(x$fpl$dadd)
    __fpl_dcmp_Inf                           0x0801e85d   Thumb Code    24  dcmpi.o(x$fpl$dcmpinf)
    __aeabi_ddiv                             0x0801e875   Thumb Code     0  ddiv.o(x$fpl$ddiv)
    _ddiv                                    0x0801e875   Thumb Code   552  ddiv.o(x$fpl$ddiv)
    __aeabi_cdcmpeq                          0x0801eb25   Thumb Code     0  deqf.o(x$fpl$deqf)
    _dcmpeq                                  0x0801eb25   Thumb Code   120  deqf.o(x$fpl$deqf)
    __aeabi_d2iz                             0x0801eb9d   Thumb Code     0  dfix.o(x$fpl$dfix)
    _dfix                                    0x0801eb9d   Thumb Code    94  dfix.o(x$fpl$dfix)
    __aeabi_d2uiz                            0x0801ebfd   Thumb Code     0  dfixu.o(x$fpl$dfixu)
    _dfixu                                   0x0801ebfd   Thumb Code    90  dfixu.o(x$fpl$dfixu)
    __aeabi_i2d                              0x0801ec57   Thumb Code     0  dflt_clz.o(x$fpl$dflt)
    _dflt                                    0x0801ec57   Thumb Code    46  dflt_clz.o(x$fpl$dflt)
    __aeabi_ui2d                             0x0801ec85   Thumb Code     0  dflt_clz.o(x$fpl$dfltu)
    _dfltu                                   0x0801ec85   Thumb Code    38  dflt_clz.o(x$fpl$dfltu)
    __aeabi_cdcmple                          0x0801ecad   Thumb Code     0  dleqf.o(x$fpl$dleqf)
    _dcmple                                  0x0801ecad   Thumb Code   120  dleqf.o(x$fpl$dleqf)
    __fpl_dcmple_InfNaN                      0x0801ed0f   Thumb Code     0  dleqf.o(x$fpl$dleqf)
    __aeabi_dmul                             0x0801ed25   Thumb Code     0  dmul.o(x$fpl$dmul)
    _dmul                                    0x0801ed25   Thumb Code   332  dmul.o(x$fpl$dmul)
    __fpl_dnaninf                            0x0801ee79   Thumb Code   156  dnaninf.o(x$fpl$dnaninf)
    __fpl_dretinf                            0x0801ef15   Thumb Code    12  dretinf.o(x$fpl$dretinf)
    __aeabi_cdrcmple                         0x0801ef21   Thumb Code     0  drleqf.o(x$fpl$drleqf)
    _drcmple                                 0x0801ef21   Thumb Code   108  drleqf.o(x$fpl$drleqf)
    __aeabi_drsub                            0x0801ef8d   Thumb Code     0  daddsub_clz.o(x$fpl$drsb)
    _drsb                                    0x0801ef8d   Thumb Code    22  daddsub_clz.o(x$fpl$drsb)
    _dsqrt                                   0x0801efa5   Thumb Code   404  dsqrt_umaal.o(x$fpl$dsqrt)
    __aeabi_dsub                             0x0801f13d   Thumb Code     0  daddsub_clz.o(x$fpl$dsub)
    _dsub                                    0x0801f13d   Thumb Code   464  daddsub_clz.o(x$fpl$dsub)
    __aeabi_f2d                              0x0801f311   Thumb Code     0  f2d.o(x$fpl$f2d)
    _f2d                                     0x0801f311   Thumb Code    86  f2d.o(x$fpl$f2d)
    __fpl_fnaninf                            0x0801f367   Thumb Code   140  fnaninf.o(x$fpl$fnaninf)
    _fp_init                                 0x0801f3f3   Thumb Code    10  fpinit.o(x$fpl$fpinit)
    __fplib_config_fpu_vfp                   0x0801f3fb   Thumb Code     0  fpinit.o(x$fpl$fpinit)
    __fplib_config_pureend_doubles           0x0801f3fb   Thumb Code     0  fpinit.o(x$fpl$fpinit)
    _printf_fp_dec                           0x0801f3fd   Thumb Code     4  printf1.o(x$fpl$printf1)
    __I$use$fp                               0x0801f400   Number         0  usenofp.o(x$fpl$usenofp)
    asc2_1206                                0x0801f400   Data        1140  lcd.o(.constdata)
    asc2_1608                                0x0801f874   Data        1520  lcd.o(.constdata)
    asc2_2412                                0x0801fe64   Data        3420  lcd.o(.constdata)
    GT9147_CFG_TBL                           0x08020bc0   Data         184  gt9147.o(.constdata)
    GT9147_TPX_TBL                           0x08020c78   Data          10  gt9147.o(.constdata)
    OTT_TPX_TBL                              0x08020c82   Data          10  ott2001a.o(.constdata)
    FT5206_TPX_TBL                           0x08020c8c   Data          10  ft5206.o(.constdata)
    TP_REMIND_MSG_TBL                        0x08020c98   Data           4  touch.o(.constdata)
    FSMC_DefaultTimingStruct                 0x08020c9c   Data          28  stm32f4xx_fsmc.o(.constdata)
    Region$$Table$$Base                      0x080243ac   Number         0  anon$$obj.o(Region$$Table)
    Region$$Table$$Limit                     0x080243cc   Number         0  anon$$obj.o(Region$$Table)
    SystemCoreClock                          0x20000010   Data           4  system_stm32f4xx.o(.data)
    AHBPrescTable                            0x20000014   Data          16  system_stm32f4xx.o(.data)
    POINT_COLOR                              0x20000024   Data           2  lcd.o(.data)
    BACK_COLOR                               0x20000026   Data           2  lcd.o(.data)
    tp_dev                                   0x2000002c   Data          52  touch.o(.data)
    CMD_RDX                                  0x20000060   Data           1  touch.o(.data)
    CMD_RDY                                  0x20000061   Data           1  touch.o(.data)
    __stdout                                 0x20000068   Data           4  usart.o(.data)
    USART_RX_STA                             0x2000006c   Data           2  usart.o(.data)
    lv_font_roboto_16                        0x200000f0   Data          16  lv_font_roboto_16.o(.data)
    _lv_img_cache_array                      0x20000114   Data           4  lv_gc.o(.data)
    _lv_task_act                             0x20000118   Data           4  lv_gc.o(.data)
    _lv_draw_buf                             0x2000011c   Data           4  lv_gc.o(.data)
    lv_txt_encoded_size                      0x2000013c   Data           4  lv_txt.o(.data)
    lv_txt_unicode_to_encoded                0x20000140   Data           4  lv_txt.o(.data)
    lv_txt_encoded_conv_wc                   0x20000144   Data           4  lv_txt.o(.data)
    lv_txt_encoded_next                      0x20000148   Data           4  lv_txt.o(.data)
    lv_txt_encoded_prev                      0x2000014c   Data           4  lv_txt.o(.data)
    lv_txt_encoded_get_byte_id               0x20000150   Data           4  lv_txt.o(.data)
    lv_txt_encoded_get_char_id               0x20000154   Data           4  lv_txt.o(.data)
    lv_txt_get_encoded_length                0x20000158   Data           4  lv_txt.o(.data)
    lcddev                                   0x20002734   Data          14  lcd.o(.bss)
    USART_RX_BUF                             0x20002742   Data         200  usart.o(.bss)
    lv_style_scr                             0x2000280c   Data          64  lv_style.o(.bss)
    lv_style_transp                          0x2000284c   Data          64  lv_style.o(.bss)
    lv_style_transp_fit                      0x2000288c   Data          64  lv_style.o(.bss)
    lv_style_transp_tight                    0x200028cc   Data          64  lv_style.o(.bss)
    lv_style_plain                           0x2000290c   Data          64  lv_style.o(.bss)
    lv_style_plain_color                     0x2000294c   Data          64  lv_style.o(.bss)
    lv_style_pretty                          0x2000298c   Data          64  lv_style.o(.bss)
    lv_style_pretty_color                    0x200029cc   Data          64  lv_style.o(.bss)
    lv_style_btn_rel                         0x20002a0c   Data          64  lv_style.o(.bss)
    lv_style_btn_pr                          0x20002a4c   Data          64  lv_style.o(.bss)
    lv_style_btn_tgl_rel                     0x20002a8c   Data          64  lv_style.o(.bss)
    lv_style_btn_tgl_pr                      0x20002acc   Data          64  lv_style.o(.bss)
    lv_style_btn_ina                         0x20002b0c   Data          64  lv_style.o(.bss)
    _lv_task_ll                              0x20002f0c   Data          12  lv_gc.o(.bss)
    _lv_disp_ll                              0x20002f18   Data          12  lv_gc.o(.bss)
    _lv_indev_ll                             0x20002f24   Data          12  lv_gc.o(.bss)
    _lv_drv_ll                               0x20002f30   Data          12  lv_gc.o(.bss)
    _lv_file_ll                              0x20002f3c   Data          12  lv_gc.o(.bss)
    _lv_anim_ll                              0x20002f48   Data          12  lv_gc.o(.bss)
    _lv_group_ll                             0x20002f54   Data          12  lv_gc.o(.bss)
    _lv_img_defoder_ll                       0x20002f60   Data          12  lv_gc.o(.bss)
    __libspace_start                         0x2000af6c   Data          96  libspace.o(.bss)
    __temporary_stack_top$libspace           0x2000afcc   Data           0  libspace.o(.bss)



==============================================================================

Memory Map of the image

  Image Entry point : 0x08000189

  Load Region LR_IROM1 (Base: 0x08000000, Size: 0x00024580, Max: 0x00100000, ABSOLUTE, COMPRESSED[0x00024494])

    Execution Region ER_IROM1 (Exec base: 0x08000000, Load base: 0x08000000, Size: 0x000243e8, Max: 0x00100000, ABSOLUTE)

    Exec Addr    Load Addr    Size         Type   Attr      Idx    E Section Name        Object

    0x08000000   0x08000000   0x00000188   Data   RO         1204    RESET               startup_stm32f40_41xxx.o
    0x08000188   0x08000188   0x00000008   Code   RO         5042  * !!!main             c_w.l(__main.o)
    0x08000190   0x08000190   0x00000034   Code   RO         5335    !!!scatter          c_w.l(__scatter.o)
    0x080001c4   0x080001c4   0x0000005a   Code   RO         5333    !!dczerorl2         c_w.l(__dczerorl2.o)
    0x0800021e   0x0800021e   0x00000002   PAD
    0x08000220   0x08000220   0x0000001c   Code   RO         5337    !!handler_zi        c_w.l(__scatter_zi.o)
    0x0800023c   0x0800023c   0x00000000   Code   RO         5023    .ARM.Collect$$_printf_percent$$00000000  c_w.l(_printf_percent.o)
    0x0800023c   0x0800023c   0x00000006   Code   RO         5022    .ARM.Collect$$_printf_percent$$00000003  c_w.l(_printf_f.o)
    0x08000242   0x08000242   0x00000006   Code   RO         5021    .ARM.Collect$$_printf_percent$$00000009  c_w.l(_printf_d.o)
    0x08000248   0x08000248   0x00000006   Code   RO         5020    .ARM.Collect$$_printf_percent$$0000000C  c_w.l(_printf_x.o)
    0x0800024e   0x0800024e   0x00000006   Code   RO         5019    .ARM.Collect$$_printf_percent$$00000014  c_w.l(_printf_s.o)
    0x08000254   0x08000254   0x00000004   Code   RO         5111    .ARM.Collect$$_printf_percent$$00000017  c_w.l(_printf_percent_end.o)
    0x08000258   0x08000258   0x00000002   Code   RO         5210    .ARM.Collect$$libinit$$00000000  c_w.l(libinit.o)
    0x0800025a   0x0800025a   0x00000004   Code   RO         5211    .ARM.Collect$$libinit$$00000001  c_w.l(libinit2.o)
    0x0800025e   0x0800025e   0x00000000   Code   RO         5214    .ARM.Collect$$libinit$$00000004  c_w.l(libinit2.o)
    0x0800025e   0x0800025e   0x00000000   Code   RO         5217    .ARM.Collect$$libinit$$0000000A  c_w.l(libinit2.o)
    0x0800025e   0x0800025e   0x00000000   Code   RO         5219    .ARM.Collect$$libinit$$0000000C  c_w.l(libinit2.o)
    0x0800025e   0x0800025e   0x00000000   Code   RO         5221    .ARM.Collect$$libinit$$0000000E  c_w.l(libinit2.o)
    0x0800025e   0x0800025e   0x00000006   Code   RO         5222    .ARM.Collect$$libinit$$0000000F  c_w.l(libinit2.o)
    0x08000264   0x08000264   0x00000000   Code   RO         5224    .ARM.Collect$$libinit$$00000011  c_w.l(libinit2.o)
    0x08000264   0x08000264   0x00000000   Code   RO         5226    .ARM.Collect$$libinit$$00000013  c_w.l(libinit2.o)
    0x08000264   0x08000264   0x00000000   Code   RO         5228    .ARM.Collect$$libinit$$00000015  c_w.l(libinit2.o)
    0x08000264   0x08000264   0x0000000a   Code   RO         5229    .ARM.Collect$$libinit$$00000016  c_w.l(libinit2.o)
    0x0800026e   0x0800026e   0x00000000   Code   RO         5230    .ARM.Collect$$libinit$$00000017  c_w.l(libinit2.o)
    0x0800026e   0x0800026e   0x00000000   Code   RO         5232    .ARM.Collect$$libinit$$00000019  c_w.l(libinit2.o)
    0x0800026e   0x0800026e   0x00000000   Code   RO         5234    .ARM.Collect$$libinit$$0000001B  c_w.l(libinit2.o)
    0x0800026e   0x0800026e   0x00000000   Code   RO         5236    .ARM.Collect$$libinit$$0000001D  c_w.l(libinit2.o)
    0x0800026e   0x0800026e   0x00000000   Code   RO         5238    .ARM.Collect$$libinit$$0000001F  c_w.l(libinit2.o)
    0x0800026e   0x0800026e   0x00000000   Code   RO         5240    .ARM.Collect$$libinit$$00000021  c_w.l(libinit2.o)
    0x0800026e   0x0800026e   0x00000000   Code   RO         5242    .ARM.Collect$$libinit$$00000023  c_w.l(libinit2.o)
    0x0800026e   0x0800026e   0x00000000   Code   RO         5244    .ARM.Collect$$libinit$$00000025  c_w.l(libinit2.o)
    0x0800026e   0x0800026e   0x00000000   Code   RO         5248    .ARM.Collect$$libinit$$0000002C  c_w.l(libinit2.o)
    0x0800026e   0x0800026e   0x00000000   Code   RO         5250    .ARM.Collect$$libinit$$0000002E  c_w.l(libinit2.o)
    0x0800026e   0x0800026e   0x00000000   Code   RO         5252    .ARM.Collect$$libinit$$00000030  c_w.l(libinit2.o)
    0x0800026e   0x0800026e   0x00000000   Code   RO         5254    .ARM.Collect$$libinit$$00000032  c_w.l(libinit2.o)
    0x0800026e   0x0800026e   0x00000002   Code   RO         5255    .ARM.Collect$$libinit$$00000033  c_w.l(libinit2.o)
    0x08000270   0x08000270   0x00000002   Code   RO         5297    .ARM.Collect$$libshutdown$$00000000  c_w.l(libshutdown.o)
    0x08000272   0x08000272   0x00000000   Code   RO         5316    .ARM.Collect$$libshutdown$$00000002  c_w.l(libshutdown2.o)
    0x08000272   0x08000272   0x00000000   Code   RO         5318    .ARM.Collect$$libshutdown$$00000004  c_w.l(libshutdown2.o)
    0x08000272   0x08000272   0x00000000   Code   RO         5321    .ARM.Collect$$libshutdown$$00000007  c_w.l(libshutdown2.o)
    0x08000272   0x08000272   0x00000000   Code   RO         5324    .ARM.Collect$$libshutdown$$0000000A  c_w.l(libshutdown2.o)
    0x08000272   0x08000272   0x00000000   Code   RO         5326    .ARM.Collect$$libshutdown$$0000000C  c_w.l(libshutdown2.o)
    0x08000272   0x08000272   0x00000000   Code   RO         5329    .ARM.Collect$$libshutdown$$0000000F  c_w.l(libshutdown2.o)
    0x08000272   0x08000272   0x00000002   Code   RO         5330    .ARM.Collect$$libshutdown$$00000010  c_w.l(libshutdown2.o)
    0x08000274   0x08000274   0x00000000   Code   RO         5096    .ARM.Collect$$rtentry$$00000000  c_w.l(__rtentry.o)
    0x08000274   0x08000274   0x00000000   Code   RO         5124    .ARM.Collect$$rtentry$$00000002  c_w.l(__rtentry2.o)
    0x08000274   0x08000274   0x00000006   Code   RO         5136    .ARM.Collect$$rtentry$$00000004  c_w.l(__rtentry4.o)
    0x0800027a   0x0800027a   0x00000000   Code   RO         5126    .ARM.Collect$$rtentry$$00000009  c_w.l(__rtentry2.o)
    0x0800027a   0x0800027a   0x00000004   Code   RO         5127    .ARM.Collect$$rtentry$$0000000A  c_w.l(__rtentry2.o)
    0x0800027e   0x0800027e   0x00000000   Code   RO         5129    .ARM.Collect$$rtentry$$0000000C  c_w.l(__rtentry2.o)
    0x0800027e   0x0800027e   0x00000008   Code   RO         5130    .ARM.Collect$$rtentry$$0000000D  c_w.l(__rtentry2.o)
    0x08000286   0x08000286   0x00000002   Code   RO         5256    .ARM.Collect$$rtexit$$00000000  c_w.l(rtexit.o)
    0x08000288   0x08000288   0x00000000   Code   RO         5269    .ARM.Collect$$rtexit$$00000002  c_w.l(rtexit2.o)
    0x08000288   0x08000288   0x00000004   Code   RO         5270    .ARM.Collect$$rtexit$$00000003  c_w.l(rtexit2.o)
    0x0800028c   0x0800028c   0x00000006   Code   RO         5271    .ARM.Collect$$rtexit$$00000004  c_w.l(rtexit2.o)
    0x08000292   0x08000292   0x00000002   PAD
    0x08000294   0x08000294   0x000001e4   Code   RO            3    .text               main.o
    0x08000478   0x08000478   0x0000001a   Code   RO          434    .text               stm32f4xx_it.o
    0x08000492   0x08000492   0x00000002   PAD
    0x08000494   0x08000494   0x00000210   Code   RO          558    .text               system_stm32f4xx.o
    0x080006a4   0x080006a4   0x00004c80   Code   RO          584    .text               lcd.o
    0x08005324   0x08005324   0x0000025c   Code   RO          658    .text               myiic.o
    0x08005580   0x08005580   0x0000017a   Code   RO          681    .text               24cxx.o
    0x080056fa   0x080056fa   0x00000002   PAD
    0x080056fc   0x080056fc   0x00000254   Code   RO          704    .text               ctiic.o
    0x08005950   0x08005950   0x00000448   Code   RO          727    .text               gt9147.o
    0x08005d98   0x08005d98   0x00000388   Code   RO          772    .text               ott2001a.o
    0x08006120   0x08006120   0x0000032c   Code   RO          796    .text               ft5206.o
    0x0800644c   0x0800644c   0x00001104   Code   RO          820    .text               touch.o
    0x08007550   0x08007550   0x0000007c   Code   RO          852    .text               timer.o
    0x080075cc   0x080075cc   0x00000104   Code   RO         1133    .text               delay.o
    0x080076d0   0x080076d0   0x00000148   Code   RO         1173    .text               usart.o
    0x08007818   0x08007818   0x00000040   Code   RO         1205    .text               startup_stm32f40_41xxx.o
    0x08007858   0x08007858   0x000000e0   Code   RO         1211    .text               misc.o
    0x08007938   0x08007938   0x00000294   Code   RO         1231    .text               stm32f4xx_gpio.o
    0x08007bcc   0x08007bcc   0x000005c8   Code   RO         1251    .text               stm32f4xx_fsmc.o
    0x08008194   0x08008194   0x0000065c   Code   RO         1274    .text               stm32f4xx_rcc.o
    0x080087f0   0x080087f0   0x00000454   Code   RO         1316    .text               stm32f4xx_usart.o
    0x08008c44   0x08008c44   0x00000ca2   Code   RO         1336    .text               stm32f4xx_tim.o
    0x080098e6   0x080098e6   0x00000002   PAD
    0x080098e8   0x080098e8   0x000001c0   Code   RO         1354    .text               lv_debug.o
    0x08009aa8   0x08009aa8   0x00000112   Code   RO         1429    .text               lv_disp.o
    0x08009bba   0x08009bba   0x00000002   PAD
    0x08009bbc   0x08009bbc   0x000008b8   Code   RO         1496    .text               lv_group.o
    0x0800a474   0x0800a474   0x0000142c   Code   RO         1571    .text               lv_indev.o
    0x0800b8a0   0x0800b8a0   0x00002228   Code   RO         1600    .text               lv_obj.o
    0x0800dac8   0x0800dac8   0x000007f4   Code   RO         1685    .text               lv_refr.o
    0x0800e2bc   0x0800e2bc   0x00000ad0   Code   RO         1712    .text               lv_style.o
    0x0800ed8c   0x0800ed8c   0x00000194   Code   RO         1743    .text               lv_draw.o
    0x0800ef20   0x0800ef20   0x00000dba   Code   RO         1879    .text               lv_draw_basic.o
    0x0800fcda   0x0800fcda   0x00000002   PAD
    0x0800fcdc   0x0800fcdc   0x00000ab0   Code   RO         1944    .text               lv_draw_img.o
    0x0801078c   0x0801078c   0x0000059c   Code   RO         1972    .text               lv_draw_label.o
    0x08010d28   0x08010d28   0x00002d2e   Code   RO         2016    .text               lv_draw_rect.o
    0x08013a56   0x08013a56   0x00000002   PAD
    0x08013a58   0x08013a58   0x00000278   Code   RO         2066    .text               lv_img_cache.o
    0x08013cd0   0x08013cd0   0x00000a00   Code   RO         2121    .text               lv_img_decoder.o
    0x080146d0   0x080146d0   0x00000054   Code   RO         2193    .text               lv_font.o
    0x08014724   0x08014724   0x000006f8   Code   RO         2224    .text               lv_font_fmt_txt.o
    0x08014e1c   0x08014e1c   0x00000310   Code   RO         2751    .text               lv_hal_disp.o
    0x0801512c   0x0801512c   0x00000118   Code   RO         2844    .text               lv_hal_indev.o
    0x08015244   0x08015244   0x0000004c   Code   RO         2921    .text               lv_hal_tick.o
    0x08015290   0x08015290   0x00000538   Code   RO         2941    .text               lv_anim.o
    0x080157c8   0x080157c8   0x00000238   Code   RO         3033    .text               lv_area.o
    0x08015a00   0x08015a00   0x0000005c   Code   RO         3048    .text               lv_async.o
    0x08015a5c   0x08015a5c   0x00000062   Code   RO         3147    .text               lv_circ.o
    0x08015abe   0x08015abe   0x00000002   PAD
    0x08015ac0   0x08015ac0   0x000005c4   Code   RO         3177    .text               lv_fs.o
    0x08016084   0x08016084   0x0000007c   Code   RO         3221    .text               lv_gc.o
    0x08016100   0x08016100   0x00000378   Code   RO         3260    .text               lv_ll.o
    0x08016478   0x08016478   0x000001b4   Code   RO         3278    .text               lv_math.o
    0x0801662c   0x0801662c   0x00000304   Code   RO         3292    .text               lv_mem.o
    0x08016930   0x08016930   0x0000121c   Code   RO         3307    .text               lv_printf.o
    0x08017b4c   0x08017b4c   0x000003d0   Code   RO         3326    .text               lv_task.o
    0x08017f1c   0x08017f1c   0x000007d0   Code   RO         3358    .text               lv_txt.o
    0x080186ec   0x080186ec   0x000000d4   Code   RO         3380    .text               lv_utils.o
    0x080187c0   0x080187c0   0x000006c0   Code   RO         3608    .text               lv_btn.o
    0x08018e80   0x08018e80   0x000013f2   Code   RO         3637    .text               lv_btnm.o
    0x0801a272   0x0801a272   0x00000002   PAD
    0x0801a274   0x0801a274   0x00000d90   Code   RO         3873    .text               lv_cont.o
    0x0801b004   0x0801b004   0x00001904   Code   RO         4144    .text               lv_label.o
    0x0801c908   0x0801c908   0x00000858   Code   RO         4302    .text               lv_mbox.o
    0x0801d160   0x0801d160   0x00000034   Code   RO         4811    .text               lv_theme.o
    0x0801d194   0x0801d194   0x00000002   Code   RO         4964    .text               c_w.l(use_no_semi_2.o)
    0x0801d196   0x0801d196   0x000000ee   Code   RO         4966    .text               c_w.l(lludivv7m.o)
    0x0801d284   0x0801d284   0x00000018   Code   RO         4970    .text               c_w.l(noretval__2printf.o)
    0x0801d29c   0x0801d29c   0x00000068   Code   RO         4972    .text               c_w.l(__printf.o)
    0x0801d304   0x0801d304   0x00000052   Code   RO         4974    .text               c_w.l(_printf_str.o)
    0x0801d356   0x0801d356   0x00000002   PAD
    0x0801d358   0x0801d358   0x00000078   Code   RO         4976    .text               c_w.l(_printf_dec.o)
    0x0801d3d0   0x0801d3d0   0x00000058   Code   RO         4981    .text               c_w.l(_printf_hex_int.o)
    0x0801d428   0x0801d428   0x00000048   Code   RO         5024    .text               c_w.l(strcpy.o)
    0x0801d470   0x0801d470   0x0000003e   Code   RO         5026    .text               c_w.l(strlen.o)
    0x0801d4ae   0x0801d4ae   0x0000008a   Code   RO         5028    .text               c_w.l(rt_memcpy_v6.o)
    0x0801d538   0x0801d538   0x00000064   Code   RO         5030    .text               c_w.l(rt_memcpy_w.o)
    0x0801d59c   0x0801d59c   0x00000044   Code   RO         5032    .text               c_w.l(rt_memclr.o)
    0x0801d5e0   0x0801d5e0   0x0000004e   Code   RO         5034    .text               c_w.l(rt_memclr_w.o)
    0x0801d62e   0x0801d62e   0x00000002   PAD
    0x0801d630   0x0801d630   0x00000080   Code   RO         5038    .text               c_w.l(strcmpv7m.o)
    0x0801d6b0   0x0801d6b0   0x00000006   Code   RO         5040    .text               c_w.l(heapauxi.o)
    0x0801d6b6   0x0801d6b6   0x00000002   Code   RO         5094    .text               c_w.l(use_no_semi.o)
    0x0801d6b8   0x0801d6b8   0x00000016   Code   RO         5101    .text               c_w.l(_rserrno.o)
    0x0801d6ce   0x0801d6ce   0x000000b2   Code   RO         5103    .text               c_w.l(_printf_intcommon.o)
    0x0801d780   0x0801d780   0x0000041e   Code   RO         5105    .text               c_w.l(_printf_fp_dec.o)
    0x0801db9e   0x0801db9e   0x0000002c   Code   RO         5107    .text               c_w.l(_printf_char.o)
    0x0801dbca   0x0801dbca   0x00000002   PAD
    0x0801dbcc   0x0801dbcc   0x00000024   Code   RO         5109    .text               c_w.l(_printf_char_file.o)
    0x0801dbf0   0x0801dbf0   0x00000008   Code   RO         5143    .text               c_w.l(rt_locale_intlibspace.o)
    0x0801dbf8   0x0801dbf8   0x00000008   Code   RO         5148    .text               c_w.l(rt_errno_addr_intlibspace.o)
    0x0801dc00   0x0801dc00   0x0000008a   Code   RO         5150    .text               c_w.l(lludiv10.o)
    0x0801dc8a   0x0801dc8a   0x00000002   PAD
    0x0801dc8c   0x0801dc8c   0x00000030   Code   RO         5152    .text               c_w.l(_printf_char_common.o)
    0x0801dcbc   0x0801dcbc   0x00000080   Code   RO         5154    .text               c_w.l(_printf_fp_infnan.o)
    0x0801dd3c   0x0801dd3c   0x000000e4   Code   RO         5156    .text               c_w.l(bigflt0.o)
    0x0801de20   0x0801de20   0x00000008   Code   RO         5181    .text               c_w.l(ferror.o)
    0x0801de28   0x0801de28   0x00000008   Code   RO         5192    .text               c_w.l(libspace.o)
    0x0801de30   0x0801de30   0x0000004a   Code   RO         5195    .text               c_w.l(sys_stackheap_outer.o)
    0x0801de7a   0x0801de7a   0x00000012   Code   RO         5199    .text               c_w.l(exit.o)
    0x0801de8c   0x0801de8c   0x0000003e   Code   RO         5159    CL$$btod_d2e        c_w.l(btod.o)
    0x0801deca   0x0801deca   0x00000046   Code   RO         5161    CL$$btod_d2e_denorm_low  c_w.l(btod.o)
    0x0801df10   0x0801df10   0x00000060   Code   RO         5160    CL$$btod_d2e_norm_op1  c_w.l(btod.o)
    0x0801df70   0x0801df70   0x00000338   Code   RO         5169    CL$$btod_div_common  c_w.l(btod.o)
    0x0801e2a8   0x0801e2a8   0x000000dc   Code   RO         5166    CL$$btod_e2e        c_w.l(btod.o)
    0x0801e384   0x0801e384   0x0000002a   Code   RO         5163    CL$$btod_ediv       c_w.l(btod.o)
    0x0801e3ae   0x0801e3ae   0x0000002a   Code   RO         5162    CL$$btod_emul       c_w.l(btod.o)
    0x0801e3d8   0x0801e3d8   0x00000244   Code   RO         5168    CL$$btod_mult_common  c_w.l(btod.o)
    0x0801e61c   0x0801e61c   0x00000030   Code   RO         5190    i.__ARM_fpclassify  m_wm.l(fpclassify.o)
    0x0801e64c   0x0801e64c   0x0000007a   Code   RO         5082    i.__hardfp_sqrt     m_wm.l(sqrt.o)
    0x0801e6c6   0x0801e6c6   0x00000002   PAD
    0x0801e6c8   0x0801e6c8   0x0000002c   Code   RO         5186    locale$$code        c_w.l(lc_numeric_c.o)
    0x0801e6f4   0x0801e6f4   0x00000018   Code   RO         5044    x$fpl$basic         fz_wm.l(basic.o)
    0x0801e70c   0x0801e70c   0x00000150   Code   RO         5046    x$fpl$dadd          fz_wm.l(daddsub_clz.o)
    0x0801e85c   0x0801e85c   0x00000018   Code   RO         5112    x$fpl$dcmpinf       fz_wm.l(dcmpi.o)
    0x0801e874   0x0801e874   0x000002b0   Code   RO         5053    x$fpl$ddiv          fz_wm.l(ddiv.o)
    0x0801eb24   0x0801eb24   0x00000078   Code   RO         5056    x$fpl$deqf          fz_wm.l(deqf.o)
    0x0801eb9c   0x0801eb9c   0x0000005e   Code   RO         5058    x$fpl$dfix          fz_wm.l(dfix.o)
    0x0801ebfa   0x0801ebfa   0x00000002   PAD
    0x0801ebfc   0x0801ebfc   0x0000005a   Code   RO         5062    x$fpl$dfixu         fz_wm.l(dfixu.o)
    0x0801ec56   0x0801ec56   0x0000002e   Code   RO         5067    x$fpl$dflt          fz_wm.l(dflt_clz.o)
    0x0801ec84   0x0801ec84   0x00000026   Code   RO         5066    x$fpl$dfltu         fz_wm.l(dflt_clz.o)
    0x0801ecaa   0x0801ecaa   0x00000002   PAD
    0x0801ecac   0x0801ecac   0x00000078   Code   RO         5072    x$fpl$dleqf         fz_wm.l(dleqf.o)
    0x0801ed24   0x0801ed24   0x00000154   Code   RO         5074    x$fpl$dmul          fz_wm.l(dmul.o)
    0x0801ee78   0x0801ee78   0x0000009c   Code   RO         5114    x$fpl$dnaninf       fz_wm.l(dnaninf.o)
    0x0801ef14   0x0801ef14   0x0000000c   Code   RO         5116    x$fpl$dretinf       fz_wm.l(dretinf.o)
    0x0801ef20   0x0801ef20   0x0000006c   Code   RO         5076    x$fpl$drleqf        fz_wm.l(drleqf.o)
    0x0801ef8c   0x0801ef8c   0x00000016   Code   RO         5047    x$fpl$drsb          fz_wm.l(daddsub_clz.o)
    0x0801efa2   0x0801efa2   0x00000002   PAD
    0x0801efa4   0x0801efa4   0x00000198   Code   RO         5118    x$fpl$dsqrt         fz_wm.l(dsqrt_umaal.o)
    0x0801f13c   0x0801f13c   0x000001d4   Code   RO         5048    x$fpl$dsub          fz_wm.l(daddsub_clz.o)
    0x0801f310   0x0801f310   0x00000056   Code   RO         5078    x$fpl$f2d           fz_wm.l(f2d.o)
    0x0801f366   0x0801f366   0x0000008c   Code   RO         5120    x$fpl$fnaninf       fz_wm.l(fnaninf.o)
    0x0801f3f2   0x0801f3f2   0x0000000a   Code   RO         5266    x$fpl$fpinit        fz_wm.l(fpinit.o)
    0x0801f3fc   0x0801f3fc   0x00000004   Code   RO         5080    x$fpl$printf1       fz_wm.l(printf1.o)
    0x0801f400   0x0801f400   0x00000000   Code   RO         5122    x$fpl$usenofp       fz_wm.l(usenofp.o)
    0x0801f400   0x0801f400   0x000017c0   Data   RO          586    .constdata          lcd.o
    0x08020bc0   0x08020bc0   0x000000c2   Data   RO          728    .constdata          gt9147.o
    0x08020c82   0x08020c82   0x0000000a   Data   RO          773    .constdata          ott2001a.o
    0x08020c8c   0x08020c8c   0x0000000a   Data   RO          797    .constdata          ft5206.o
    0x08020c96   0x08020c96   0x00000002   PAD
    0x08020c98   0x08020c98   0x00000004   Data   RO          821    .constdata          touch.o
    0x08020c9c   0x08020c9c   0x0000001c   Data   RO         1252    .constdata          stm32f4xx_fsmc.o
    0x08020cb8   0x08020cb8   0x00000011   Data   RO         1355    .constdata          lv_debug.o
    0x08020cc9   0x08020cc9   0x00000003   PAD
    0x08020ccc   0x08020ccc   0x0000002e   Data   RO         1497    .constdata          lv_group.o
    0x08020cfa   0x08020cfa   0x00000002   PAD
    0x08020cfc   0x08020cfc   0x00000016   Data   RO         1714    .constdata          lv_style.o
    0x08020d12   0x08020d12   0x00000024   Data   RO         1744    .constdata          lv_draw.o
    0x08020d36   0x08020d36   0x00000011   Data   RO         2017    .constdata          lv_draw_rect.o
    0x08020d47   0x08020d47   0x00000001   PAD
    0x08020d48   0x08020d48   0x000033e8   Data   RO         2592    .constdata          lv_font_roboto_16.o
    0x08024130   0x08024130   0x00000002   Data   RO         2752    .constdata          lv_hal_disp.o
    0x08024132   0x08024132   0x000000b6   Data   RO         3279    .constdata          lv_math.o
    0x080241e8   0x080241e8   0x00000050   Data   RO         3308    .constdata          lv_printf.o
    0x08024238   0x08024238   0x00000028   Data   RO         4982    .constdata          c_w.l(_printf_hex_int.o)
    0x08024260   0x08024260   0x00000094   Data   RO         5157    .constdata          c_w.l(bigflt0.o)
    0x080242f4   0x080242f4   0x0000000d   Data   RO            5    .conststring        main.o
    0x08024301   0x08024301   0x00000003   PAD
    0x08024304   0x08024304   0x00000079   Data   RO          822    .conststring        touch.o
    0x0802437d   0x0802437d   0x00000003   PAD
    0x08024380   0x08024380   0x00000029   Data   RO         3638    .conststring        lv_btnm.o
    0x080243a9   0x080243a9   0x00000003   PAD
    0x080243ac   0x080243ac   0x00000020   Data   RO         5331    Region$$Table       anon$$obj.o
    0x080243cc   0x080243cc   0x0000001c   Data   RO         5185    locale$$data        c_w.l(lc_numeric_c.o)


    Execution Region RW_IRAM1 (Exec base: 0x20000000, Load base: 0x080243e8, Size: 0x0000b5d0, Max: 0x00020000, ABSOLUTE, COMPRESSED[0x000000ac])

    Exec Addr    Load Addr    Size         Type   Attr      Idx    E Section Name        Object

    0x20000000   COMPRESSED   0x00000010   Data   RW            6    .data               main.o
    0x20000010   COMPRESSED   0x00000014   Data   RW          559    .data               system_stm32f4xx.o
    0x20000024   COMPRESSED   0x00000004   Data   RW          587    .data               lcd.o
    0x20000028   COMPRESSED   0x00000001   Data   RW          729    .data               gt9147.o
    0x20000029   COMPRESSED   0x00000001   Data   RW          774    .data               ott2001a.o
    0x2000002a   COMPRESSED   0x00000001   Data   RW          798    .data               ft5206.o
    0x2000002b   COMPRESSED   0x00000001   PAD
    0x2000002c   COMPRESSED   0x00000036   Data   RW          823    .data               touch.o
    0x20000062   COMPRESSED   0x00000004   Data   RW         1134    .data               delay.o
    0x20000066   COMPRESSED   0x00000002   PAD
    0x20000068   COMPRESSED   0x00000006   Data   RW         1175    .data               usart.o
    0x2000006e   COMPRESSED   0x00000010   Data   RW         1275    .data               stm32f4xx_rcc.o
    0x2000007e   COMPRESSED   0x00000002   PAD
    0x20000080   COMPRESSED   0x00000008   Data   RW         1572    .data               lv_indev.o
    0x20000088   COMPRESSED   0x0000000c   Data   RW         1601    .data               lv_obj.o
    0x20000094   COMPRESSED   0x00000008   Data   RW         1686    .data               lv_refr.o
    0x2000009c   COMPRESSED   0x00000024   Data   RW         1745    .data               lv_draw.o
    0x200000c0   COMPRESSED   0x00000002   Data   RW         1881    .data               lv_draw_basic.o
    0x200000c2   COMPRESSED   0x00000002   Data   RW         2067    .data               lv_img_cache.o
    0x200000c4   COMPRESSED   0x00000010   Data   RW         2225    .data               lv_font_fmt_txt.o
    0x200000d4   COMPRESSED   0x0000002c   Data   RW         2593    .data               lv_font_roboto_16.o
    0x20000100   COMPRESSED   0x00000004   Data   RW         2753    .data               lv_hal_disp.o
    0x20000104   COMPRESSED   0x00000005   Data   RW         2922    .data               lv_hal_tick.o
    0x20000109   COMPRESSED   0x00000003   PAD
    0x2000010c   COMPRESSED   0x00000005   Data   RW         2942    .data               lv_anim.o
    0x20000111   COMPRESSED   0x00000003   PAD
    0x20000114   COMPRESSED   0x0000000c   Data   RW         3223    .data               lv_gc.o
    0x20000120   COMPRESSED   0x00000008   Data   RW         3294    .data               lv_mem.o
    0x20000128   COMPRESSED   0x00000014   Data   RW         3327    .data               lv_task.o
    0x2000013c   COMPRESSED   0x00000020   Data   RW         3359    .data               lv_txt.o
    0x2000015c   COMPRESSED   0x00000008   Data   RW         3609    .data               lv_btn.o
    0x20000164   COMPRESSED   0x00000024   Data   RW         3639    .data               lv_btnm.o
    0x20000188   COMPRESSED   0x00000004   Data   RW         3874    .data               lv_cont.o
    0x2000018c   COMPRESSED   0x00000004   Data   RW         4145    .data               lv_label.o
    0x20000190   COMPRESSED   0x00000004   Data   RW         4303    .data               lv_mbox.o
    0x20000194   COMPRESSED   0x00000004   Data   RW         4812    .data               lv_theme.o
    0x20000198        -       0x0000259c   Zero   RW            4    .bss                main.o
    0x20002734        -       0x0000000e   Zero   RW          585    .bss                lcd.o
    0x20002742        -       0x000000c8   Zero   RW         1174    .bss                usart.o
    0x2000280a   COMPRESSED   0x00000002   PAD
    0x2000280c        -       0x00000340   Zero   RW         1713    .bss                lv_style.o
    0x20002b4c        -       0x000003c0   Zero   RW         1880    .bss                lv_draw_basic.o
    0x20002f0c        -       0x00000060   Zero   RW         3222    .bss                lv_gc.o
    0x20002f6c        -       0x00008000   Zero   RW         3293    .bss                lv_mem.o
    0x2000af6c        -       0x00000060   Zero   RW         5193    .bss                c_w.l(libspace.o)
    0x2000afcc   COMPRESSED   0x00000004   PAD
    0x2000afd0        -       0x00000200   Zero   RW         1203    HEAP                startup_stm32f40_41xxx.o
    0x2000b1d0        -       0x00000400   Zero   RW         1202    STACK               startup_stm32f40_41xxx.o


==============================================================================

Image component sizes


      Code (inc. data)   RO Data    RW Data    ZI Data      Debug   Object Name

       378          0          0          0          0       2826   24cxx.o
       596         24          0          0          0       2089   ctiic.o
       260          8          0          4          0       1485   delay.o
       812         40         10          1          0       2547   ft5206.o
      1096         78        194          1          0       3106   gt9147.o
     19584        174       6080          4         14     252042   lcd.o
      1336         32          0          5          0      11797   lv_anim.o
         0          0          0          0          0      22858   lv_arc.o
       568          0          0          0          0       4521   lv_area.o
        92          6          0          0          0       3984   lv_async.o
         0          0          0          0          0      12891   lv_bar.o
         0          0          0          0          0       7128   lv_bidi.o
      1728         88          0          8          0      14714   lv_btn.o
      5106        110         41         36          0      16405   lv_btnm.o
         0          0          0          0          0       3910   lv_calendar.o
        98          0          0          0          0       1365   lv_circ.o
      3472         60          0          4          0      15978   lv_cont.o
       448          8         17          0          0      25916   lv_debug.o
       274          0          0          0          0      23513   lv_disp.o
       404         28         36         36          0      19723   lv_draw.o
      3514         32          0          2        960      25911   lv_draw_basic.o
      2736         84          0          0          0      20246   lv_draw_img.o
      1436         24          0          0          0      13594   lv_draw_label.o
     11566         16         17          0          0      22869   lv_draw_rect.o
        84          0          0          0          0       6661   lv_font.o
      1784         66          0         16          0       9587   lv_font_fmt_txt.o
         0          0          0          0          0       1728   lv_font_roboto_12.o
         0          0      13288         44          0       2116   lv_font_roboto_16.o
      1476         30          0          0          0      10608   lv_fs.o
       124         44          0         12         96       8422   lv_gc.o
      2232         54         46          0          0      27921   lv_group.o
       784         36          2          4          0      29378   lv_hal_disp.o
       280         24          0          0          0      25368   lv_hal_indev.o
        76         10          0          5          0       1604   lv_hal_tick.o
       632         30          0          2          0      14884   lv_img_cache.o
      2560         50          0          0          0      19490   lv_img_decoder.o
      5164         36          0          8          0      14278   lv_indev.o
      6404        160          0          4          0      27599   lv_label.o
       888          0          0          0          0       5778   lv_ll.o
       436          4        182          0          0       2555   lv_math.o
      2136        110          0          4          0      22669   lv_mbox.o
       772         12          0          8      32768       4309   lv_mem.o
      8744        166          0         12          0      41537   lv_obj.o
      4636        208         80          0          0      10815   lv_printf.o
      2036         14          0          8          0       6833   lv_refr.o
      2768        106         22          0        832      11569   lv_style.o
       976         58          0         20          0       4852   lv_task.o
        52          6          0          4          0      29230   lv_theme.o
      2000         34          0         32          0      11135   lv_txt.o
       212          0          0          0          0       1583   lv_utils.o
       484         44         13         16       9628      32372   main.o
       224         20          0          0          0       1825   misc.o
       604         14          0          0          0       1924   myiic.o
       904         66         10          1          0       2759   ott2001a.o
        64         26        392          0       1536        832   startup_stm32f40_41xxx.o
      1480         18         28          0          0       5658   stm32f4xx_fsmc.o
       660         44          0          0          0       4165   stm32f4xx_gpio.o
        26          0          0          0          0      56994   stm32f4xx_it.o
      1628         52          0         16          0      13044   stm32f4xx_rcc.o
      3234         60          0          0          0      23020   stm32f4xx_tim.o
      1108         34          0          0          0       7888   stm32f4xx_usart.o
       528         46          0         20          0       1787   system_stm32f4xx.o
       124          6          0          0          0       1352   timer.o
      4356        342        125         54          0       6897   touch.o
       328         16          0          6        200       3310   usart.o

    ----------------------------------------------------------------------
    118528       2858      20632        408      46036    1047754   Object Totals
         0          0         32          0          0          0   (incl. Generated)
        16          0         17         11          2          0   (incl. Padding)

    ----------------------------------------------------------------------

      Code (inc. data)   RO Data    RW Data    ZI Data      Debug   Library Member Name

        90          0          0          0          0          0   __dczerorl2.o
         8          0          0          0          0         68   __main.o
       104          0          0          0          0         84   __printf.o
         0          0          0          0          0          0   __rtentry.o
        12          0          0          0          0          0   __rtentry2.o
         6          0          0          0          0          0   __rtentry4.o
        52          8          0          0          0          0   __scatter.o
        28          0          0          0          0          0   __scatter_zi.o
        44          0          0          0          0        108   _printf_char.o
        48          6          0          0          0         96   _printf_char_common.o
        36          4          0          0          0         80   _printf_char_file.o
         6          0          0          0          0          0   _printf_d.o
       120         16          0          0          0         92   _printf_dec.o
         6          0          0          0          0          0   _printf_f.o
      1054          0          0          0          0        216   _printf_fp_dec.o
       128         16          0          0          0         84   _printf_fp_infnan.o
        88          4         40          0          0         88   _printf_hex_int.o
       178          0          0          0          0         88   _printf_intcommon.o
         0          0          0          0          0          0   _printf_percent.o
         4          0          0          0          0          0   _printf_percent_end.o
         6          0          0          0          0          0   _printf_s.o
        82          0          0          0          0         80   _printf_str.o
         6          0          0          0          0          0   _printf_x.o
        22          0          0          0          0        100   _rserrno.o
       228          4        148          0          0         96   bigflt0.o
      1936        128          0          0          0        672   btod.o
        18          0          0          0          0         80   exit.o
         8          0          0          0          0         68   ferror.o
         6          0          0          0          0        152   heapauxi.o
        44         10         28          0          0         76   lc_numeric_c.o
         2          0          0          0          0          0   libinit.o
        22          0          0          0          0          0   libinit2.o
         2          0          0          0          0          0   libshutdown.o
         2          0          0          0          0          0   libshutdown2.o
         8          4          0          0         96         68   libspace.o
       138          0          0          0          0         80   lludiv10.o
       238          0          0          0          0        100   lludivv7m.o
        24          4          0          0          0         84   noretval__2printf.o
         8          4          0          0          0         68   rt_errno_addr_intlibspace.o
         8          4          0          0          0         68   rt_locale_intlibspace.o
        68          0          0          0          0         68   rt_memclr.o
        78          0          0          0          0         80   rt_memclr_w.o
       138          0          0          0          0         68   rt_memcpy_v6.o
       100          0          0          0          0         80   rt_memcpy_w.o
         2          0          0          0          0          0   rtexit.o
        10          0          0          0          0          0   rtexit2.o
       128          0          0          0          0         68   strcmpv7m.o
        72          0          0          0          0         80   strcpy.o
        62          0          0          0          0         76   strlen.o
        74          0          0          0          0         80   sys_stackheap_outer.o
         2          0          0          0          0         68   use_no_semi.o
         2          0          0          0          0         68   use_no_semi_2.o
        24          0          0          0          0        164   basic.o
       826         16          0          0          0        492   daddsub_clz.o
        24          0          0          0          0        116   dcmpi.o
       688        140          0          0          0        256   ddiv.o
       120          4          0          0          0        140   deqf.o
        94          4          0          0          0        140   dfix.o
        90          4          0          0          0        140   dfixu.o
        84          0          0          0          0        232   dflt_clz.o
       120          4          0          0          0        140   dleqf.o
       340         12          0          0          0        152   dmul.o
       156          4          0          0          0        140   dnaninf.o
        12          0          0          0          0        116   dretinf.o
       108          0          0          0          0        128   drleqf.o
       408         56          0          0          0        168   dsqrt_umaal.o
        86          4          0          0          0        132   f2d.o
       140          4          0          0          0        132   fnaninf.o
        10          0          0          0          0        116   fpinit.o
         4          0          0          0          0        116   printf1.o
         0          0          0          0          0          0   usenofp.o
        48          0          0          0          0        124   fpclassify.o
       122          0          0          0          0        148   sqrt.o

    ----------------------------------------------------------------------
      9080        464        216          0        100       6824   Library Totals
        20          0          0          0          4          0   (incl. Padding)

    ----------------------------------------------------------------------

      Code (inc. data)   RO Data    RW Data    ZI Data      Debug   Library Name

      5556        212        216          0         96       3532   c_w.l
      3334        252          0          0          0       3020   fz_wm.l
       170          0          0          0          0        272   m_wm.l

    ----------------------------------------------------------------------
      9080        464        216          0        100       6824   Library Totals

    ----------------------------------------------------------------------

==============================================================================


      Code (inc. data)   RO Data    RW Data    ZI Data      Debug   

    127608       3322      20848        408      46136    1039302   Grand Totals
    127608       3322      20848        172      46136    1039302   ELF Image Totals (compressed)
    127608       3322      20848        172          0          0   ROM Totals

==============================================================================

    Total RO  Size (Code + RO Data)               148456 ( 144.98kB)
    Total RW  Size (RW Data + ZI Data)             46544 (  45.45kB)
    Total ROM Size (Code + RO Data + RW Data)     148628 ( 145.14kB)

==============================================================================

