Component: ARM Compiler 5.06 update 6 (build 750) Tool: armlink [4d35ed]

==============================================================================

Section Cross References

    main.o(.text) refers to lcd.o(.text) for LCD_Fast_DrawPoint
    main.o(.text) refers to lv_hal_disp.o(.text) for lv_disp_flush_ready
    main.o(.text) refers to misc.o(.text) for NVIC_PriorityGroupConfig
    main.o(.text) refers to delay.o(.text) for delay_init
    main.o(.text) refers to usart.o(.text) for uart_init
    main.o(.text) refers to timer.o(.text) for TIM3_Int_Init
    main.o(.text) refers to lv_obj.o(.text) for lv_init
    main.o(.text) refers to lv_hal_indev.o(.text) for lv_indev_drv_init
    main.o(.text) refers to lv_theme_night.o(.text) for lv_theme_night_init
    main.o(.text) refers to lv_test_theme_1.o(.text) for lv_test_theme_1
    main.o(.text) refers to lv_task.o(.text) for lv_task_handler
    main.o(.text) refers to touch.o(.data) for tp_dev
    main.o(.text) refers to lcd.o(.bss) for lcddev
    main.o(.text) refers to main.o(.data) for last_x
    main.o(.text) refers to main.o(.bss) for buf
    system_stm32f4xx.o(.text) refers to system_stm32f4xx.o(.data) for SystemCoreClock
    lcd.o(.text) refers to _printf_percent.o(.ARM.Collect$$_printf_percent$$00000000) for _printf_percent
    lcd.o(.text) refers to _printf_x.o(.ARM.Collect$$_printf_percent$$0000000C) for _printf_x
    lcd.o(.text) refers to _printf_hex_int.o(.text) for _printf_longlong_hex
    lcd.o(.text) refers to delay.o(.text) for delay_us
    lcd.o(.text) refers to lcd.o(.bss) for lcddev
    lcd.o(.text) refers to lcd.o(.data) for POINT_COLOR
    lcd.o(.text) refers to dflt_clz.o(x$fpl$dfltu) for __aeabi_ui2d
    lcd.o(.text) refers to dmul.o(x$fpl$dmul) for __aeabi_dmul
    lcd.o(.text) refers to dfixu.o(x$fpl$dfixu) for __aeabi_d2uiz
    lcd.o(.text) refers to stm32f4xx_rcc.o(.text) for RCC_AHB1PeriphClockCmd
    lcd.o(.text) refers to stm32f4xx_gpio.o(.text) for GPIO_Init
    lcd.o(.text) refers to stm32f4xx_fsmc.o(.text) for FSMC_NORSRAMInit
    lcd.o(.text) refers to noretval__2printf.o(.text) for __2printf
    lcd.o(.text) refers to lcd.o(.constdata) for asc2_1206
    myiic.o(.text) refers to stm32f4xx_rcc.o(.text) for RCC_AHB1PeriphClockCmd
    myiic.o(.text) refers to stm32f4xx_gpio.o(.text) for GPIO_Init
    myiic.o(.text) refers to delay.o(.text) for delay_us
    24cxx.o(.text) refers to myiic.o(.text) for IIC_Init
    24cxx.o(.text) refers to delay.o(.text) for delay_ms
    ctiic.o(.text) refers to delay.o(.text) for delay_us
    ctiic.o(.text) refers to stm32f4xx_rcc.o(.text) for RCC_AHB1PeriphClockCmd
    ctiic.o(.text) refers to stm32f4xx_gpio.o(.text) for GPIO_Init
    gt9147.o(.text) refers to _printf_percent.o(.ARM.Collect$$_printf_percent$$00000000) for _printf_percent
    gt9147.o(.text) refers to _printf_s.o(.ARM.Collect$$_printf_percent$$00000014) for _printf_s
    gt9147.o(.text) refers to _printf_str.o(.text) for _printf_str
    gt9147.o(.text) refers to _printf_d.o(.ARM.Collect$$_printf_percent$$00000009) for _printf_d
    gt9147.o(.text) refers to _printf_dec.o(.text) for _printf_int_dec
    gt9147.o(.text) refers to ctiic.o(.text) for CT_IIC_Start
    gt9147.o(.text) refers to stm32f4xx_rcc.o(.text) for RCC_AHB1PeriphClockCmd
    gt9147.o(.text) refers to stm32f4xx_gpio.o(.text) for GPIO_Init
    gt9147.o(.text) refers to delay.o(.text) for delay_ms
    gt9147.o(.text) refers to noretval__2printf.o(.text) for __2printf
    gt9147.o(.text) refers to strcmpv7m.o(.text) for strcmp
    gt9147.o(.text) refers to gt9147.o(.constdata) for GT9147_CFG_TBL
    gt9147.o(.text) refers to gt9147.o(.data) for t
    gt9147.o(.text) refers to touch.o(.data) for tp_dev
    gt9147.o(.text) refers to lcd.o(.bss) for lcddev
    ott2001a.o(.text) refers to _printf_percent.o(.ARM.Collect$$_printf_percent$$00000000) for _printf_percent
    ott2001a.o(.text) refers to _printf_x.o(.ARM.Collect$$_printf_percent$$0000000C) for _printf_x
    ott2001a.o(.text) refers to _printf_hex_int.o(.text) for _printf_longlong_hex
    ott2001a.o(.text) refers to ctiic.o(.text) for CT_IIC_Start
    ott2001a.o(.text) refers to stm32f4xx_rcc.o(.text) for RCC_AHB1PeriphClockCmd
    ott2001a.o(.text) refers to stm32f4xx_gpio.o(.text) for GPIO_Init
    ott2001a.o(.text) refers to delay.o(.text) for delay_ms
    ott2001a.o(.text) refers to noretval__2printf.o(.text) for __2printf
    ott2001a.o(.text) refers to dflt_clz.o(x$fpl$dflt) for __aeabi_i2d
    ott2001a.o(.text) refers to dmul.o(x$fpl$dmul) for __aeabi_dmul
    ott2001a.o(.text) refers to dfixu.o(x$fpl$dfixu) for __aeabi_d2uiz
    ott2001a.o(.text) refers to daddsub_clz.o(x$fpl$drsb) for __aeabi_drsub
    ott2001a.o(.text) refers to ott2001a.o(.data) for t
    ott2001a.o(.text) refers to touch.o(.data) for tp_dev
    ott2001a.o(.text) refers to ott2001a.o(.constdata) for OTT_TPX_TBL
    ft5206.o(.text) refers to _printf_percent.o(.ARM.Collect$$_printf_percent$$00000000) for _printf_percent
[...]
    lv_chart_set_y_tick_texts                0x0802063f   Thumb Code    80  lv_chart.o(.text)
    lv_chart_set_secondary_y_tick_texts      0x0802068f   Thumb Code    82  lv_chart.o(.text)
    lv_chart_set_margin                      0x080206e1   Thumb Code    48  lv_chart.o(.text)
    lv_chart_get_type                        0x08020711   Thumb Code    40  lv_chart.o(.text)
    lv_chart_get_point_cnt                   0x08020739   Thumb Code    40  lv_chart.o(.text)
    lv_chart_get_series_opa                  0x08020761   Thumb Code    42  lv_chart.o(.text)
    lv_chart_get_series_width                0x0802078b   Thumb Code    42  lv_chart.o(.text)
    lv_chart_get_series_darking              0x080207b5   Thumb Code    42  lv_chart.o(.text)
    lv_chart_get_margin                      0x080207df   Thumb Code    40  lv_chart.o(.text)
    lv_cont_get_layout                       0x08020f01   Thumb Code    42  lv_cont.o(.text)
    lv_cont_create                           0x080212d7   Thumb Code   320  lv_cont.o(.text)
    lv_cont_set_layout                       0x08021417   Thumb Code    72  lv_cont.o(.text)
    lv_cont_set_fit4                         0x0802145f   Thumb Code   142  lv_cont.o(.text)
    lv_cont_get_fit_left                     0x080214ed   Thumb Code    44  lv_cont.o(.text)
    lv_cont_get_fit_right                    0x08021519   Thumb Code    42  lv_cont.o(.text)
    lv_cont_get_fit_top                      0x08021543   Thumb Code    44  lv_cont.o(.text)
    lv_cont_get_fit_bottom                   0x0802156f   Thumb Code    44  lv_cont.o(.text)
    lv_ddlist_get_style                      0x080215c5   Thumb Code    76  lv_ddlist.o(.text)
    lv_ddlist_set_style                      0x080216d9   Thumb Code   106  lv_ddlist.o(.text)
    lv_ddlist_set_options                    0x0802192d   Thumb Code   236  lv_ddlist.o(.text)
    lv_ddlist_create                         0x08022149   Thumb Code   676  lv_ddlist.o(.text)
    lv_ddlist_set_selected                   0x080223ed   Thumb Code    94  lv_ddlist.o(.text)
    lv_ddlist_set_fix_height                 0x0802244b   Thumb Code    64  lv_ddlist.o(.text)
    lv_ddlist_set_fix_width                  0x0802248b   Thumb Code   170  lv_ddlist.o(.text)
    lv_ddlist_set_draw_arrow                 0x08022535   Thumb Code    52  lv_ddlist.o(.text)
    lv_ddlist_set_stay_open                  0x08022569   Thumb Code    52  lv_ddlist.o(.text)
    lv_ddlist_set_align                      0x0802259d   Thumb Code   116  lv_ddlist.o(.text)
    lv_ddlist_get_options                    0x08022611   Thumb Code    44  lv_ddlist.o(.text)
    lv_ddlist_get_selected                   0x0802263d   Thumb Code    40  lv_ddlist.o(.text)
    lv_ddlist_get_selected_str               0x08022665   Thumb Code   196  lv_ddlist.o(.text)
    lv_ddlist_get_fix_height                 0x08022729   Thumb Code    42  lv_ddlist.o(.text)
    lv_ddlist_get_draw_arrow                 0x08022753   Thumb Code    46  lv_ddlist.o(.text)
    lv_ddlist_get_stay_open                  0x08022781   Thumb Code    46  lv_ddlist.o(.text)
    lv_ddlist_get_align                      0x080227af   Thumb Code    20  lv_ddlist.o(.text)
    lv_ddlist_open                           0x080227c3   Thumb Code    56  lv_ddlist.o(.text)
    lv_ddlist_close                          0x080227fb   Thumb Code    54  lv_ddlist.o(.text)
    lv_gauge_set_needle_count                0x08022881   Thumb Code   146  lv_gauge.o(.text)
    lv_gauge_set_scale                       0x08022913   Thumb Code    64  lv_gauge.o(.text)
    lv_gauge_create                          0x08022eab   Thumb Code   292  lv_gauge.o(.text)
    lv_gauge_set_value                       0x08022fcf   Thumb Code   110  lv_gauge.o(.text)
    lv_gauge_get_value                       0x0802303d   Thumb Code    68  lv_gauge.o(.text)
    lv_gauge_get_needle_count                0x08023081   Thumb Code    40  lv_gauge.o(.text)
    lv_gauge_get_label_count                 0x080230a9   Thumb Code    40  lv_gauge.o(.text)
    lv_img_get_auto_size                     0x0802311d   Thumb Code    42  lv_img.o(.text)
    lv_img_set_src                           0x08023147   Thumb Code   382  lv_img.o(.text)
    lv_img_create                            0x080234fb   Thumb Code   316  lv_img.o(.text)
    lv_img_set_auto_size                     0x08023637   Thumb Code    48  lv_img.o(.text)
    lv_img_set_offset_x                      0x08023667   Thumb Code    58  lv_img.o(.text)
    lv_img_set_offset_y                      0x080236a1   Thumb Code    58  lv_img.o(.text)
    lv_img_get_src                           0x080236db   Thumb Code    40  lv_img.o(.text)
    lv_img_get_file_name                     0x08023703   Thumb Code    56  lv_img.o(.text)
    lv_img_get_offset_x                      0x0802373b   Thumb Code    42  lv_img.o(.text)
    lv_img_get_offset_y                      0x08023765   Thumb Code    42  lv_img.o(.text)
    lv_kb_set_style                          0x080237ad   Thumb Code   120  lv_kb.o(.text)
    lv_kb_set_ta                             0x08023825   Thumb Code   132  lv_kb.o(.text)
    lv_kb_def_event_cb                       0x080238a9   Thumb Code   552  lv_kb.o(.text)
    lv_kb_create                             0x08023b67   Thumb Code   474  lv_kb.o(.text)
    lv_kb_set_mode                           0x08023d41   Thumb Code   118  lv_kb.o(.text)
    lv_kb_set_cursor_manage                  0x08023db7   Thumb Code   110  lv_kb.o(.text)
    lv_kb_get_ta                             0x08023e25   Thumb Code    40  lv_kb.o(.text)
    lv_kb_get_mode                           0x08023e4d   Thumb Code    42  lv_kb.o(.text)
    lv_kb_get_cursor_manage                  0x08023e77   Thumb Code    46  lv_kb.o(.text)
    lv_kb_get_style                          0x08023ea5   Thumb Code   128  lv_kb.o(.text)
    lv_label_get_text                        0x08023fcd   Thumb Code    38  lv_label.o(.text)
    lv_label_get_align                       0x08023ff3   Thumb Code    50  lv_label.o(.text)
    lv_label_get_letter_on                   0x08024025   Thumb Code   546  lv_label.o(.text)
    lv_label_set_static_text                 0x080246bf   Thumb Code   106  lv_label.o(.text)
    lv_label_set_text                        0x08024729   Thumb Code   278  lv_label.o(.text)
    lv_label_set_align                       0x0802483f   Thumb Code    68  lv_label.o(.text)
    lv_label_get_body_draw                   0x08024883   Thumb Code    44  lv_label.o(.text)
    lv_label_set_body_draw                   0x080248af   Thumb Code    74  lv_label.o(.text)
    lv_label_get_recolor                     0x080248f9   Thumb Code    44  lv_label.o(.text)
    lv_label_set_recolor                     0x08024925   Thumb Code    68  lv_label.o(.text)
    lv_label_get_long_mode                   0x08024969   Thumb Code    44  lv_label.o(.text)
    lv_label_set_long_mode                   0x08024a25   Thumb Code   152  lv_label.o(.text)
    lv_label_get_text_sel_end                0x08024c05   Thumb Code    34  lv_label.o(.text)
    lv_label_get_text_sel_start              0x08024c27   Thumb Code    34  lv_label.o(.text)
    lv_label_create                          0x08024ecf   Thumb Code   502  lv_label.o(.text)
    lv_label_set_text_fmt                    0x080250c5   Thumb Code   214  lv_label.o(.text)
    lv_label_set_array_text                  0x0802519b   Thumb Code   162  lv_label.o(.text)
    lv_label_set_anim_speed                  0x0802523d   Thumb Code    78  lv_label.o(.text)
    lv_label_set_text_sel_start              0x0802528b   Thumb Code    32  lv_label.o(.text)
    lv_label_set_text_sel_end                0x080252ab   Thumb Code    32  lv_label.o(.text)
    lv_label_get_anim_speed                  0x080252cb   Thumb Code    62  lv_label.o(.text)
    lv_label_get_letter_pos                  0x08025309   Thumb Code   478  lv_label.o(.text)
    lv_label_is_char_under_pos               0x080254e7   Thumb Code   540  lv_label.o(.text)
    lv_label_ins_text                        0x08025703   Thumb Code   198  lv_label.o(.text)
    lv_label_cut_text                        0x080257c9   Thumb Code    86  lv_label.o(.text)
    lv_led_create                            0x080259df   Thumb Code   206  lv_led.o(.text)
    lv_led_set_bright                        0x08025aad   Thumb Code    56  lv_led.o(.text)
    lv_led_on                                0x08025ae5   Thumb Code    36  lv_led.o(.text)
    lv_led_off                               0x08025b09   Thumb Code    36  lv_led.o(.text)
    lv_led_get_bright                        0x08025b2d   Thumb Code    38  lv_led.o(.text)
    lv_led_toggle                            0x08025b53   Thumb Code    54  lv_led.o(.text)
    lv_line_set_points                       0x08025bd9   Thumb Code   162  lv_line.o(.text)
    lv_line_get_auto_size                    0x08025c7b   Thumb Code    42  lv_line.o(.text)
    lv_line_set_auto_size                    0x08025ca5   Thumb Code    72  lv_line.o(.text)
    lv_line_get_y_invert                     0x08025ced   Thumb Code    42  lv_line.o(.text)
    lv_line_set_y_invert                     0x08025d17   Thumb Code    66  lv_line.o(.text)
    lv_line_create                           0x08025ff5   Thumb Code   250  lv_line.o(.text)
    lv_list_get_prev_btn                     0x08026157   Thumb Code    88  lv_list.o(.text)
    lv_list_set_style                        0x080261af   Thumb Code   218  lv_list.o(.text)
    lv_list_get_next_btn                     0x08026289   Thumb Code    88  lv_list.o(.text)
    lv_list_get_btn_label                    0x0802631f   Thumb Code    74  lv_list.o(.text)
    lv_list_get_btn_text                     0x08026369   Thumb Code    48  lv_list.o(.text)
    lv_list_set_btn_selected                 0x08026399   Thumb Code   160  lv_list.o(.text)
    lv_list_get_btn_selected                 0x08026439   Thumb Code    38  lv_list.o(.text)
    lv_list_get_layout                       0x0802660d   Thumb Code    44  lv_list.o(.text)
    lv_list_add_btn                          0x08026639   Thumb Code   506  lv_list.o(.text)
    lv_list_get_btn_img                      0x08026871   Thumb Code    76  lv_list.o(.text)
    lv_list_create                           0x08026b83   Thumb Code   486  lv_list.o(.text)
    lv_list_clean                            0x08026d69   Thumb Code    58  lv_list.o(.text)
    lv_list_remove                           0x08026da3   Thumb Code   120  lv_list.o(.text)
    lv_list_set_single_mode                  0x08026e1b   Thumb Code    44  lv_list.o(.text)
    lv_list_set_layout                       0x08026e47   Thumb Code   196  lv_list.o(.text)
    lv_list_get_single_mode                  0x08026f0b   Thumb Code    46  lv_list.o(.text)
    lv_list_get_btn_index                    0x08026f39   Thumb Code   170  lv_list.o(.text)
    lv_list_get_size                         0x08026fe3   Thumb Code    42  lv_list.o(.text)
    lv_list_get_style                        0x0802700d   Thumb Code   140  lv_list.o(.text)
    lv_list_up                               0x08027099   Thumb Code   228  lv_list.o(.text)
    lv_list_down                             0x0802717d   Thumb Code   190  lv_list.o(.text)
    lv_list_focus                            0x0802723b   Thumb Code    74  lv_list.o(.text)
    lv_lmeter_create                         0x08027577   Thumb Code   226  lv_lmeter.o(.text)
    lv_lmeter_set_value                      0x08027659   Thumb Code    98  lv_lmeter.o(.text)
    lv_lmeter_set_range                      0x080276bb   Thumb Code   114  lv_lmeter.o(.text)
    lv_lmeter_set_scale                      0x0802772d   Thumb Code    70  lv_lmeter.o(.text)
    lv_lmeter_set_angle_offset               0x08027773   Thumb Code    34  lv_lmeter.o(.text)
    lv_lmeter_get_value                      0x08027795   Thumb Code    40  lv_lmeter.o(.text)
    lv_lmeter_get_min_value                  0x080277bd   Thumb Code    40  lv_lmeter.o(.text)
    lv_lmeter_get_max_value                  0x080277e5   Thumb Code    40  lv_lmeter.o(.text)
    lv_lmeter_get_line_count                 0x0802780d   Thumb Code    38  lv_lmeter.o(.text)
    lv_lmeter_get_scale_angle                0x08027833   Thumb Code    38  lv_lmeter.o(.text)
    lv_lmeter_get_angle_offset               0x08027859   Thumb Code    16  lv_lmeter.o(.text)
    lv_mbox_get_style                        0x08027939   Thumb Code   150  lv_mbox.o(.text)
    lv_mbox_set_style                        0x08027a47   Thumb Code   150  lv_mbox.o(.text)
    lv_mbox_get_anim_time                    0x08027ae9   Thumb Code    38  lv_mbox.o(.text)
    lv_mbox_start_auto_close                 0x08027b0f   Thumb Code   252  lv_mbox.o(.text)
    lv_mbox_get_active_btn                   0x08027c0b   Thumb Code    52  lv_mbox.o(.text)
    lv_mbox_create                           0x08027daf   Thumb Code   304  lv_mbox.o(.text)
    lv_mbox_add_btns                         0x08027f25   Thumb Code   172  lv_mbox.o(.text)
    lv_mbox_set_text                         0x08027fd1   Thumb Code    78  lv_mbox.o(.text)
    lv_mbox_set_anim_time                    0x0802801f   Thumb Code    44  lv_mbox.o(.text)
    lv_mbox_stop_auto_close                  0x0802804b   Thumb Code    38  lv_mbox.o(.text)
    lv_mbox_set_recolor                      0x08028071   Thumb Code    52  lv_mbox.o(.text)
    lv_mbox_get_text                         0x080280a5   Thumb Code    44  lv_mbox.o(.text)
    lv_mbox_get_active_btn_text              0x080280d1   Thumb Code    52  lv_mbox.o(.text)
    lv_mbox_get_recolor                      0x08028105   Thumb Code    52  lv_mbox.o(.text)
    lv_mbox_get_btnm                         0x08028139   Thumb Code    40  lv_mbox.o(.text)
    lv_page_get_scrl                         0x08028191   Thumb Code    38  lv_page.o(.text)
    lv_page_set_sb_mode                      0x080285d9   Thumb Code   148  lv_page.o(.text)
    lv_page_get_style                        0x0802866d   Thumb Code    98  lv_page.o(.text)
    lv_page_set_style                        0x080286cf   Thumb Code   138  lv_page.o(.text)
    lv_page_scroll_hor                       0x08028a25   Thumb Code   100  lv_page.o(.text)
    lv_page_scroll_ver                       0x08028a89   Thumb Code   100  lv_page.o(.text)
    lv_page_start_edge_flash                 0x08028e89   Thumb Code   112  lv_page.o(.text)
    lv_page_create                           0x0802950d   Thumb Code   586  lv_page.o(.text)
    lv_page_clean                            0x08029757   Thumb Code    42  lv_page.o(.text)
    lv_page_set_anim_time                    0x08029781   Thumb Code    40  lv_page.o(.text)
    lv_page_set_scroll_propagation           0x080297a9   Thumb Code    50  lv_page.o(.text)
    lv_page_set_edge_flash                   0x080297db   Thumb Code    50  lv_page.o(.text)
    lv_page_get_anim_time                    0x0802980d   Thumb Code    38  lv_page.o(.text)
    lv_page_get_sb_mode                      0x08029833   Thumb Code   106  lv_page.o(.text)
    lv_page_get_scroll_propagation           0x0802989d   Thumb Code    44  lv_page.o(.text)
    lv_page_get_edge_flash                   0x080298c9   Thumb Code    44  lv_page.o(.text)
    lv_page_get_fit_width                    0x080298f5   Thumb Code    74  lv_page.o(.text)
    lv_page_get_fit_height                   0x0802993f   Thumb Code    72  lv_page.o(.text)
    lv_page_on_edge                          0x08029987   Thumb Code   160  lv_page.o(.text)
    lv_page_glue_obj                         0x08029a27   Thumb Code    24  lv_page.o(.text)
    lv_page_focus                            0x08029a3f   Thumb Code   526  lv_page.o(.text)
    lv_preload_spinner_anim                  0x08029c95   Thumb Code    78  lv_preload.o(.text)
    lv_preload_set_arc_length                0x08029ce3   Thumb Code    40  lv_preload.o(.text)
    lv_preload_set_type                      0x08029d0b   Thumb Code   418  lv_preload.o(.text)
    lv_preload_set_style                     0x08029ead   Thumb Code    48  lv_preload.o(.text)
    lv_preload_create                        0x0802a025   Thumb Code   334  lv_preload.o(.text)
    lv_preload_set_spin_time                 0x0802a173   Thumb Code    54  lv_preload.o(.text)
    lv_preload_set_dir                       0x0802a1a9   Thumb Code    60  lv_preload.o(.text)
    lv_preload_get_arc_length                0x0802a1e5   Thumb Code    42  lv_preload.o(.text)
    lv_preload_get_spin_time                 0x0802a20f   Thumb Code    40  lv_preload.o(.text)
    lv_preload_get_style                     0x0802a237   Thumb Code    56  lv_preload.o(.text)
    lv_preload_get_type                      0x0802a26f   Thumb Code    44  lv_preload.o(.text)
    lv_preload_get_dir                       0x0802a29b   Thumb Code    20  lv_preload.o(.text)
    lv_roller_set_style                      0x0802a585   Thumb Code    64  lv_roller.o(.text)
    lv_roller_set_visible_row_count          0x0802a5c5   Thumb Code    90  lv_roller.o(.text)
    lv_roller_get_style                      0x0802a61f   Thumb Code    58  lv_roller.o(.text)
    lv_roller_get_selected                   0x0802aa0b   Thumb Code    82  lv_roller.o(.text)
    lv_roller_set_selected                   0x0802aa5d   Thumb Code    64  lv_roller.o(.text)
    lv_roller_create                         0x0802ac85   Thumb Code   366  lv_roller.o(.text)
    lv_roller_set_options                    0x0802adf3   Thumb Code   230  lv_roller.o(.text)
    lv_roller_set_align                      0x0802aed9   Thumb Code   172  lv_roller.o(.text)
    lv_roller_get_align                      0x0802af85   Thumb Code    94  lv_roller.o(.text)
    lv_roller_get_hor_fit                    0x0802afe3   Thumb Code    52  lv_roller.o(.text)
    lv_slider_set_style                      0x0802b01d   Thumb Code    92  lv_slider.o(.text)
    lv_slider_get_value                      0x0802b079   Thumb Code    58  lv_slider.o(.text)
    lv_slider_get_style                      0x0802b0b3   Thumb Code    92  lv_slider.o(.text)
    lv_slider_create                         0x0802bac1   Thumb Code   302  lv_slider.o(.text)
    lv_slider_set_knob_in                    0x0802bbef   Thumb Code    62  lv_slider.o(.text)
    lv_slider_is_dragged                     0x0802bc2d   Thumb Code    54  lv_slider.o(.text)
    lv_slider_get_knob_in                    0x0802bc63   Thumb Code    44  lv_slider.o(.text)
    lv_sw_set_style                          0x0802bcc9   Thumb Code   130  lv_sw.o(.text)
    lv_sw_off                                0x0802bd4b   Thumb Code    58  lv_sw.o(.text)
    lv_sw_on                                 0x0802bd85   Thumb Code    58  lv_sw.o(.text)
    lv_sw_create                             0x0802c045   Thumb Code   344  lv_sw.o(.text)
    lv_sw_toggle                             0x0802c19d   Thumb Code    64  lv_sw.o(.text)
    lv_sw_set_anim_time                      0x0802c1dd   Thumb Code    42  lv_sw.o(.text)
    lv_sw_get_style                          0x0802c207   Thumb Code   102  lv_sw.o(.text)
    lv_sw_get_anim_time                      0x0802c26d   Thumb Code    40  lv_sw.o(.text)
    lv_ta_get_style                          0x0802c385   Thumb Code   124  lv_ta.o(.text)
    lv_ta_get_cursor_pos                     0x0802c401   Thumb Code    40  lv_ta.o(.text)
    lv_ta_set_style                          0x0802c7f9   Thumb Code   142  lv_ta.o(.text)
    lv_ta_get_text                           0x0802c887   Thumb Code    62  lv_ta.o(.text)
    lv_ta_set_one_line                       0x0802c939   Thumb Code   292  lv_ta.o(.text)
    lv_ta_set_cursor_pos                     0x0802ccb1   Thumb Code   480  lv_ta.o(.text)
    lv_ta_set_cursor_type                    0x0802d05b   Thumb Code    74  lv_ta.o(.text)
    lv_ta_get_cursor_type                    0x0802d0a5   Thumb Code    46  lv_ta.o(.text)
    lv_ta_clear_selection                    0x0802d0e3   Thumb Code    30  lv_ta.o(.text)
    lv_ta_get_max_length                     0x0802d16d   Thumb Code    42  lv_ta.o(.text)
    lv_ta_get_accepted_chars                 0x0802d197   Thumb Code    40  lv_ta.o(.text)
    lv_ta_add_text                           0x0802d1bf   Thumb Code   510  lv_ta.o(.text)
    lv_ta_add_char                           0x0802d3bd   Thumb Code   404  lv_ta.o(.text)
    lv_ta_del_char                           0x0802d551   Thumb Code   316  lv_ta.o(.text)
    lv_ta_del_char_forward                   0x0802d68d   Thumb Code    64  lv_ta.o(.text)
    lv_ta_cursor_down                        0x0802d6cd   Thumb Code   148  lv_ta.o(.text)
    lv_ta_cursor_up                          0x0802d761   Thumb Code   164  lv_ta.o(.text)
    lv_ta_cursor_left                        0x0802d805   Thumb Code    52  lv_ta.o(.text)
    lv_ta_cursor_right                       0x0802d839   Thumb Code    48  lv_ta.o(.text)
    lv_ta_create                             0x0802db47   Thumb Code   808  lv_ta.o(.text)
    lv_ta_set_text                           0x0802de6f   Thumb Code   382  lv_ta.o(.text)
    lv_ta_get_label                          0x0802dfed   Thumb Code    38  lv_ta.o(.text)
    lv_ta_set_text_align                     0x0802e013   Thumb Code   256  lv_ta.o(.text)
    lv_ta_set_placeholder_text               0x0802e113   Thumb Code   136  lv_ta.o(.text)
    lv_ta_set_cursor_click_pos               0x0802e19b   Thumb Code    50  lv_ta.o(.text)
    lv_ta_set_pwd_mode                       0x0802e1cd   Thumb Code   242  lv_ta.o(.text)
    lv_ta_set_accepted_chars                 0x0802e2bf   Thumb Code    40  lv_ta.o(.text)
    lv_ta_set_max_length                     0x0802e2e7   Thumb Code    42  lv_ta.o(.text)
    lv_ta_set_insert_replace                 0x0802e311   Thumb Code    34  lv_ta.o(.text)
    lv_ta_set_text_sel                       0x0802e333   Thumb Code    30  lv_ta.o(.text)
    lv_ta_set_pwd_show_time                  0x0802e351   Thumb Code    42  lv_ta.o(.text)
    lv_ta_set_cursor_blink_time              0x0802e37b   Thumb Code   148  lv_ta.o(.text)
    lv_ta_get_placeholder_text               0x0802e40f   Thumb Code    52  lv_ta.o(.text)
    lv_ta_get_cursor_click_pos               0x0802e443   Thumb Code    44  lv_ta.o(.text)
    lv_ta_get_pwd_mode                       0x0802e46f   Thumb Code    44  lv_ta.o(.text)
    lv_ta_get_one_line                       0x0802e49b   Thumb Code    44  lv_ta.o(.text)
    lv_ta_text_is_selected                   0x0802e4c7   Thumb Code    30  lv_ta.o(.text)
    lv_ta_get_text_sel_en                    0x0802e4e5   Thumb Code    52  lv_ta.o(.text)
    lv_ta_get_pwd_show_time                  0x0802e519   Thumb Code    40  lv_ta.o(.text)
    lv_ta_get_cursor_blink_time              0x0802e541   Thumb Code    40  lv_ta.o(.text)
    lv_table_set_col_cnt                     0x0802e7af   Thumb Code   136  lv_table.o(.text)
    lv_table_set_row_cnt                     0x0802e837   Thumb Code   128  lv_table.o(.text)
    lv_table_set_style                       0x0802e8b7   Thumb Code   116  lv_table.o(.text)
    lv_table_create                          0x0802ed5b   Thumb Code   334  lv_table.o(.text)
    lv_table_set_cell_value                  0x0802eea9   Thumb Code   214  lv_table.o(.text)
    lv_table_set_col_width                   0x0802ef7f   Thumb Code    68  lv_table.o(.text)
    lv_table_set_cell_align                  0x0802efc3   Thumb Code   140  lv_table.o(.text)
    lv_table_set_cell_type                   0x0802f04f   Thumb Code   206  lv_table.o(.text)
    lv_table_set_cell_crop                   0x0802f11d   Thumb Code   140  lv_table.o(.text)
    lv_table_set_cell_merge_right            0x0802f1a9   Thumb Code   146  lv_table.o(.text)
    lv_table_get_cell_value                  0x0802f23b   Thumb Code    92  lv_table.o(.text)
    lv_table_get_row_cnt                     0x0802f297   Thumb Code    40  lv_table.o(.text)
    lv_table_get_col_cnt                     0x0802f2bf   Thumb Code    40  lv_table.o(.text)
    lv_table_get_col_width                   0x0802f2e7   Thumb Code    56  lv_table.o(.text)
    lv_table_get_cell_align                  0x0802f31f   Thumb Code    98  lv_table.o(.text)
    lv_table_get_cell_type                   0x0802f381   Thumb Code   100  lv_table.o(.text)
    lv_table_get_cell_crop                   0x0802f3e5   Thumb Code    98  lv_table.o(.text)
    lv_table_get_cell_merge_right            0x0802f447   Thumb Code    98  lv_table.o(.text)
    lv_table_get_style                       0x0802f4a9   Thumb Code    94  lv_table.o(.text)
    lv_tabview_get_tab                       0x0802f515   Thumb Code    90  lv_tabview.o(.text)
    lv_tabview_get_style                     0x0802f56f   Thumb Code   138  lv_tabview.o(.text)
    lv_tabview_get_anim_time                 0x0802f5f9   Thumb Code    38  lv_tabview.o(.text)
    lv_tabview_set_tab_act                   0x0802f61f   Thumb Code   666  lv_tabview.o(.text)
    lv_tabview_get_tab_act                   0x0802f8b9   Thumb Code    38  lv_tabview.o(.text)
    lv_tabview_get_sliding                   0x0802fc29   Thumb Code    44  lv_tabview.o(.text)
    lv_tabview_add_tab                       0x08030387   Thumb Code   778  lv_tabview.o(.text)
    lv_tabview_set_style                     0x08030691   Thumb Code   214  lv_tabview.o(.text)
    lv_tabview_create                        0x0803092b   Thumb Code   848  lv_tabview.o(.text)
    lv_tabview_clean                         0x08030c7b   Thumb Code    42  lv_tabview.o(.text)
    lv_tabview_set_sliding                   0x08030ca5   Thumb Code    46  lv_tabview.o(.text)
    lv_tabview_set_anim_time                 0x08030cd3   Thumb Code    40  lv_tabview.o(.text)
    lv_tabview_set_btns_pos                  0x08030cfb   Thumb Code    52  lv_tabview.o(.text)
    lv_tabview_set_btns_hidden               0x08030d2f   Thumb Code    52  lv_tabview.o(.text)
    lv_tabview_get_tab_count                 0x08030d63   Thumb Code    38  lv_tabview.o(.text)
    lv_tabview_get_btns_pos                  0x08030d89   Thumb Code    42  lv_tabview.o(.text)
    lv_tabview_get_btns_hidden               0x08030db3   Thumb Code    42  lv_tabview.o(.text)
    lv_win_get_style                         0x08030df9   Thumb Code   118  lv_win.o(.text)
    lv_win_set_style                         0x08031063   Thumb Code   198  lv_win.o(.text)
    lv_win_create                            0x08031129   Thumb Code   592  lv_win.o(.text)
    lv_win_clean                             0x08031379   Thumb Code    44  lv_win.o(.text)
    lv_win_add_btn                           0x080313a5   Thumb Code   144  lv_win.o(.text)
    lv_win_get_from_btn                      0x08031435   Thumb Code    48  lv_win.o(.text)
    lv_win_close_event_cb                    0x08031465   Thumb Code    52  lv_win.o(.text)
    lv_win_set_title                         0x08031499   Thumb Code    78  lv_win.o(.text)
    lv_win_set_btn_size                      0x080314e7   Thumb Code    60  lv_win.o(.text)
    lv_win_set_content_size                  0x08031523   Thumb Code    66  lv_win.o(.text)
    lv_win_set_layout                        0x08031565   Thumb Code    62  lv_win.o(.text)
    lv_win_set_sb_mode                       0x080315a3   Thumb Code    48  lv_win.o(.text)
    lv_win_get_content                       0x080315d3   Thumb Code    40  lv_win.o(.text)
    lv_win_set_anim_time                     0x080315fb   Thumb Code    46  lv_win.o(.text)
    lv_win_set_drag                          0x08031629   Thumb Code    90  lv_win.o(.text)
    lv_win_get_title                         0x08031683   Thumb Code    44  lv_win.o(.text)
    lv_win_get_btn_size                      0x080316af   Thumb Code    42  lv_win.o(.text)
    lv_win_get_layout                        0x080316d9   Thumb Code    56  lv_win.o(.text)
    lv_win_get_sb_mode                       0x08031711   Thumb Code    44  lv_win.o(.text)
    lv_win_get_anim_time                     0x0803173d   Thumb Code    42  lv_win.o(.text)
    lv_win_get_width                         0x08031767   Thumb Code    76  lv_win.o(.text)
    lv_win_focus                             0x080317b3   Thumb Code    80  lv_win.o(.text)
    lv_theme_set_current                     0x08031805   Thumb Code    40  lv_theme.o(.text)
    lv_theme_get_current                     0x0803182d   Thumb Code     6  lv_theme.o(.text)
    lv_theme_night_init                      0x08032a23   Thumb Code   180  lv_theme_night.o(.text)
    lv_theme_get_night                       0x08032ad7   Thumb Code     4  lv_theme_night.o(.text)
    lv_test_theme_1                          0x08033499   Thumb Code   122  lv_test_theme_1.o(.text)
    __use_no_semihosting                     0x0803357d   Thumb Code     2  use_no_semi_2.o(.text)
    __aeabi_uldivmod                         0x0803357f   Thumb Code     0  lludivv7m.o(.text)
    _ll_udiv                                 0x0803357f   Thumb Code   238  lludivv7m.o(.text)
    __2printf                                0x0803366d   Thumb Code    20  noretval__2printf.o(.text)
    __printf                                 0x08033685   Thumb Code   104  __printf.o(.text)
    _printf_str                              0x080336ed   Thumb Code    82  _printf_str.o(.text)
    _printf_int_dec                          0x08033741   Thumb Code   104  _printf_dec.o(.text)
    _printf_int_hex                          0x080337b9   Thumb Code    84  _printf_hex_int.o(.text)
    _printf_longlong_hex                     0x080337b9   Thumb Code     0  _printf_hex_int.o(.text)
    strcpy                                   0x08033811   Thumb Code    72  strcpy.o(.text)
    strlen                                   0x08033859   Thumb Code    62  strlen.o(.text)
    __aeabi_memcpy                           0x08033897   Thumb Code     0  rt_memcpy_v6.o(.text)
    __rt_memcpy                              0x08033897   Thumb Code   138  rt_memcpy_v6.o(.text)
    _memcpy_lastbytes                        0x080338fd   Thumb Code     0  rt_memcpy_v6.o(.text)
    __aeabi_memcpy4                          0x08033921   Thumb Code     0  rt_memcpy_w.o(.text)
    __aeabi_memcpy8                          0x08033921   Thumb Code     0  rt_memcpy_w.o(.text)
    __rt_memcpy_w                            0x08033921   Thumb Code   100  rt_memcpy_w.o(.text)
    _memcpy_lastbytes_aligned                0x08033969   Thumb Code     0  rt_memcpy_w.o(.text)
    __aeabi_memclr                           0x08033985   Thumb Code     0  rt_memclr.o(.text)
    __rt_memclr                              0x08033985   Thumb Code    68  rt_memclr.o(.text)
    _memset                                  0x08033989   Thumb Code     0  rt_memclr.o(.text)
    __aeabi_memclr4                          0x080339c9   Thumb Code     0  rt_memclr_w.o(.text)
    __aeabi_memclr8                          0x080339c9   Thumb Code     0  rt_memclr_w.o(.text)
    __rt_memclr_w                            0x080339c9   Thumb Code    78  rt_memclr_w.o(.text)
    _memset_w                                0x080339cd   Thumb Code     0  rt_memclr_w.o(.text)
    strncpy                                  0x08033a17   Thumb Code    86  strncpy.o(.text)
    strcmp                                   0x08033a6d   Thumb Code   128  strcmpv7m.o(.text)
    __use_two_region_memory                  0x08033aed   Thumb Code     2  heapauxi.o(.text)
    __rt_heap_escrow$2region                 0x08033aef   Thumb Code     2  heapauxi.o(.text)
    __rt_heap_expand$2region                 0x08033af1   Thumb Code     2  heapauxi.o(.text)
    __I$use$semihosting                      0x08033af3   Thumb Code     0  use_no_semi.o(.text)
    __use_no_semihosting_swi                 0x08033af3   Thumb Code     2  use_no_semi.o(.text)
    __read_errno                             0x08033af5   Thumb Code    10  _rserrno.o(.text)
    __set_errno                              0x08033aff   Thumb Code    12  _rserrno.o(.text)
    _printf_int_common                       0x08033b0b   Thumb Code   178  _printf_intcommon.o(.text)
    __lib_sel_fp_printf                      0x08033bbd   Thumb Code     2  _printf_fp_dec.o(.text)
    _printf_fp_dec_real                      0x08033d6f   Thumb Code   620  _printf_fp_dec.o(.text)
    _printf_cs_common                        0x08033fdb   Thumb Code    20  _printf_char.o(.text)
    _printf_char                             0x08033fef   Thumb Code    16  _printf_char.o(.text)
    _printf_string                           0x08033fff   Thumb Code     8  _printf_char.o(.text)
    _printf_char_file                        0x08034009   Thumb Code    32  _printf_char_file.o(.text)
    __rt_locale                              0x0803402d   Thumb Code     8  rt_locale_intlibspace.o(.text)
    __aeabi_errno_addr                       0x08034035   Thumb Code     8  rt_errno_addr_intlibspace.o(.text)
    __errno$intlibspace                      0x08034035   Thumb Code     0  rt_errno_addr_intlibspace.o(.text)
    __rt_errno_addr$intlibspace              0x08034035   Thumb Code     0  rt_errno_addr_intlibspace.o(.text)
    _ll_udiv10                               0x0803403d   Thumb Code   138  lludiv10.o(.text)
    _printf_char_common                      0x080340d3   Thumb Code    32  _printf_char_common.o(.text)
    _printf_fp_infnan                        0x080340f9   Thumb Code   112  _printf_fp_infnan.o(.text)
    _btod_etento                             0x08034179   Thumb Code   224  bigflt0.o(.text)
    ferror                                   0x0803425d   Thumb Code     8  ferror.o(.text)
    __user_libspace                          0x08034265   Thumb Code     8  libspace.o(.text)
    __user_perproc_libspace                  0x08034265   Thumb Code     0  libspace.o(.text)
    __user_perthread_libspace                0x08034265   Thumb Code     0  libspace.o(.text)
    __user_setup_stackheap                   0x0803426d   Thumb Code    74  sys_stackheap_outer.o(.text)
    exit                                     0x080342b7   Thumb Code    18  exit.o(.text)
    _btod_d2e                                0x080342c9   Thumb Code    62  btod.o(CL$$btod_d2e)
    _d2e_denorm_low                          0x08034307   Thumb Code    70  btod.o(CL$$btod_d2e_denorm_low)
    _d2e_norm_op1                            0x0803434d   Thumb Code    96  btod.o(CL$$btod_d2e_norm_op1)
    __btod_div_common                        0x080343ad   Thumb Code   696  btod.o(CL$$btod_div_common)
    _e2e                                     0x080346e5   Thumb Code   220  btod.o(CL$$btod_e2e)
    _btod_ediv                               0x080347c1   Thumb Code    42  btod.o(CL$$btod_ediv)
    _btod_emul                               0x080347eb   Thumb Code    42  btod.o(CL$$btod_emul)
    __btod_mult_common                       0x08034815   Thumb Code   580  btod.o(CL$$btod_mult_common)
    __ARM_fpclassify                         0x08034a59   Thumb Code    48  fpclassify.o(i.__ARM_fpclassify)
    __hardfp_sqrt                            0x08034a89   Thumb Code   122  sqrt.o(i.__hardfp_sqrt)
    _get_lc_numeric                          0x08034b05   Thumb Code    44  lc_numeric_c.o(locale$$code)
    __aeabi_dneg                             0x08034b31   Thumb Code     0  basic.o(x$fpl$basic)
    _dneg                                    0x08034b31   Thumb Code     6  basic.o(x$fpl$basic)
    __aeabi_fneg                             0x08034b37   Thumb Code     0  basic.o(x$fpl$basic)
    _fneg                                    0x08034b37   Thumb Code     6  basic.o(x$fpl$basic)
    _dabs                                    0x08034b3d   Thumb Code     6  basic.o(x$fpl$basic)
    _fabs                                    0x08034b43   Thumb Code     6  basic.o(x$fpl$basic)
    __aeabi_dadd                             0x08034b49   Thumb Code     0  daddsub_clz.o(x$fpl$dadd)
    _dadd                                    0x08034b49   Thumb Code   332  daddsub_clz.o(x$fpl$dadd)
    __fpl_dcmp_Inf                           0x08034c99   Thumb Code    24  dcmpi.o(x$fpl$dcmpinf)
    __aeabi_ddiv                             0x08034cb1   Thumb Code     0  ddiv.o(x$fpl$ddiv)
    _ddiv                                    0x08034cb1   Thumb Code   552  ddiv.o(x$fpl$ddiv)
    __aeabi_cdcmpeq                          0x08034f61   Thumb Code     0  deqf.o(x$fpl$deqf)
    _dcmpeq                                  0x08034f61   Thumb Code   120  deqf.o(x$fpl$deqf)
    __aeabi_d2iz                             0x08034fd9   Thumb Code     0  dfix.o(x$fpl$dfix)
    _dfix                                    0x08034fd9   Thumb Code    94  dfix.o(x$fpl$dfix)
    __aeabi_d2uiz                            0x08035039   Thumb Code     0  dfixu.o(x$fpl$dfixu)
    _dfixu                                   0x08035039   Thumb Code    90  dfixu.o(x$fpl$dfixu)
    __aeabi_i2d                              0x08035093   Thumb Code     0  dflt_clz.o(x$fpl$dflt)
    _dflt                                    0x08035093   Thumb Code    46  dflt_clz.o(x$fpl$dflt)
    __aeabi_ui2d                             0x080350c1   Thumb Code     0  dflt_clz.o(x$fpl$dfltu)
    _dfltu                                   0x080350c1   Thumb Code    38  dflt_clz.o(x$fpl$dfltu)
    __aeabi_cdcmple                          0x080350e9   Thumb Code     0  dleqf.o(x$fpl$dleqf)
    _dcmple                                  0x080350e9   Thumb Code   120  dleqf.o(x$fpl$dleqf)
    __fpl_dcmple_InfNaN                      0x0803514b   Thumb Code     0  dleqf.o(x$fpl$dleqf)
    __aeabi_dmul                             0x08035161   Thumb Code     0  dmul.o(x$fpl$dmul)
    _dmul                                    0x08035161   Thumb Code   332  dmul.o(x$fpl$dmul)
    __fpl_dnaninf                            0x080352b5   Thumb Code   156  dnaninf.o(x$fpl$dnaninf)
    __fpl_dretinf                            0x08035351   Thumb Code    12  dretinf.o(x$fpl$dretinf)
    __aeabi_cdrcmple                         0x0803535d   Thumb Code     0  drleqf.o(x$fpl$drleqf)
    _drcmple                                 0x0803535d   Thumb Code   108  drleqf.o(x$fpl$drleqf)
    __aeabi_drsub                            0x080353c9   Thumb Code     0  daddsub_clz.o(x$fpl$drsb)
    _drsb                                    0x080353c9   Thumb Code    22  daddsub_clz.o(x$fpl$drsb)
    _dsqrt                                   0x080353e1   Thumb Code   404  dsqrt_umaal.o(x$fpl$dsqrt)
    __aeabi_dsub                             0x08035579   Thumb Code     0  daddsub_clz.o(x$fpl$dsub)
    _dsub                                    0x08035579   Thumb Code   464  daddsub_clz.o(x$fpl$dsub)
    __aeabi_f2d                              0x0803574d   Thumb Code     0  f2d.o(x$fpl$f2d)
    _f2d                                     0x0803574d   Thumb Code    86  f2d.o(x$fpl$f2d)
    __fpl_fnaninf                            0x080357a3   Thumb Code   140  fnaninf.o(x$fpl$fnaninf)
    _fp_init                                 0x0803582f   Thumb Code    10  fpinit.o(x$fpl$fpinit)
    __fplib_config_fpu_vfp                   0x08035837   Thumb Code     0  fpinit.o(x$fpl$fpinit)
    __fplib_config_pureend_doubles           0x08035837   Thumb Code     0  fpinit.o(x$fpl$fpinit)
    _printf_fp_dec                           0x08035839   Thumb Code     4  printf1.o(x$fpl$printf1)
    __I$use$fp                               0x0803583c   Number         0  usenofp.o(x$fpl$usenofp)
    asc2_1206                                0x0803583c   Data        1140  lcd.o(.constdata)
    asc2_1608                                0x08035cb0   Data        1520  lcd.o(.constdata)
    asc2_2412                                0x080362a0   Data        3420  lcd.o(.constdata)
    GT9147_CFG_TBL                           0x08036ffc   Data         184  gt9147.o(.constdata)
    GT9147_TPX_TBL                           0x080370b4   Data          10  gt9147.o(.constdata)
    OTT_TPX_TBL                              0x080370be   Data          10  ott2001a.o(.constdata)
    FT5206_TPX_TBL                           0x080370c8   Data          10  ft5206.o(.constdata)
    TP_REMIND_MSG_TBL                        0x080370d4   Data           4  touch.o(.constdata)
    FSMC_DefaultTimingStruct                 0x080370d8   Data          28  stm32f4xx_fsmc.o(.constdata)
    Region$$Table$$Base                      0x0803ad24   Number         0  anon$$obj.o(Region$$Table)
    Region$$Table$$Limit                     0x0803ad44   Number         0  anon$$obj.o(Region$$Table)
    SystemCoreClock                          0x20000004   Data           4  system_stm32f4xx.o(.data)
    AHBPrescTable                            0x20000008   Data          16  system_stm32f4xx.o(.data)
    POINT_COLOR                              0x20000018   Data           2  lcd.o(.data)
    BACK_COLOR                               0x2000001a   Data           2  lcd.o(.data)
    tp_dev                                   0x20000020   Data          52  touch.o(.data)
    CMD_RDX                                  0x20000054   Data           1  touch.o(.data)
    CMD_RDY                                  0x20000055   Data           1  touch.o(.data)
    __stdout                                 0x2000005c   Data           4  usart.o(.data)
    USART_RX_STA                             0x20000060   Data           2  usart.o(.data)
    lv_font_roboto_16                        0x200000e4   Data          16  lv_font_roboto_16.o(.data)
    _lv_img_cache_array                      0x20000108   Data           4  lv_gc.o(.data)
    _lv_task_act                             0x2000010c   Data           4  lv_gc.o(.data)
    _lv_draw_buf                             0x20000110   Data           4  lv_gc.o(.data)
    lv_txt_encoded_size                      0x20000130   Data           4  lv_txt.o(.data)
    lv_txt_unicode_to_encoded                0x20000134   Data           4  lv_txt.o(.data)
    lv_txt_encoded_conv_wc                   0x20000138   Data           4  lv_txt.o(.data)
    lv_txt_encoded_next                      0x2000013c   Data           4  lv_txt.o(.data)
    lv_txt_encoded_prev                      0x20000140   Data           4  lv_txt.o(.data)
    lv_txt_encoded_get_byte_id               0x20000144   Data           4  lv_txt.o(.data)
    lv_txt_encoded_get_char_id               0x20000148   Data           4  lv_txt.o(.data)
    lv_txt_get_encoded_length                0x2000014c   Data           4  lv_txt.o(.data)
    lcddev                                   0x200043d4   Data          14  lcd.o(.bss)
    USART_RX_BUF                             0x200043e2   Data         200  usart.o(.bss)
    lv_style_scr                             0x200044ac   Data          64  lv_style.o(.bss)
    lv_style_transp                          0x200044ec   Data          64  lv_style.o(.bss)
    lv_style_transp_fit                      0x2000452c   Data          64  lv_style.o(.bss)
    lv_style_transp_tight                    0x2000456c   Data          64  lv_style.o(.bss)
    lv_style_plain                           0x200045ac   Data          64  lv_style.o(.bss)
    lv_style_plain_color                     0x200045ec   Data          64  lv_style.o(.bss)
    lv_style_pretty                          0x2000462c   Data          64  lv_style.o(.bss)
    lv_style_pretty_color                    0x2000466c   Data          64  lv_style.o(.bss)
    lv_style_btn_rel                         0x200046ac   Data          64  lv_style.o(.bss)
    lv_style_btn_pr                          0x200046ec   Data          64  lv_style.o(.bss)
    lv_style_btn_tgl_rel                     0x2000472c   Data          64  lv_style.o(.bss)
    lv_style_btn_tgl_pr                      0x2000476c   Data          64  lv_style.o(.bss)
    lv_style_btn_ina                         0x200047ac   Data          64  lv_style.o(.bss)
    _lv_task_ll                              0x20004e2c   Data          12  lv_gc.o(.bss)
    _lv_disp_ll                              0x20004e38   Data          12  lv_gc.o(.bss)
    _lv_indev_ll                             0x20004e44   Data          12  lv_gc.o(.bss)
    _lv_drv_ll                               0x20004e50   Data          12  lv_gc.o(.bss)
    _lv_file_ll                              0x20004e5c   Data          12  lv_gc.o(.bss)
    _lv_anim_ll                              0x20004e68   Data          12  lv_gc.o(.bss)
    _lv_group_ll                             0x20004e74   Data          12  lv_gc.o(.bss)
    _lv_img_defoder_ll                       0x20004e80   Data          12  lv_gc.o(.bss)
    __libspace_start                         0x2000dd3c   Data          96  libspace.o(.bss)
    __temporary_stack_top$libspace           0x2000dd9c   Data           0  libspace.o(.bss)



==============================================================================

Memory Map of the image

  Image Entry point : 0x08000189

  Load Region LR_IROM1 (Base: 0x08000000, Size: 0x0003b298, Max: 0x00100000, ABSOLUTE, COMPRESSED[0x0003afa8])

    Execution Region ER_IROM1 (Exec base: 0x08000000, Load base: 0x08000000, Size: 0x0003ad60, Max: 0x00100000, ABSOLUTE)

    Exec Addr    Load Addr    Size         Type   Attr      Idx    E Section Name        Object

    0x08000000   0x08000000   0x00000188   Data   RO          823    RESET               startup_stm32f40_41xxx.o
    0x08000188   0x08000188   0x00000008   Code   RO         5031  * !!!main             c_w.l(__main.o)
    0x08000190   0x08000190   0x00000034   Code   RO         5324    !!!scatter          c_w.l(__scatter.o)
    0x080001c4   0x080001c4   0x0000005a   Code   RO         5322    !!dczerorl2         c_w.l(__dczerorl2.o)
    0x0800021e   0x0800021e   0x00000002   PAD
    0x08000220   0x08000220   0x0000001c   Code   RO         5326    !!handler_zi        c_w.l(__scatter_zi.o)
    0x0800023c   0x0800023c   0x00000000   Code   RO         5012    .ARM.Collect$$_printf_percent$$00000000  c_w.l(_printf_percent.o)
    0x0800023c   0x0800023c   0x00000006   Code   RO         5011    .ARM.Collect$$_printf_percent$$00000003  c_w.l(_printf_f.o)
    0x08000242   0x08000242   0x00000006   Code   RO         5010    .ARM.Collect$$_printf_percent$$00000009  c_w.l(_printf_d.o)
    0x08000248   0x08000248   0x00000006   Code   RO         5009    .ARM.Collect$$_printf_percent$$0000000C  c_w.l(_printf_x.o)
    0x0800024e   0x0800024e   0x00000006   Code   RO         5008    .ARM.Collect$$_printf_percent$$00000014  c_w.l(_printf_s.o)
    0x08000254   0x08000254   0x00000004   Code   RO         5100    .ARM.Collect$$_printf_percent$$00000017  c_w.l(_printf_percent_end.o)
    0x08000258   0x08000258   0x00000002   Code   RO         5199    .ARM.Collect$$libinit$$00000000  c_w.l(libinit.o)
    0x0800025a   0x0800025a   0x00000004   Code   RO         5200    .ARM.Collect$$libinit$$00000001  c_w.l(libinit2.o)
    0x0800025e   0x0800025e   0x00000000   Code   RO         5203    .ARM.Collect$$libinit$$00000004  c_w.l(libinit2.o)
    0x0800025e   0x0800025e   0x00000000   Code   RO         5206    .ARM.Collect$$libinit$$0000000A  c_w.l(libinit2.o)
    0x0800025e   0x0800025e   0x00000000   Code   RO         5208    .ARM.Collect$$libinit$$0000000C  c_w.l(libinit2.o)
    0x0800025e   0x0800025e   0x00000000   Code   RO         5210    .ARM.Collect$$libinit$$0000000E  c_w.l(libinit2.o)
    0x0800025e   0x0800025e   0x00000006   Code   RO         5211    .ARM.Collect$$libinit$$0000000F  c_w.l(libinit2.o)
    0x08000264   0x08000264   0x00000000   Code   RO         5213    .ARM.Collect$$libinit$$00000011  c_w.l(libinit2.o)
    0x08000264   0x08000264   0x00000000   Code   RO         5215    .ARM.Collect$$libinit$$00000013  c_w.l(libinit2.o)
    0x08000264   0x08000264   0x00000000   Code   RO         5217    .ARM.Collect$$libinit$$00000015  c_w.l(libinit2.o)
    0x08000264   0x08000264   0x0000000a   Code   RO         5218    .ARM.Collect$$libinit$$00000016  c_w.l(libinit2.o)
    0x0800026e   0x0800026e   0x00000000   Code   RO         5219    .ARM.Collect$$libinit$$00000017  c_w.l(libinit2.o)
    0x0800026e   0x0800026e   0x00000000   Code   RO         5221    .ARM.Collect$$libinit$$00000019  c_w.l(libinit2.o)
    0x0800026e   0x0800026e   0x00000000   Code   RO         5223    .ARM.Collect$$libinit$$0000001B  c_w.l(libinit2.o)
    0x0800026e   0x0800026e   0x00000000   Code   RO         5225    .ARM.Collect$$libinit$$0000001D  c_w.l(libinit2.o)
    0x0800026e   0x0800026e   0x00000000   Code   RO         5227    .ARM.Collect$$libinit$$0000001F  c_w.l(libinit2.o)
    0x0800026e   0x0800026e   0x00000000   Code   RO         5229    .ARM.Collect$$libinit$$00000021  c_w.l(libinit2.o)
    0x0800026e   0x0800026e   0x00000000   Code   RO         5231    .ARM.Collect$$libinit$$00000023  c_w.l(libinit2.o)
    0x0800026e   0x0800026e   0x00000000   Code   RO         5233    .ARM.Collect$$libinit$$00000025  c_w.l(libinit2.o)
    0x0800026e   0x0800026e   0x00000000   Code   RO         5237    .ARM.Collect$$libinit$$0000002C  c_w.l(libinit2.o)
    0x0800026e   0x0800026e   0x00000000   Code   RO         5239    .ARM.Collect$$libinit$$0000002E  c_w.l(libinit2.o)
    0x0800026e   0x0800026e   0x00000000   Code   RO         5241    .ARM.Collect$$libinit$$00000030  c_w.l(libinit2.o)
    0x0800026e   0x0800026e   0x00000000   Code   RO         5243    .ARM.Collect$$libinit$$00000032  c_w.l(libinit2.o)
    0x0800026e   0x0800026e   0x00000002   Code   RO         5244    .ARM.Collect$$libinit$$00000033  c_w.l(libinit2.o)
    0x08000270   0x08000270   0x00000002   Code   RO         5286    .ARM.Collect$$libshutdown$$00000000  c_w.l(libshutdown.o)
    0x08000272   0x08000272   0x00000000   Code   RO         5305    .ARM.Collect$$libshutdown$$00000002  c_w.l(libshutdown2.o)
    0x08000272   0x08000272   0x00000000   Code   RO         5307    .ARM.Collect$$libshutdown$$00000004  c_w.l(libshutdown2.o)
    0x08000272   0x08000272   0x00000000   Code   RO         5310    .ARM.Collect$$libshutdown$$00000007  c_w.l(libshutdown2.o)
    0x08000272   0x08000272   0x00000000   Code   RO         5313    .ARM.Collect$$libshutdown$$0000000A  c_w.l(libshutdown2.o)
    0x08000272   0x08000272   0x00000000   Code   RO         5315    .ARM.Collect$$libshutdown$$0000000C  c_w.l(libshutdown2.o)
    0x08000272   0x08000272   0x00000000   Code   RO         5318    .ARM.Collect$$libshutdown$$0000000F  c_w.l(libshutdown2.o)
    0x08000272   0x08000272   0x00000002   Code   RO         5319    .ARM.Collect$$libshutdown$$00000010  c_w.l(libshutdown2.o)
    0x08000274   0x08000274   0x00000000   Code   RO         5085    .ARM.Collect$$rtentry$$00000000  c_w.l(__rtentry.o)
    0x08000274   0x08000274   0x00000000   Code   RO         5113    .ARM.Collect$$rtentry$$00000002  c_w.l(__rtentry2.o)
    0x08000274   0x08000274   0x00000006   Code   RO         5125    .ARM.Collect$$rtentry$$00000004  c_w.l(__rtentry4.o)
    0x0800027a   0x0800027a   0x00000000   Code   RO         5115    .ARM.Collect$$rtentry$$00000009  c_w.l(__rtentry2.o)
    0x0800027a   0x0800027a   0x00000004   Code   RO         5116    .ARM.Collect$$rtentry$$0000000A  c_w.l(__rtentry2.o)
    0x0800027e   0x0800027e   0x00000000   Code   RO         5118    .ARM.Collect$$rtentry$$0000000C  c_w.l(__rtentry2.o)
    0x0800027e   0x0800027e   0x00000008   Code   RO         5119    .ARM.Collect$$rtentry$$0000000D  c_w.l(__rtentry2.o)
    0x08000286   0x08000286   0x00000002   Code   RO         5245    .ARM.Collect$$rtexit$$00000000  c_w.l(rtexit.o)
    0x08000288   0x08000288   0x00000000   Code   RO         5258    .ARM.Collect$$rtexit$$00000002  c_w.l(rtexit2.o)
    0x08000288   0x08000288   0x00000004   Code   RO         5259    .ARM.Collect$$rtexit$$00000003  c_w.l(rtexit2.o)
    0x0800028c   0x0800028c   0x00000006   Code   RO         5260    .ARM.Collect$$rtexit$$00000004  c_w.l(rtexit2.o)
    0x08000292   0x08000292   0x00000002   PAD
    0x08000294   0x08000294   0x0000013c   Code   RO            3    .text               main.o
    0x080003d0   0x080003d0   0x0000001a   Code   RO          436    .text               stm32f4xx_it.o
    0x080003ea   0x080003ea   0x00000002   PAD
    0x080003ec   0x080003ec   0x00000210   Code   RO          485    .text               system_stm32f4xx.o
    0x080005fc   0x080005fc   0x00004c80   Code   RO          511    .text               lcd.o
    0x0800527c   0x0800527c   0x0000025c   Code   RO          549    .text               myiic.o
    0x080054d8   0x080054d8   0x0000017a   Code   RO          572    .text               24cxx.o
    0x08005652   0x08005652   0x00000002   PAD
    0x08005654   0x08005654   0x00000254   Code   RO          595    .text               ctiic.o
    0x080058a8   0x080058a8   0x00000448   Code   RO          618    .text               gt9147.o
    0x08005cf0   0x08005cf0   0x00000388   Code   RO          646    .text               ott2001a.o
    0x08006078   0x08006078   0x0000032c   Code   RO          670    .text               ft5206.o
    0x080063a4   0x080063a4   0x00001104   Code   RO          694    .text               touch.o
    0x080074a8   0x080074a8   0x0000007c   Code   RO          726    .text               timer.o
    0x08007524   0x08007524   0x00000104   Code   RO          752    .text               delay.o
    0x08007628   0x08007628   0x00000148   Code   RO          792    .text               usart.o
    0x08007770   0x08007770   0x00000040   Code   RO          824    .text               startup_stm32f40_41xxx.o
    0x080077b0   0x080077b0   0x000000e0   Code   RO          830    .text               misc.o
    0x08007890   0x08007890   0x00000294   Code   RO          850    .text               stm32f4xx_gpio.o
    0x08007b24   0x08007b24   0x000005c8   Code   RO          870    .text               stm32f4xx_fsmc.o
    0x080080ec   0x080080ec   0x0000065c   Code   RO          893    .text               stm32f4xx_rcc.o
    0x08008748   0x08008748   0x00000454   Code   RO          935    .text               stm32f4xx_usart.o
    0x08008b9c   0x08008b9c   0x00000ca2   Code   RO          955    .text               stm32f4xx_tim.o
    0x0800983e   0x0800983e   0x00000002   PAD
    0x08009840   0x08009840   0x000001c0   Code   RO          973    .text               lv_debug.o
    0x08009a00   0x08009a00   0x00000112   Code   RO         1048    .text               lv_disp.o
    0x08009b12   0x08009b12   0x00000002   PAD
    0x08009b14   0x08009b14   0x000008b8   Code   RO         1115    .text               lv_group.o
    0x0800a3cc   0x0800a3cc   0x0000142c   Code   RO         1190    .text               lv_indev.o
    0x0800b7f8   0x0800b7f8   0x00002228   Code   RO         1219    .text               lv_obj.o
    0x0800da20   0x0800da20   0x000007f4   Code   RO         1304    .text               lv_refr.o
    0x0800e214   0x0800e214   0x00000ad0   Code   RO         1331    .text               lv_style.o
    0x0800ece4   0x0800ece4   0x00000194   Code   RO         1362    .text               lv_draw.o
    0x0800ee78   0x0800ee78   0x000005a8   Code   RO         1486    .text               lv_draw_arc.o
    0x0800f420   0x0800f420   0x00000dba   Code   RO         1498    .text               lv_draw_basic.o
    0x080101da   0x080101da   0x00000002   PAD
    0x080101dc   0x080101dc   0x00000ab0   Code   RO         1563    .text               lv_draw_img.o
    0x08010c8c   0x08010c8c   0x0000059c   Code   RO         1591    .text               lv_draw_label.o
    0x08011228   0x08011228   0x00001486   Code   RO         1620    .text               lv_draw_line.o
    0x080126ae   0x080126ae   0x00000002   PAD
    0x080126b0   0x080126b0   0x00002d2e   Code   RO         1635    .text               lv_draw_rect.o
    0x080153de   0x080153de   0x00000a42   Code   RO         1673    .text               lv_draw_triangle.o
    0x08015e20   0x08015e20   0x00000278   Code   RO         1685    .text               lv_img_cache.o
    0x08016098   0x08016098   0x00000a00   Code   RO         1740    .text               lv_img_decoder.o
    0x08016a98   0x08016a98   0x00000054   Code   RO         1812    .text               lv_font.o
    0x08016aec   0x08016aec   0x000006f8   Code   RO         1843    .text               lv_font_fmt_txt.o
    0x080171e4   0x080171e4   0x00000310   Code   RO         2370    .text               lv_hal_disp.o
    0x080174f4   0x080174f4   0x00000118   Code   RO         2463    .text               lv_hal_indev.o
    0x0801760c   0x0801760c   0x0000004c   Code   RO         2540    .text               lv_hal_tick.o
    0x08017658   0x08017658   0x00000538   Code   RO         2560    .text               lv_anim.o
    0x08017b90   0x08017b90   0x00000238   Code   RO         2652    .text               lv_area.o
    0x08017dc8   0x08017dc8   0x0000005c   Code   RO         2667    .text               lv_async.o
    0x08017e24   0x08017e24   0x00000062   Code   RO         2766    .text               lv_circ.o
    0x08017e86   0x08017e86   0x000002b2   Code   RO         2781    .text               lv_color.o
    0x08018138   0x08018138   0x000005c4   Code   RO         2796    .text               lv_fs.o
    0x080186fc   0x080186fc   0x0000007c   Code   RO         2840    .text               lv_gc.o
    0x08018778   0x08018778   0x00000378   Code   RO         2879    .text               lv_ll.o
    0x08018af0   0x08018af0   0x000001b4   Code   RO         2897    .text               lv_math.o
    0x08018ca4   0x08018ca4   0x00000304   Code   RO         2911    .text               lv_mem.o
    0x08018fa8   0x08018fa8   0x0000121c   Code   RO         2926    .text               lv_printf.o
    0x0801a1c4   0x0801a1c4   0x000003d0   Code   RO         2945    .text               lv_task.o
    0x0801a594   0x0801a594   0x000007d0   Code   RO         2977    .text               lv_txt.o
    0x0801ad64   0x0801ad64   0x000000d4   Code   RO         2999    .text               lv_utils.o
    0x0801ae38   0x0801ae38   0x000003f8   Code   RO         3014    .text               lv_arc.o
    0x0801b230   0x0801b230   0x00000858   Code   RO         3160    .text               lv_bar.o
    0x0801ba88   0x0801ba88   0x000006c0   Code   RO         3227    .text               lv_btn.o
    0x0801c148   0x0801c148   0x000013f2   Code   RO         3256    .text               lv_btnm.o
    0x0801d53a   0x0801d53a   0x00000002   PAD
    0x0801d53c   0x0801d53c   0x00001146   Code   RO         3277    .text               lv_calendar.o
    0x0801e682   0x0801e682   0x00000002   PAD
    0x0801e684   0x0801e684   0x0000054c   Code   RO         3410    .text               lv_cb.o
    0x0801ebd0   0x0801ebd0   0x00001c64   Code   RO         3451    .text               lv_chart.o
    0x08020834   0x08020834   0x00000d90   Code   RO         3492    .text               lv_cont.o
    0x080215c4   0x080215c4   0x000012ba   Code   RO         3564    .text               lv_ddlist.o
    0x0802287e   0x0802287e   0x00000002   PAD
    0x08022880   0x08022880   0x0000089c   Code   RO         3612    .text               lv_gauge.o
    0x0802311c   0x0802311c   0x00000690   Code   RO         3645    .text               lv_img.o
    0x080237ac   0x080237ac   0x00000794   Code   RO         3732    .text               lv_kb.o
    0x08023f40   0x08023f40   0x00001904   Code   RO         3763    .text               lv_label.o
    0x08025844   0x08025844   0x00000394   Code   RO         3798    .text               lv_led.o
    0x08025bd8   0x08025bd8   0x00000540   Code   RO         3830    .text               lv_line.o
    0x08026118   0x08026118   0x000011e0   Code   RO         3850    .text               lv_list.o
    0x080272f8   0x080272f8   0x00000640   Code   RO         3879    .text               lv_lmeter.o
    0x08027938   0x08027938   0x00000858   Code   RO         3921    .text               lv_mbox.o
    0x08028190   0x08028190   0x00001b04   Code   RO         3987    .text               lv_page.o
    0x08029c94   0x08029c94   0x00000620   Code   RO         4078    .text               lv_preload.o
    0x0802a2b4   0x0802a2b4   0x00000d68   Code   RO         4098    .text               lv_roller.o
    0x0802b01c   0x0802b01c   0x00000cac   Code   RO         4142    .text               lv_slider.o
    0x0802bcc8   0x0802bcc8   0x000005f6   Code   RO         4200    .text               lv_sw.o
    0x0802c2be   0x0802c2be   0x00000002   PAD
    0x0802c2c0   0x0802c2c0   0x000022f4   Code   RO         4220    .text               lv_ta.o
    0x0802e5b4   0x0802e5b4   0x00000f60   Code   RO         4255    .text               lv_table.o
    0x0802f514   0x0802f514   0x000018e4   Code   RO         4281    .text               lv_tabview.o
    0x08030df8   0x08030df8   0x00000a0a   Code   RO         4380    .text               lv_win.o
    0x08031802   0x08031802   0x00000002   PAD
    0x08031804   0x08031804   0x00000034   Code   RO         4430    .text               lv_theme.o
    0x08031838   0x08031838   0x000012d4   Code   RO         4563    .text               lv_theme_night.o
    0x08032b0c   0x08032b0c   0x00000a70   Code   RO         4613    .text               lv_test_theme_1.o
    0x0803357c   0x0803357c   0x00000002   Code   RO         4953    .text               c_w.l(use_no_semi_2.o)
    0x0803357e   0x0803357e   0x000000ee   Code   RO         4955    .text               c_w.l(lludivv7m.o)
    0x0803366c   0x0803366c   0x00000018   Code   RO         4959    .text               c_w.l(noretval__2printf.o)
    0x08033684   0x08033684   0x00000068   Code   RO         4961    .text               c_w.l(__printf.o)
    0x080336ec   0x080336ec   0x00000052   Code   RO         4963    .text               c_w.l(_printf_str.o)
    0x0803373e   0x0803373e   0x00000002   PAD
    0x08033740   0x08033740   0x00000078   Code   RO         4965    .text               c_w.l(_printf_dec.o)
    0x080337b8   0x080337b8   0x00000058   Code   RO         4970    .text               c_w.l(_printf_hex_int.o)
    0x08033810   0x08033810   0x00000048   Code   RO         5013    .text               c_w.l(strcpy.o)
    0x08033858   0x08033858   0x0000003e   Code   RO         5015    .text               c_w.l(strlen.o)
    0x08033896   0x08033896   0x0000008a   Code   RO         5017    .text               c_w.l(rt_memcpy_v6.o)
    0x08033920   0x08033920   0x00000064   Code   RO         5019    .text               c_w.l(rt_memcpy_w.o)
    0x08033984   0x08033984   0x00000044   Code   RO         5021    .text               c_w.l(rt_memclr.o)
    0x080339c8   0x080339c8   0x0000004e   Code   RO         5023    .text               c_w.l(rt_memclr_w.o)
    0x08033a16   0x08033a16   0x00000056   Code   RO         5025    .text               c_w.l(strncpy.o)
    0x08033a6c   0x08033a6c   0x00000080   Code   RO         5027    .text               c_w.l(strcmpv7m.o)
    0x08033aec   0x08033aec   0x00000006   Code   RO         5029    .text               c_w.l(heapauxi.o)
    0x08033af2   0x08033af2   0x00000002   Code   RO         5083    .text               c_w.l(use_no_semi.o)
    0x08033af4   0x08033af4   0x00000016   Code   RO         5090    .text               c_w.l(_rserrno.o)
    0x08033b0a   0x08033b0a   0x000000b2   Code   RO         5092    .text               c_w.l(_printf_intcommon.o)
    0x08033bbc   0x08033bbc   0x0000041e   Code   RO         5094    .text               c_w.l(_printf_fp_dec.o)
    0x08033fda   0x08033fda   0x0000002c   Code   RO         5096    .text               c_w.l(_printf_char.o)
    0x08034006   0x08034006   0x00000002   PAD
    0x08034008   0x08034008   0x00000024   Code   RO         5098    .text               c_w.l(_printf_char_file.o)
    0x0803402c   0x0803402c   0x00000008   Code   RO         5132    .text               c_w.l(rt_locale_intlibspace.o)
    0x08034034   0x08034034   0x00000008   Code   RO         5137    .text               c_w.l(rt_errno_addr_intlibspace.o)
    0x0803403c   0x0803403c   0x0000008a   Code   RO         5139    .text               c_w.l(lludiv10.o)
    0x080340c6   0x080340c6   0x00000002   PAD
    0x080340c8   0x080340c8   0x00000030   Code   RO         5141    .text               c_w.l(_printf_char_common.o)
    0x080340f8   0x080340f8   0x00000080   Code   RO         5143    .text               c_w.l(_printf_fp_infnan.o)
    0x08034178   0x08034178   0x000000e4   Code   RO         5145    .text               c_w.l(bigflt0.o)
    0x0803425c   0x0803425c   0x00000008   Code   RO         5170    .text               c_w.l(ferror.o)
    0x08034264   0x08034264   0x00000008   Code   RO         5181    .text               c_w.l(libspace.o)
    0x0803426c   0x0803426c   0x0000004a   Code   RO         5184    .text               c_w.l(sys_stackheap_outer.o)
    0x080342b6   0x080342b6   0x00000012   Code   RO         5188    .text               c_w.l(exit.o)
    0x080342c8   0x080342c8   0x0000003e   Code   RO         5148    CL$$btod_d2e        c_w.l(btod.o)
    0x08034306   0x08034306   0x00000046   Code   RO         5150    CL$$btod_d2e_denorm_low  c_w.l(btod.o)
    0x0803434c   0x0803434c   0x00000060   Code   RO         5149    CL$$btod_d2e_norm_op1  c_w.l(btod.o)
    0x080343ac   0x080343ac   0x00000338   Code   RO         5158    CL$$btod_div_common  c_w.l(btod.o)
    0x080346e4   0x080346e4   0x000000dc   Code   RO         5155    CL$$btod_e2e        c_w.l(btod.o)
    0x080347c0   0x080347c0   0x0000002a   Code   RO         5152    CL$$btod_ediv       c_w.l(btod.o)
    0x080347ea   0x080347ea   0x0000002a   Code   RO         5151    CL$$btod_emul       c_w.l(btod.o)
    0x08034814   0x08034814   0x00000244   Code   RO         5157    CL$$btod_mult_common  c_w.l(btod.o)
    0x08034a58   0x08034a58   0x00000030   Code   RO         5179    i.__ARM_fpclassify  m_wm.l(fpclassify.o)
    0x08034a88   0x08034a88   0x0000007a   Code   RO         5071    i.__hardfp_sqrt     m_wm.l(sqrt.o)
    0x08034b02   0x08034b02   0x00000002   PAD
    0x08034b04   0x08034b04   0x0000002c   Code   RO         5175    locale$$code        c_w.l(lc_numeric_c.o)
    0x08034b30   0x08034b30   0x00000018   Code   RO         5033    x$fpl$basic         fz_wm.l(basic.o)
    0x08034b48   0x08034b48   0x00000150   Code   RO         5035    x$fpl$dadd          fz_wm.l(daddsub_clz.o)
    0x08034c98   0x08034c98   0x00000018   Code   RO         5101    x$fpl$dcmpinf       fz_wm.l(dcmpi.o)
    0x08034cb0   0x08034cb0   0x000002b0   Code   RO         5042    x$fpl$ddiv          fz_wm.l(ddiv.o)
    0x08034f60   0x08034f60   0x00000078   Code   RO         5045    x$fpl$deqf          fz_wm.l(deqf.o)
    0x08034fd8   0x08034fd8   0x0000005e   Code   RO         5047    x$fpl$dfix          fz_wm.l(dfix.o)
    0x08035036   0x08035036   0x00000002   PAD
    0x08035038   0x08035038   0x0000005a   Code   RO         5051    x$fpl$dfixu         fz_wm.l(dfixu.o)
    0x08035092   0x08035092   0x0000002e   Code   RO         5056    x$fpl$dflt          fz_wm.l(dflt_clz.o)
    0x080350c0   0x080350c0   0x00000026   Code   RO         5055    x$fpl$dfltu         fz_wm.l(dflt_clz.o)
    0x080350e6   0x080350e6   0x00000002   PAD
    0x080350e8   0x080350e8   0x00000078   Code   RO         5061    x$fpl$dleqf         fz_wm.l(dleqf.o)
    0x08035160   0x08035160   0x00000154   Code   RO         5063    x$fpl$dmul          fz_wm.l(dmul.o)
    0x080352b4   0x080352b4   0x0000009c   Code   RO         5103    x$fpl$dnaninf       fz_wm.l(dnaninf.o)
    0x08035350   0x08035350   0x0000000c   Code   RO         5105    x$fpl$dretinf       fz_wm.l(dretinf.o)
    0x0803535c   0x0803535c   0x0000006c   Code   RO         5065    x$fpl$drleqf        fz_wm.l(drleqf.o)
    0x080353c8   0x080353c8   0x00000016   Code   RO         5036    x$fpl$drsb          fz_wm.l(daddsub_clz.o)
    0x080353de   0x080353de   0x00000002   PAD
    0x080353e0   0x080353e0   0x00000198   Code   RO         5107    x$fpl$dsqrt         fz_wm.l(dsqrt_umaal.o)
    0x08035578   0x08035578   0x000001d4   Code   RO         5037    x$fpl$dsub          fz_wm.l(daddsub_clz.o)
    0x0803574c   0x0803574c   0x00000056   Code   RO         5067    x$fpl$f2d           fz_wm.l(f2d.o)
    0x080357a2   0x080357a2   0x0000008c   Code   RO         5109    x$fpl$fnaninf       fz_wm.l(fnaninf.o)
    0x0803582e   0x0803582e   0x0000000a   Code   RO         5255    x$fpl$fpinit        fz_wm.l(fpinit.o)
    0x08035838   0x08035838   0x00000004   Code   RO         5069    x$fpl$printf1       fz_wm.l(printf1.o)
    0x0803583c   0x0803583c   0x00000000   Code   RO         5111    x$fpl$usenofp       fz_wm.l(usenofp.o)
    0x0803583c   0x0803583c   0x000017c0   Data   RO          513    .constdata          lcd.o
    0x08036ffc   0x08036ffc   0x000000c2   Data   RO          619    .constdata          gt9147.o
    0x080370be   0x080370be   0x0000000a   Data   RO          647    .constdata          ott2001a.o
    0x080370c8   0x080370c8   0x0000000a   Data   RO          671    .constdata          ft5206.o
    0x080370d2   0x080370d2   0x00000002   PAD
    0x080370d4   0x080370d4   0x00000004   Data   RO          695    .constdata          touch.o
    0x080370d8   0x080370d8   0x0000001c   Data   RO          871    .constdata          stm32f4xx_fsmc.o
    0x080370f4   0x080370f4   0x00000011   Data   RO          974    .constdata          lv_debug.o
    0x08037105   0x08037105   0x00000003   PAD
    0x08037108   0x08037108   0x0000002e   Data   RO         1116    .constdata          lv_group.o
    0x08037136   0x08037136   0x00000002   PAD
    0x08037138   0x08037138   0x00000016   Data   RO         1333    .constdata          lv_style.o
    0x0803714e   0x0803714e   0x00000024   Data   RO         1363    .constdata          lv_draw.o
    0x08037172   0x08037172   0x00000011   Data   RO         1636    .constdata          lv_draw_rect.o
    0x08037183   0x08037183   0x00000001   PAD
    0x08037184   0x08037184   0x000033e8   Data   RO         2211    .constdata          lv_font_roboto_16.o
    0x0803a56c   0x0803a56c   0x00000002   Data   RO         2371    .constdata          lv_hal_disp.o
    0x0803a56e   0x0803a56e   0x000000b6   Data   RO         2898    .constdata          lv_math.o
    0x0803a624   0x0803a624   0x00000004   PAD
    0x0803a628   0x0803a628   0x00000050   Data   RO         2927    .constdata          lv_printf.o
    0x0803a678   0x0803a678   0x00000002   Data   RO         3613    .constdata          lv_gauge.o
    0x0803a67a   0x0803a67a   0x00000112   Data   RO         3733    .constdata          lv_kb.o
    0x0803a78c   0x0803a78c   0x00000002   Data   RO         4565    .constdata          lv_theme_night.o
    0x0803a78e   0x0803a78e   0x00000002   PAD
    0x0803a790   0x0803a790   0x00000002   Data   RO         4615    .constdata          lv_test_theme_1.o
    0x0803a792   0x0803a792   0x00000028   Data   RO         4971    .constdata          c_w.l(_printf_hex_int.o)
    0x0803a7ba   0x0803a7ba   0x00000002   PAD
    0x0803a7bc   0x0803a7bc   0x00000094   Data   RO         5146    .constdata          c_w.l(bigflt0.o)
    0x0803a850   0x0803a850   0x00000079   Data   RO          696    .conststring        touch.o
    0x0803a8c9   0x0803a8c9   0x00000003   PAD
    0x0803a8cc   0x0803a8cc   0x0000002d   Data   RO         3257    .conststring        lv_btnm.o
    0x0803a8f9   0x0803a8f9   0x00000003   PAD
    0x0803a8fc   0x0803a8fc   0x00000085   Data   RO         3278    .conststring        lv_calendar.o
    0x0803a981   0x0803a981   0x00000003   PAD
    0x0803a984   0x0803a984   0x00000188   Data   RO         3734    .conststring        lv_kb.o
    0x0803ab0c   0x0803ab0c   0x00000215   Data   RO         4616    .conststring        lv_test_theme_1.o
    0x0803ad21   0x0803ad21   0x00000003   PAD
    0x0803ad24   0x0803ad24   0x00000020   Data   RO         5320    Region$$Table       anon$$obj.o
    0x0803ad44   0x0803ad44   0x0000001c   Data   RO         5174    locale$$data        c_w.l(lc_numeric_c.o)


    Execution Region RW_IRAM1 (Exec base: 0x20000000, Load base: 0x0803ad60, Size: 0x0000e3a0, Max: 0x00020000, ABSOLUTE, COMPRESSED[0x00000248])

    Exec Addr    Load Addr    Size         Type   Attr      Idx    E Section Name        Object

    0x20000000   COMPRESSED   0x00000004   Data   RW            5    .data               main.o
    0x20000004   COMPRESSED   0x00000014   Data   RW          486    .data               system_stm32f4xx.o
    0x20000018   COMPRESSED   0x00000004   Data   RW          514    .data               lcd.o
    0x2000001c   COMPRESSED   0x00000001   Data   RW          620    .data               gt9147.o
    0x2000001d   COMPRESSED   0x00000001   Data   RW          648    .data               ott2001a.o
    0x2000001e   COMPRESSED   0x00000001   Data   RW          672    .data               ft5206.o
    0x2000001f   COMPRESSED   0x00000001   PAD
    0x20000020   COMPRESSED   0x00000036   Data   RW          697    .data               touch.o
    0x20000056   COMPRESSED   0x00000004   Data   RW          753    .data               delay.o
    0x2000005a   COMPRESSED   0x00000002   PAD
    0x2000005c   COMPRESSED   0x00000006   Data   RW          794    .data               usart.o
    0x20000062   COMPRESSED   0x00000010   Data   RW          894    .data               stm32f4xx_rcc.o
    0x20000072   COMPRESSED   0x00000002   PAD
    0x20000074   COMPRESSED   0x00000008   Data   RW         1191    .data               lv_indev.o
    0x2000007c   COMPRESSED   0x0000000c   Data   RW         1220    .data               lv_obj.o
    0x20000088   COMPRESSED   0x00000008   Data   RW         1305    .data               lv_refr.o
    0x20000090   COMPRESSED   0x00000024   Data   RW         1364    .data               lv_draw.o
    0x200000b4   COMPRESSED   0x00000002   Data   RW         1500    .data               lv_draw_basic.o
    0x200000b6   COMPRESSED   0x00000002   Data   RW         1686    .data               lv_img_cache.o
    0x200000b8   COMPRESSED   0x00000010   Data   RW         1844    .data               lv_font_fmt_txt.o
    0x200000c8   COMPRESSED   0x0000002c   Data   RW         2212    .data               lv_font_roboto_16.o
    0x200000f4   COMPRESSED   0x00000004   Data   RW         2372    .data               lv_hal_disp.o
    0x200000f8   COMPRESSED   0x00000005   Data   RW         2541    .data               lv_hal_tick.o
    0x200000fd   COMPRESSED   0x00000003   PAD
    0x20000100   COMPRESSED   0x00000005   Data   RW         2561    .data               lv_anim.o
    0x20000105   COMPRESSED   0x00000003   PAD
    0x20000108   COMPRESSED   0x0000000c   Data   RW         2842    .data               lv_gc.o
    0x20000114   COMPRESSED   0x00000008   Data   RW         2913    .data               lv_mem.o
    0x2000011c   COMPRESSED   0x00000014   Data   RW         2946    .data               lv_task.o
    0x20000130   COMPRESSED   0x00000020   Data   RW         2978    .data               lv_txt.o
    0x20000150   COMPRESSED   0x00000008   Data   RW         3015    .data               lv_arc.o
    0x20000158   COMPRESSED   0x00000008   Data   RW         3161    .data               lv_bar.o
    0x20000160   COMPRESSED   0x00000008   Data   RW         3228    .data               lv_btn.o
    0x20000168   COMPRESSED   0x00000024   Data   RW         3258    .data               lv_btnm.o
    0x2000018c   COMPRESSED   0x00000054   Data   RW         3279    .data               lv_calendar.o
    0x200001e0   COMPRESSED   0x0000000c   Data   RW         3411    .data               lv_cb.o
    0x200001ec   COMPRESSED   0x00000008   Data   RW         3452    .data               lv_chart.o
    0x200001f4   COMPRESSED   0x00000004   Data   RW         3493    .data               lv_cont.o
    0x200001f8   COMPRESSED   0x0000000c   Data   RW         3565    .data               lv_ddlist.o
    0x20000204   COMPRESSED   0x00000008   Data   RW         3614    .data               lv_gauge.o
    0x2000020c   COMPRESSED   0x00000004   Data   RW         3646    .data               lv_img.o
    0x20000210   COMPRESSED   0x00000268   Data   RW         3735    .data               lv_kb.o
    0x20000478   COMPRESSED   0x00000004   Data   RW         3764    .data               lv_label.o
    0x2000047c   COMPRESSED   0x00000008   Data   RW         3799    .data               lv_led.o
    0x20000484   COMPRESSED   0x00000004   Data   RW         3831    .data               lv_line.o
    0x20000488   COMPRESSED   0x00000010   Data   RW         3851    .data               lv_list.o
    0x20000498   COMPRESSED   0x00000004   Data   RW         3880    .data               lv_lmeter.o
    0x2000049c   COMPRESSED   0x00000004   Data   RW         3922    .data               lv_mbox.o
    0x200004a0   COMPRESSED   0x00000008   Data   RW         3988    .data               lv_page.o
    0x200004a8   COMPRESSED   0x00000008   Data   RW         4079    .data               lv_preload.o
    0x200004b0   COMPRESSED   0x00000008   Data   RW         4099    .data               lv_roller.o
    0x200004b8   COMPRESSED   0x00000008   Data   RW         4143    .data               lv_slider.o
    0x200004c0   COMPRESSED   0x00000004   Data   RW         4201    .data               lv_sw.o
    0x200004c4   COMPRESSED   0x00000014   Data   RW         4221    .data               lv_ta.o
    0x200004d8   COMPRESSED   0x00000008   Data   RW         4256    .data               lv_table.o
    0x200004e0   COMPRESSED   0x00000010   Data   RW         4283    .data               lv_tabview.o
    0x200004f0   COMPRESSED   0x00000004   Data   RW         4381    .data               lv_win.o
    0x200004f4   COMPRESSED   0x00000004   Data   RW         4431    .data               lv_theme.o
    0x200004f8   COMPRESSED   0x00000008   Data   RW         4566    .data               lv_theme_night.o
    0x20000500   COMPRESSED   0x00000038   Data   RW         4617    .data               lv_test_theme_1.o
    0x20000538        -       0x00003e9c   Zero   RW            4    .bss                main.o
    0x200043d4        -       0x0000000e   Zero   RW          512    .bss                lcd.o
    0x200043e2        -       0x000000c8   Zero   RW          793    .bss                usart.o
    0x200044aa   COMPRESSED   0x00000002   PAD
    0x200044ac        -       0x00000340   Zero   RW         1332    .bss                lv_style.o
    0x200047ec        -       0x00000640   Zero   RW         1499    .bss                lv_draw_basic.o
    0x20004e2c        -       0x00000060   Zero   RW         2841    .bss                lv_gc.o
    0x20004e8c        -       0x00008000   Zero   RW         2912    .bss                lv_mem.o
    0x2000ce8c        -       0x00000e70   Zero   RW         4564    .bss                lv_theme_night.o
    0x2000dcfc        -       0x00000040   Zero   RW         4614    .bss                lv_test_theme_1.o
    0x2000dd3c        -       0x00000060   Zero   RW         5182    .bss                c_w.l(libspace.o)
    0x2000dd9c   COMPRESSED   0x00000004   PAD
    0x2000dda0        -       0x00000200   Zero   RW          822    HEAP                startup_stm32f40_41xxx.o
    0x2000dfa0        -       0x00000400   Zero   RW          821    STACK               startup_stm32f40_41xxx.o


==============================================================================

Image component sizes


      Code (inc. data)   RO Data    RW Data    ZI Data      Debug   Object Name

       378          0          0          0          0       2814   24cxx.o
       596         24          0          0          0       2085   ctiic.o
       260          8          0          4          0       1477   delay.o
       812         40         10          1          0       2531   ft5206.o
      1096         78        194          1          0       3090   gt9147.o
     19584        174       6080          4         14      22866   lcd.o
      1336         32          0          5          0      11773   lv_anim.o
      1016         64          0          8          0      35446   lv_arc.o
       568          0          0          0          0       4505   lv_area.o
        92          6          0          0          0       3952   lv_async.o
      2136         82          0          8          0      21186   lv_bar.o
         0          0          0          0          0       7116   lv_bidi.o
      1728         88          0          8          0      14674   lv_btn.o
      5106        110         45         36          0      16381   lv_btnm.o
      4422        114        133         84          0      29980   lv_calendar.o
         0          0          0          0          0       7306   lv_canvas.o
      1356         98          0         12          0      20543   lv_cb.o
      7268         88          0          8          0      35574   lv_chart.o
        98          0          0          0          0       1353   lv_circ.o
       690          6          0          0          0       7210   lv_color.o
      3472         60          0          4          0      15950   lv_cont.o
      4794        142          0         12          0      27514   lv_ddlist.o
       448          8         17          0          0      25840   lv_debug.o
       274          0          0          0          0      23441   lv_disp.o
       404         28         36         36          0      22341   lv_draw.o
      1448         18          0          0          0       3682   lv_draw_arc.o
      3514         32          0          2       1600      25863   lv_draw_basic.o
      2736         84          0          0          0      20218   lv_draw_img.o
      1436         24          0          0          0      13562   lv_draw_label.o
      5254          0          0          0          0       6599   lv_draw_line.o
     11566         16         17          0          0      22845   lv_draw_rect.o
      2626          0          0          0          0       4839   lv_draw_triangle.o
        84          0          0          0          0       6641   lv_font.o
      1784         66          0         16          0       9567   lv_font_fmt_txt.o
         0          0          0          0          0       1724   lv_font_roboto_12.o
         0          0      13288         44          0       2092   lv_font_roboto_16.o
      1476         30          0          0          0      10596   lv_fs.o
      2204         76          2          8          0       9752   lv_gauge.o
       124         44          0         12         96       8386   lv_gc.o
      2232         54         46          0          0      27873   lv_group.o
       784         36          2          4          0      29286   lv_hal_disp.o
       280         24          0          0          0      25304   lv_hal_indev.o
        76         10          0          5          0       1588   lv_hal_tick.o
      1680         60          0          4          0       6825   lv_img.o
       632         30          0          2          0      14848   lv_img_cache.o
      2560         48          0          0          0      19466   lv_img_decoder.o
      5164         36          0          8          0      14250   lv_indev.o
      1940        156        666        616          0      11146   lv_kb.o
      6404        160          0          4          0      27559   lv_label.o
       916         62          0          8          0      15615   lv_led.o
      1344         62          0          4          0       5470   lv_line.o
      4576        160          0         16          0      20972   lv_list.o
       888          0          0          0          0       5770   lv_ll.o
      1600         62          0          4          0      25774   lv_lmeter.o
       436          4        182          0          0       2535   lv_math.o
      2136        110          0          4          0      23997   lv_mbox.o
       772         12          0          8      32768       4297   lv_mem.o
      8744        166          0         12          0      41485   lv_obj.o
      6916        140          0          8          0      47381   lv_page.o
      1568         82          0          8          0       6846   lv_preload.o
      4636        208         80          0          0      10799   lv_printf.o
      2036         14          0          8          0       6817   lv_refr.o
      3432         86          0          8          0      28753   lv_roller.o
      3244         64          0          8          0       9780   lv_slider.o
      2768        106         22          0        832      11545   lv_style.o
      1526         48          0          4          0       7239   lv_sw.o
      8948        268          0         20          0      35762   lv_ta.o
      3936         86          0          8          0      19402   lv_table.o
      6372        152          0         16          0      23258   lv_tabview.o
       976         58          0         20          0       4840   lv_task.o
      2672        422        535         56         64      41216   lv_test_theme_1.o
        52          6          0          4          0      29150   lv_theme.o
      4820        380          2          8       3696      25411   lv_theme_night.o
      2000         34          0         32          0      11115   lv_txt.o
       212          0          0          0          0       1579   lv_utils.o
      2570        100          0          4          0      23787   lv_win.o
       316         24          0          4      16028     319168   main.o
       224         20          0          0          0       1813   misc.o
       604         14          0          0          0       1920   myiic.o
       904         66         10          1          0       2747   ott2001a.o
        64         26        392          0       1536        832   startup_stm32f40_41xxx.o
      1480         18         28          0          0       5642   stm32f4xx_fsmc.o
       660         44          0          0          0       4153   stm32f4xx_gpio.o
        26          0          0          0          0       1222   stm32f4xx_it.o
      1628         52          0         16          0      13028   stm32f4xx_rcc.o
      3234         60          0          0          0      23012   stm32f4xx_tim.o
      1108         34          0          0          0       7880   stm32f4xx_usart.o
       528         46          0         20          0       1771   system_stm32f4xx.o
       124          6          0          0          0       1348   timer.o
      4356        342        125         54          0       6869   touch.o
       328         16          0          6        200       3298   usart.o

    ----------------------------------------------------------------------
    209640       5914      21970       1336      56836    1576757   Object Totals
         0          0         32          0          0          0   (incl. Generated)
        22          0         26         11          2          0   (incl. Padding)

    ----------------------------------------------------------------------

      Code (inc. data)   RO Data    RW Data    ZI Data      Debug   Library Member Name

        90          0          0          0          0          0   __dczerorl2.o
         8          0          0          0          0         68   __main.o
       104          0          0          0          0         84   __printf.o
         0          0          0          0          0          0   __rtentry.o
        12          0          0          0          0          0   __rtentry2.o
         6          0          0          0          0          0   __rtentry4.o
        52          8          0          0          0          0   __scatter.o
        28          0          0          0          0          0   __scatter_zi.o
        44          0          0          0          0        108   _printf_char.o
        48          6          0          0          0         96   _printf_char_common.o
        36          4          0          0          0         80   _printf_char_file.o
         6          0          0          0          0          0   _printf_d.o
       120         16          0          0          0         92   _printf_dec.o
         6          0          0          0          0          0   _printf_f.o
      1054          0          0          0          0        216   _printf_fp_dec.o
       128         16          0          0          0         84   _printf_fp_infnan.o
        88          4         40          0          0         88   _printf_hex_int.o
       178          0          0          0          0         88   _printf_intcommon.o
         0          0          0          0          0          0   _printf_percent.o
         4          0          0          0          0          0   _printf_percent_end.o
         6          0          0          0          0          0   _printf_s.o
        82          0          0          0          0         80   _printf_str.o
         6          0          0          0          0          0   _printf_x.o
        22          0          0          0          0        100   _rserrno.o
       228          4        148          0          0         96   bigflt0.o
      1936        128          0          0          0        672   btod.o
        18          0          0          0          0         80   exit.o
         8          0          0          0          0         68   ferror.o
         6          0          0          0          0        152   heapauxi.o
        44         10         28          0          0         76   lc_numeric_c.o
         2          0          0          0          0          0   libinit.o
        22          0          0          0          0          0   libinit2.o
         2          0          0          0          0          0   libshutdown.o
         2          0          0          0          0          0   libshutdown2.o
         8          4          0          0         96         68   libspace.o
       138          0          0          0          0         80   lludiv10.o
       238          0          0          0          0        100   lludivv7m.o
        24          4          0          0          0         84   noretval__2printf.o
         8          4          0          0          0         68   rt_errno_addr_intlibspace.o
         8          4          0          0          0         68   rt_locale_intlibspace.o
        68          0          0          0          0         68   rt_memclr.o
        78          0          0          0          0         80   rt_memclr_w.o
       138          0          0          0          0         68   rt_memcpy_v6.o
       100          0          0          0          0         80   rt_memcpy_w.o
         2          0          0          0          0          0   rtexit.o
        10          0          0          0          0          0   rtexit2.o
       128          0          0          0          0         68   strcmpv7m.o
        72          0          0          0          0         80   strcpy.o
        62          0          0          0          0         76   strlen.o
        86          0          0          0          0         76   strncpy.o
        74          0          0          0          0         80   sys_stackheap_outer.o
         2          0          0          0          0         68   use_no_semi.o
         2          0          0          0          0         68   use_no_semi_2.o
        24          0          0          0          0        164   basic.o
       826         16          0          0          0        492   daddsub_clz.o
        24          0          0          0          0        116   dcmpi.o
       688        140          0          0          0        256   ddiv.o
       120          4          0          0          0        140   deqf.o
        94          4          0          0          0        140   dfix.o
        90          4          0          0          0        140   dfixu.o
        84          0          0          0          0        232   dflt_clz.o
       120          4          0          0          0        140   dleqf.o
       340         12          0          0          0        152   dmul.o
       156          4          0          0          0        140   dnaninf.o
        12          0          0          0          0        116   dretinf.o
       108          0          0          0          0        128   drleqf.o
       408         56          0          0          0        168   dsqrt_umaal.o
        86          4          0          0          0        132   f2d.o
       140          4          0          0          0        132   fnaninf.o
        10          0          0          0          0        116   fpinit.o
         4          0          0          0          0        116   printf1.o
         0          0          0          0          0          0   usenofp.o
        48          0          0          0          0        124   fpclassify.o
       122          0          0          0          0        148   sqrt.o

    ----------------------------------------------------------------------
      9164        464        218          0        100       6900   Library Totals
        18          0          2          0          4          0   (incl. Padding)

    ----------------------------------------------------------------------

      Code (inc. data)   RO Data    RW Data    ZI Data      Debug   Library Name

      5642        212        216          0         96       3608   c_w.l
      3334        252          0          0          0       3020   fz_wm.l
       170          0          0          0          0        272   m_wm.l

    ----------------------------------------------------------------------
      9164        464        218          0        100       6900   Library Totals

    ----------------------------------------------------------------------

==============================================================================


      Code (inc. data)   RO Data    RW Data    ZI Data      Debug   

    218804       6378      22188       1336      56936    1565229   Grand Totals
    218804       6378      22188        584      56936    1565229   ELF Image Totals (compressed)
    218804       6378      22188        584          0          0   ROM Totals

==============================================================================

    Total RO  Size (Code + RO Data)               240992 ( 235.34kB)
    Total RW  Size (RW Data + ZI Data)             58272 (  56.91kB)
    Total ROM Size (Code + RO Data + RW Data)     241576 ( 235.91kB)

==============================================================================

